W/ActivityManager(  502): Unable to start service Intent { act=com.google.android.gms.analytics.service.START cmp=com.google.android.gms/.analytics.service.AnalyticsService (has extras) } U=0: not found
D/dalvikvm(  708): GC_EXPLICIT freed 25K, 13% free 8885K/10180K, paused 2ms+7ms, total 64ms
D/BrutaalEngels( 5208): 2014-02-27 13:30:12.176 BrutaalEngels[5208:277a] -[YYSQLiteDatabase performQuery:] SQL error in query: SELECT * FROM Locations WHERE id == 1 
D/BrutaalEngels( 5208):  'no such table: Locations' (1)
D/BrutaalEngels( 5208): 2014-02-27 13:30:12.176 BrutaalEngels[5208:277a] [WARNING] Location with id: 1 not found, something is probably not right!
D/BrutaalEngels( 5208): 2014-02-27 13:30:12.176 BrutaalEngels[5208:277a] -[YYSQLiteDatabase performQuery:] SQL error in query: SELECT * FROM LocationStates WHERE locationID==0 AND userID==0 
D/BrutaalEngels( 5208):  'no such table: LocationStates' (1)
D/BrutaalEngels( 5208): 2014-02-27 13:30:12.176 BrutaalEngels[5208:277a] -[YYSQLiteDatabase insertWithQuery:] SQL error in query: INSERT INTO LocationStates(locationID, userID, unlocked,completionState) VALUES('0',0,'0',-1) 
D/BrutaalEngels( 5208):  'no such table: LocationStates' (1)
D/BrutaalEngels( 5208): 2014-02-27 13:30:12.177 BrutaalEngels[5208:277a] -[YYSQLiteDatabase performQuery:] SQL error in query: SELECT * FROM LocationStates WHERE id == 0 
D/BrutaalEngels( 5208):  'no such table: LocationStates' (1)
D/BrutaalEngels( 5208): 2014-02-27 13:30:12.177 BrutaalEngels[5208:277a] -[YYSQLiteDatabase performQuery:] SQL error in query: SELECT * FROM Locations WHERE id == 0 
D/BrutaalEngels( 5208):  'no such table: Locations' (1)
D/BrutaalEngels( 5208): 2014-02-27 13:30:12.177 BrutaalEngels[5208:277a] [WARNING] Location with id: 0 not found, something is probably not right!
D/BrutaalEngels( 5208): 2014-02-27 13:30:12.177 BrutaalEngels[5208:277a] -[YYSQLiteDatabase insertWithQuery:] SQL error in query: INSERT INTO LocationStates(locationID, userID, unlocked,completionState) VALUES('0',0,'1',0) 
D/BrutaalEngels( 5208):  'no such table: LocationStates' (1)
D/BrutaalEngels( 5208): 2014-02-27 13:30:12.178 BrutaalEngels[5208:277a] -[YYSQLiteDatabase performQuery:] SQL error in query: SELECT * FROM LocationStates WHERE id == 0 
D/BrutaalEngels( 5208):  'no such table: LocationStates' (1)
D/BrutaalEngels( 5208): 2014-02-27 13:30:12.178 BrutaalEngels[5208:277a] -[YYSQLiteDatabase performQuery:] SQL error in query: SELECT * FROM Locations WHERE id == 2 
D/BrutaalEngels( 5208):  'no such table: Locations' (1)
D/BrutaalEngels( 5208): 2014-02-27 13:30:12.178 BrutaalEngels[5208:277a] [WARNING] Location with id: 2 not found, something is probably not right!
D/BrutaalEngels( 5208): 2014-02-27 13:30:12.178 BrutaalEngels[5208:277a] -[YYSQLiteDatabase performQuery:] SQL error in query: SELECT * FROM LocationStates WHERE locationID==0 AND userID==0 
D/BrutaalEngels( 5208):  'no such table: LocationStates' (1)
D/BrutaalEngels( 5208): 2014-02-27 13:30:12.179 BrutaalEngels[5208:277a] -[YYSQLiteDatabase insertWithQuery:] SQL error in query: INSERT INTO LocationStates(locationID, userID, unlocked,completionState) VALUES('0',0,'0',-1) 
D/BrutaalEngels( 5208):  'no such table: LocationStates' (1)
D/BrutaalEngels( 5208): 2014-02-27 13:30:12.179 BrutaalEngels[5208:277a] -[YYSQLiteDatabase performQuery:] SQL error in query: SELECT * FROM LocationStates WHERE id == 0 
D/BrutaalEngels( 5208):  'no such table: LocationStates' (1)
D/BrutaalEngels( 5208): 2014-02-27 13:30:12.179 BrutaalEngels[5208:277a] -[YYSQLiteDatabase performQuery:] SQL error in query: SELECT * FROM Locations WHERE id == 0 
D/BrutaalEngels( 5208):  'no such table: Locations' (1)
D/BrutaalEngels( 5208): 2014-02-27 13:30:12.179 BrutaalEngels[5208:277a] [WARNING] Location with id: 0 not found, something is probably not right!
D/BrutaalEngels( 5208): 2014-02-27 13:30:12.180 BrutaalEngels[5208:277a] -[YYSQLiteDatabase insertWithQuery:] SQL error in query: INSERT INTO LocationStates(locationID, userID, unlocked,completionState) VALUES('0',0,'1',0) 
D/BrutaalEngels( 5208):  'no such table: LocationStates' (1)
D/BrutaalEngels( 5208): 2014-02-27 13:30:12.180 BrutaalEngels[5208:277a] -[YYSQLiteDatabase performQuery:] SQL error in query: SELECT * FROM LocationStates WHERE id == 0 
D/BrutaalEngels( 5208):  'no such table: LocationStates' (1)
D/BrutaalEngels( 5208): 2014-02-27 13:30:12.181 BrutaalEngels[5208:277a] -[YYSQLiteDatabase performQuery:] SQL error in query: SELECT * FROM Locations WHERE id == 3 
D/BrutaalEngels( 5208):  'no such table: Locations' (1)
D/BrutaalEngels( 5208): 2014-02-27 13:30:12.181 BrutaalEngels[5208:277a] [WARNING] Location with id: 3 not found, something is probably not right!
D/BrutaalEngels( 5208): 2014-02-27 13:30:12.181 BrutaalEngels[5208:277a] -[YYSQLiteDatabase performQuery:] SQL error in query: SELECT * FROM LocationStates WHERE locationID==0 AND userID==0 
D/BrutaalEngels( 5208):  'no such table: LocationStates' (1)
D/BrutaalEngels( 5208): 2014-02-27 13:30:12.181 BrutaalEngels[5208:277a] -[YYSQLiteDatabase insertWithQuery:] SQL error in query: INSERT INTO LocationStates(locationID, userID, unlocked,completionState) VALUES('0',0,'0',-1) 
D/BrutaalEngels( 5208):  'no such table: LocationStates' (1)
D/BrutaalEngels( 5208): 2014-02-27 13:30:12.181 BrutaalEngels[5208:277a] -[YYSQLiteDatabase performQuery:] SQL error in query: SELECT * FROM LocationStates WHERE id == 0 
D/BrutaalEngels( 5208):  'no such table: LocationStates' (1)
D/BrutaalEngels( 5208): 2014-02-27 13:30:12.182 BrutaalEngels[5208:277a] -[YYSQLiteDatabase performQuery:] SQL error in query: SELECT * FROM Locations WHERE id == 0 
D/BrutaalEngels( 5208):  'no such table: Locations' (1)
D/BrutaalEngels( 5208): 2014-02-27 13:30:12.182 BrutaalEngels[5208:277a] [WARNING] Location with id: 0 not found, something is probably not right!
D/BrutaalEngels( 5208): 2014-02-27 13:30:12.182 BrutaalEngels[5208:277a] -[YYSQLiteDatabase insertWithQuery:] SQL error in query: INSERT INTO LocationStates(locationID, userID, unlocked,completionState) VALUES('0',0,'1',0) 
D/BrutaalEngels( 5208):  'no such table: LocationStates' (1)
D/BrutaalEngels( 5208): 2014-02-27 13:30:12.182 BrutaalEngels[5208:277a] -[YYSQLiteDatabase performQuery:] SQL error in query: SELECT * FROM LocationStates WHERE id == 0 
D/BrutaalEngels( 5208):  'no such table: LocationStates' (1)
D/BrutaalEngels( 5208): 2014-02-27 13:30:15.778 BrutaalEngels[5208:277a] -[YYSQLiteDatabase performQuery:] SQL error in query: SELECT * FROM Locations WHERE id == 4 
D/BrutaalEngels( 5208):  'no such table: Locations' (1)
D/BrutaalEngels( 5208): 2014-02-27 13:30:15.778 BrutaalEngels[5208:277a] [WARNING] Location with id: 4 not found, something is probably not right!
D/BrutaalEngels( 5208): 2014-02-27 13:30:15.779 BrutaalEngels[5208:277a] -[YYSQLiteDatabase performQuery:] SQL error in query: SELECT * FROM LocationStates WHERE locationID==0 AND userID==0 
D/BrutaalEngels( 5208):  'no such table: LocationStates' (1)
D/BrutaalEngels( 5208): 2014-02-27 13:30:15.779 BrutaalEngels[5208:277a] -[YYSQLiteDatabase insertWithQuery:] SQL error in query: INSERT INTO LocationStates(locationID, userID, unlocked,completionState) VALUES('0',0,'0',-1) 
D/BrutaalEngels( 5208):  'no such table: LocationStates' (1)
D/BrutaalEngels( 5208): 2014-02-27 13:30:15.780 BrutaalEngels[5208:277a] -[YYSQLiteDatabase performQuery:] SQL error in query: SELECT * FROM LocationStates WHERE id == 0 
D/BrutaalEngels( 5208):  'no such table: LocationStates' (1)
D/BrutaalEngels( 5208): 2014-02-27 13:30:15.780 BrutaalEngels[5208:277a] -[YYSQLiteDatabase performQuery:] SQL error in query: SELECT * FROM Locations WHERE id == 0 
D/BrutaalEngels( 5208):  'no such table: Locations' (1)
D/BrutaalEngels( 5208): 2014-02-27 13:30:15.780 BrutaalEngels[5208:277a] [WARNING] Location with id: 0 not found, something is probably not right!
D/BrutaalEngels( 5208): 2014-02-27 13:30:15.780 BrutaalEngels[5208:277a] -[YYSQLiteDatabase insertWithQuery:] SQL error in query: INSERT INTO LocationStates(locationID, userID, unlocked,completionState) VALUES('0',0,'1',0) 
D/BrutaalEngels( 5208):  'no such table: LocationStates' (1)
D/BrutaalEngels( 5208): 2014-02-27 13:30:15.780 BrutaalEngels[5208:277a] -[YYSQLiteDatabase performQuery:] SQL error in query: SELECT * FROM LocationStates WHERE id == 0 
D/BrutaalEngels( 5208):  'no such table: LocationStates' (1)
D/BrutaalEngels( 5208): 2014-02-27 13:30:15.781 BrutaalEngels[5208:277a] -[YYSQLiteDatabase performQuery:] SQL error in query: SELECT * FROM Locations WHERE id == 5 
D/BrutaalEngels( 5208):  'no such table: Locations' (1)
D/BrutaalEngels( 5208): 2014-02-27 13:30:15.781 BrutaalEngels[5208:277a] [WARNING] Location with id: 5 not found, something is probably not right!
D/BrutaalEngels( 5208): 2014-02-27 13:30:15.781 BrutaalEngels[5208:277a] -[YYSQLiteDatabase performQuery:] SQL error in query: SELECT * FROM LocationStates WHERE locationID==0 AND userID==0 
D/BrutaalEngels( 5208):  'no such table: LocationStates' (1)
D/BrutaalEngels( 5208): 2014-02-27 13:30:15.782 BrutaalEngels[5208:277a] -[YYSQLiteDatabase insertWithQuery:] SQL error in query: INSERT INTO LocationStates(locationID, userID, unlocked,completionState) VALUES('0',0,'0',-1) 
D/BrutaalEngels( 5208):  'no such table: LocationStates' (1)
D/BrutaalEngels( 5208): 2014-02-27 13:30:15.782 BrutaalEngels[5208:277a] -[YYSQLiteDatabase performQuery:] SQL error in query: SELECT * FROM LocationStates WHERE id == 0 
D/BrutaalEngels( 5208):  'no such table: LocationStates' (1)
D/BrutaalEngels( 5208): 2014-02-27 13:30:15.782 BrutaalEngels[5208:277a] -[YYSQLiteDatabase performQuery:] SQL error in query: SELECT * FROM Locations WHERE id == 0 
D/BrutaalEngels( 5208):  'no such table: Locations' (1)
D/BrutaalEngels( 5208): 2014-02-27 13:30:15.782 BrutaalEngels[5208:277a] [WARNING] Location with id: 0 not found, something is probably not right!
D/BrutaalEngels( 5208): 2014-02-27 13:30:15.782 BrutaalEngels[5208:277a] -[YYSQLiteDatabase insertWithQuery:] SQL error in query: INSERT INTO LocationStates(locationID, userID, unlocked,completionState) VALUES('0',0,'1',0) 
D/BrutaalEngels( 5208):  'no such table: LocationStates' (1)
D/BrutaalEngels( 5208): 2014-02-27 13:30:15.783 BrutaalEngels[5208:277a] -[YYSQLiteDatabase performQuery:] SQL error in query: SELECT * FROM LocationStates WHERE id == 0 
D/BrutaalEngels( 5208):  'no such table: LocationStates' (1)
D/BrutaalEngels( 5208): 2014-02-27 13:30:15.783 BrutaalEngels[5208:277a] -[YYSQLiteDatabase performQuery:] SQL error in query: SELECT * FROM Locations WHERE id == 6 
D/BrutaalEngels( 5208):  'no such table: Locations' (1)
D/BrutaalEngels( 5208): 2014-02-27 13:30:15.783 BrutaalEngels[5208:277a] [WARNING] Location with id: 6 not found, something is probably not right!
D/BrutaalEngels( 5208): 2014-02-27 13:30:15.783 BrutaalEngels[5208:277a] -[YYSQLiteDatabase performQuery:] SQL error in query: SELECT * FROM LocationStates WHERE locationID==0 AND userID==0 
D/BrutaalEngels( 5208):  'no such table: LocationStates' (1)
D/BrutaalEngels( 5208): 2014-02-27 13:30:15.784 BrutaalEngels[5208:277a] -[YYSQLiteDatabase insertWithQuery:] SQL error in query: INSERT INTO LocationStates(locationID, userID, unlocked,completionState) VALUES('0',0,'0',-1) 
D/BrutaalEngels( 5208):  'no such table: LocationStates' (1)
D/BrutaalEngels( 5208): 2014-02-27 13:30:15.784 BrutaalEngels[5208:277a] -[YYSQLiteDatabase performQuery:] SQL error in query: SELECT * FROM LocationStates WHERE id == 0 
D/BrutaalEngels( 5208):  'no such table: LocationStates' (1)
D/BrutaalEngels( 5208): 2014-02-27 13:30:15.784 BrutaalEngels[5208:277a] -[YYSQLiteDatabase performQuery:] SQL error in query: SELECT * FROM Locations WHERE id == 0 
D/BrutaalEngels( 5208):  'no such table: Locations' (1)
D/BrutaalEngels( 5208): 2014-02-27 13:30:15.784 BrutaalEngels[5208:277a] [WARNING] Location with id: 0 not found, something is probably not right!
D/BrutaalEngels( 5208): 2014-02-27 13:30:15.785 BrutaalEngels[5208:277a] -[YYSQLiteDatabase insertWithQuery:] SQL error in query: INSERT INTO LocationStates(locationID, userID, unlocked,completionState) VALUES('0',0,'1',0) 
D/BrutaalEngels( 5208):  'no such table: LocationStates' (1)
D/BrutaalEngels( 5208): 2014-02-27 13:30:15.785 BrutaalEngels[5208:277a] -[YYSQLiteDatabase performQuery:] SQL error in query: SELECT * FROM LocationStates WHERE id == 0 
D/BrutaalEngels( 5208):  'no such table: LocationStates' (1)
D/dalvikvm( 5241): GC_CONCURRENT freed 333K, 5% free 8305K/8676K, paused 6ms+2ms, total 28ms
I/Icing   (14818): Indexing 71AB2F7A56CA5BB3D2F721BE5F8DCB60589C3FD7 from com.google.android.music
D/dalvikvm(14818): GC_CONCURRENT freed 409K, 6% free 8768K/9292K, paused 3ms+2ms, total 31ms
I/Icing   (14818): Indexing done 71AB2F7A56CA5BB3D2F721BE5F8DCB60589C3FD7
D/BrutaalEngels( 5208): 2014-02-27 13:30:21.416 BrutaalEngels[5208:277a] -[YYSQLiteDatabase performQuery:] SQL error in query: SELECT * FROM Locations WHERE id == 1 
D/BrutaalEngels( 5208):  'no such table: Locations' (1)
D/BrutaalEngels( 5208): 2014-02-27 13:30:21.416 BrutaalEngels[5208:277a] [WARNING] Location with id: 1 not found, something is probably not right!
D/BrutaalEngels( 5208): 2014-02-27 13:30:21.416 BrutaalEngels[5208:277a] -[YYSQLiteDatabase performQuery:] SQL error in query: SELECT * FROM LocationStates WHERE locationID==0 AND userID==0 
D/BrutaalEngels( 5208):  'no such table: LocationStates' (1)
D/BrutaalEngels( 5208): 2014-02-27 13:30:21.417 BrutaalEngels[5208:277a] -[YYSQLiteDatabase insertWithQuery:] SQL error in query: INSERT INTO LocationStates(locationID, userID, unlocked,completionState) VALUES('0',0,'0',-1) 
D/BrutaalEngels( 5208):  'no such table: LocationStates' (1)
D/BrutaalEngels( 5208): 2014-02-27 13:30:21.417 BrutaalEngels[5208:277a] -[YYSQLiteDatabase performQuery:] SQL error in query: SELECT * FROM LocationStates WHERE id == 0 
D/BrutaalEngels( 5208):  'no such table: LocationStates' (1)
D/BrutaalEngels( 5208): 2014-02-27 13:30:21.417 BrutaalEngels[5208:277a] -[YYSQLiteDatabase performQuery:] SQL error in query: SELECT * FROM Locations WHERE id == 0 
D/BrutaalEngels( 5208):  'no such table: Locations' (1)
D/BrutaalEngels( 5208): 2014-02-27 13:30:21.417 BrutaalEngels[5208:277a] [WARNING] Location with id: 0 not found, something is probably not right!
D/BrutaalEngels( 5208): 2014-02-27 13:30:21.418 BrutaalEngels[5208:277a] -[YYSQLiteDatabase insertWithQuery:] SQL error in query: INSERT INTO LocationStates(locationID, userID, unlocked,completionState) VALUES('0',0,'1',0) 
D/BrutaalEngels( 5208):  'no such table: LocationStates' (1)
D/BrutaalEngels( 5208): 2014-02-27 13:30:21.418 BrutaalEngels[5208:277a] -[YYSQLiteDatabase performQuery:] SQL error in query: SELECT * FROM LocationStates WHERE id == 0 
D/BrutaalEngels( 5208):  'no such table: LocationStates' (1)
D/BrutaalEngels( 5208): 2014-02-27 13:30:21.418 BrutaalEngels[5208:277a] -[YYSQLiteDatabase performQuery:] SQL error in query: SELECT * FROM Locations WHERE id == 2 
D/BrutaalEngels( 5208):  'no such table: Locations' (1)
D/BrutaalEngels( 5208): 2014-02-27 13:30:21.418 BrutaalEngels[5208:277a] [WARNING] Location with id: 2 not found, something is probably not right!
D/BrutaalEngels( 5208): 2014-02-27 13:30:21.419 BrutaalEngels[5208:277a] -[YYSQLiteDatabase performQuery:] SQL error in query: SELECT * FROM LocationStates WHERE locationID==0 AND userID==0 
D/BrutaalEngels( 5208):  'no such table: LocationStates' (1)
D/BrutaalEngels( 5208): 2014-02-27 13:30:21.419 BrutaalEngels[5208:277a] -[YYSQLiteDatabase insertWithQuery:] SQL error in query: INSERT INTO LocationStates(locationID, userID, unlocked,completionState) VALUES('0',0,'0',-1) 
D/BrutaalEngels( 5208):  'no such table: LocationStates' (1)
D/BrutaalEngels( 5208): 2014-02-27 13:30:21.419 BrutaalEngels[5208:277a] -[YYSQLiteDatabase performQuery:] SQL error in query: SELECT * FROM LocationStates WHERE id == 0 
D/BrutaalEngels( 5208):  'no such table: LocationStates' (1)
D/BrutaalEngels( 5208): 2014-02-27 13:30:21.419 BrutaalEngels[5208:277a] -[YYSQLiteDatabase performQuery:] SQL error in query: SELECT * FROM Locations WHERE id == 0 
D/BrutaalEngels( 5208):  'no such table: Locations' (1)
D/BrutaalEngels( 5208): 2014-02-27 13:30:21.419 BrutaalEngels[5208:277a] [WARNING] Location with id: 0 not found, something is probably not right!
D/BrutaalEngels( 5208): 2014-02-27 13:30:21.420 BrutaalEngels[5208:277a] -[YYSQLiteDatabase insertWithQuery:] SQL error in query: INSERT INTO LocationStates(locationID, userID, unlocked,completionState) VALUES('0',0,'1',0) 
D/BrutaalEngels( 5208):  'no such table: LocationStates' (1)
D/BrutaalEngels( 5208): 2014-02-27 13:30:21.420 BrutaalEngels[5208:277a] -[YYSQLiteDatabase performQuery:] SQL error in query: SELECT * FROM LocationStates WHERE id == 0 
D/BrutaalEngels( 5208):  'no such table: LocationStates' (1)
D/BrutaalEngels( 5208): 2014-02-27 13:30:21.420 BrutaalEngels[5208:277a] -[YYSQLiteDatabase performQuery:] SQL error in query: SELECT * FROM Locations WHERE id == 3 
D/BrutaalEngels( 5208):  'no such table: Locations' (1)
D/BrutaalEngels( 5208): 2014-02-27 13:30:21.420 BrutaalEngels[5208:277a] [WARNING] Location with id: 3 not found, something is probably not right!
D/BrutaalEngels( 5208): 2014-02-27 13:30:21.421 BrutaalEngels[5208:277a] -[YYSQLiteDatabase performQuery:] SQL error in query: SELECT * FROM LocationStates WHERE locationID==0 AND userID==0 
D/BrutaalEngels( 5208):  'no such table: LocationStates' (1)
D/BrutaalEngels( 5208): 2014-02-27 13:30:21.421 BrutaalEngels[5208:277a] -[YYSQLiteDatabase insertWithQuery:] SQL error in query: INSERT INTO LocationStates(locationID, userID, unlocked,completionState) VALUES('0',0,'0',-1) 
D/BrutaalEngels( 5208):  'no such table: LocationStates' (1)
D/BrutaalEngels( 5208): 2014-02-27 13:30:21.421 BrutaalEngels[5208:277a] -[YYSQLiteDatabase performQuery:] SQL error in query: SELECT * FROM LocationStates WHERE id == 0 
D/BrutaalEngels( 5208):  'no such table: LocationStates' (1)
D/BrutaalEngels( 5208): 2014-02-27 13:30:21.422 BrutaalEngels[5208:277a] -[YYSQLiteDatabase performQuery:] SQL error in query: SELECT * FROM Locations WHERE id == 0 
D/BrutaalEngels( 5208):  'no such table: Locations' (1)
D/BrutaalEngels( 5208): 2014-02-27 13:30:21.422 BrutaalEngels[5208:277a] [WARNING] Location with id: 0 not found, something is probably not right!
D/BrutaalEngels( 5208): 2014-02-27 13:30:21.422 BrutaalEngels[5208:277a] -[YYSQLiteDatabase insertWithQuery:] SQL error in query: INSERT INTO LocationStates(locationID, userID, unlocked,completionState) VALUES('0',0,'1',0) 
D/BrutaalEngels( 5208):  'no such table: LocationStates' (1)
D/BrutaalEngels( 5208): 2014-02-27 13:30:21.422 BrutaalEngels[5208:277a] -[YYSQLiteDatabase performQuery:] SQL error in query: SELECT * FROM LocationStates WHERE id == 0 
D/BrutaalEngels( 5208):  'no such table: LocationStates' (1)
I/MPL-storeload(  502): mpl state size = 5584
E/MPL-storeload(  502): calData from inv_save_mpl_states, size=2
I/MPL-storeload(  502): cal data size to write = 5584
I/MPL-storeload(  502): Bytes written = 5584
D/dalvikvm( 5208): GC_CONCURRENT freed 3685K, 32% free 8056K/11780K, paused 2ms+2ms, total 26ms
V/DeadZone(  597): consuming errant click: (633.3334,11.5)
I/ActivityManager(  502): START u0 {act=android.intent.action.MAIN cat=[android.intent.category.HOME] flg=0x10200000 cmp=com.android.launcher/com.android.launcher2.Launcher} from pid 502
D/dalvikvm(  502): GC_FOR_ALLOC freed 439K, 24% free 18567K/24372K, paused 88ms, total 88ms
I/dalvikvm-heap(  502): Grow heap (frag case) to 18.410MB for 251120-byte allocation
D/dalvikvm(  502): GC_FOR_ALLOC freed 2K, 24% free 18810K/24620K, paused 87ms, total 87ms
D/dalvikvm(  502): GC_FOR_ALLOC freed 286K, 25% free 18527K/24620K, paused 86ms, total 86ms
E/AndroidAudioManager( 5208): audioManagerService success with remaining attemps:399
I/MediaFocusControl(  502):  AudioFocus  abandonAudioFocus() from android.media.AudioManager@41d72618com.apportable.media.AudioManagerService$1@41d71b30
D/dalvikvm(  761): GC_CONCURRENT freed 1705K, 34% free 16812K/25388K, paused 2ms+5ms, total 48ms
D/dalvikvm(  761): WAIT_FOR_CONCURRENT_GC blocked 29ms
D/dalvikvm(  761): GC_FOR_ALLOC freed 924K, 26% free 18823K/25388K, paused 28ms, total 28ms
D/dalvikvm(  761): GC_FOR_ALLOC freed 522K, 23% free 19604K/25388K, paused 24ms, total 28ms
D/dalvikvm(  761): GC_FOR_ALLOC freed 56K, 23% free 19772K/25388K, paused 25ms, total 26ms
I/dalvikvm-heap(  761): Grow heap (frag case) to 19.542MB for 208432-byte allocation
D/dalvikvm(  761): GC_FOR_ALLOC freed <1K, 22% free 19976K/25592K, paused 25ms, total 25ms
D/dalvikvm(  761): GC_FOR_ALLOC freed 6K, 22% free 19976K/25592K, paused 23ms, total 23ms
I/dalvikvm-heap(  761): Grow heap (frag case) to 19.742MB for 208432-byte allocation
D/dalvikvm(  761): GC_FOR_ALLOC freed 0K, 22% free 20180K/25796K, paused 23ms, total 23ms
D/dalvikvm(  761): GC_FOR_ALLOC freed 13K, 22% free 20180K/25796K, paused 24ms, total 24ms
I/dalvikvm-heap(  761): Grow heap (frag case) to 19.941MB for 208432-byte allocation
D/dalvikvm(  761): GC_FOR_ALLOC freed <1K, 22% free 20383K/26000K, paused 23ms, total 23ms
D/dalvikvm(  761): GC_FOR_ALLOC freed 46K, 22% free 20384K/26000K, paused 24ms, total 25ms
I/dalvikvm-heap(  761): Grow heap (frag case) to 20.140MB for 208432-byte allocation
D/dalvikvm(  761): GC_FOR_ALLOC freed 0K, 22% free 20588K/26204K, paused 24ms, total 24ms
D/dalvikvm(  761): GC_FOR_ALLOC freed 2K, 22% free 20591K/26204K, paused 26ms, total 26ms
I/dalvikvm-heap(  761): Grow heap (frag case) to 20.564MB for 440848-byte allocation
D/dalvikvm(  761): GC_FOR_ALLOC freed <1K, 22% free 21021K/26636K, paused 29ms, total 29ms
D/dalvikvm(  761): GC_FOR_ALLOC freed 434K, 23% free 20593K/26636K, paused 38ms, total 38ms
D/Launcher.Model(  761): DbDebug    Add item (BrutaalEngels) to db, id: 52 (-100, 2, 4, 1)
I/ActivityManager(  502): START u0 {act=android.intent.action.MAIN cat=[android.intent.category.LAUNCHER] flg=0x10200000 cmp=com.apportable.BrutaalEngels/com.apportable.activity.VerdeActivity bnds=[813,151][930,268]} from pid 761
D/dalvikvm(  502): GC_FOR_ALLOC freed 350K, 25% free 18533K/24620K, paused 75ms, total 75ms
W/InputMethodManagerService(  502): Starting input on non-focused client com.android.internal.view.IInputMethodClient$Stub$Proxy@41ff6e08 (uid=10029 pid=761)
D/dalvikvm( 5208): GC_CONCURRENT freed 414K, 30% free 8028K/11384K, paused 9ms+2ms, total 45ms
I/Choreographer( 5208): Skipped 59 frames!  The application may be doing too much work on its main thread.
I/OpenAL_SLES( 5208): playback_function started
I/ActivityManager(  502): START u0 {act=android.intent.action.MAIN cat=[android.intent.category.HOME] flg=0x10200000 cmp=com.android.launcher/com.android.launcher2.Launcher} from pid 502
D/dalvikvm(  502): GC_FOR_ALLOC freed 279K, 25% free 18529K/24620K, paused 89ms, total 90ms
E/AndroidAudioManager( 5208): audioManagerService success with remaining attemps:399
I/MediaFocusControl(  502):  AudioFocus  abandonAudioFocus() from android.media.AudioManager@41d72618com.apportable.media.AudioManagerService$1@41d71b30
D/dalvikvm(14731): GC_CONCURRENT freed 526K, 7% free 8820K/9416K, paused 10ms+2ms, total 61ms
D/dalvikvm(14731): WAIT_FOR_CONCURRENT_GC blocked 27ms
W/AppOps  (  502): Bad call: specified package com.google.android.googlequicksearchbox under uid 10017 but it is really 10052
D/libgps  (  502): proxy_gps_inject_location()
I/ActivityManager(  502): START u0 {act=android.intent.action.DELETE dat=package:com.apportable.BrutaalEngels flg=0x10800000 cmp=com.android.packageinstaller/.UninstallerActivity} from pid 761
D/dalvikvm(  502): GC_FOR_ALLOC freed 399K, 25% free 18537K/24620K, paused 72ms, total 73ms
I/ActivityManager(  502): Start proc com.android.packageinstaller for activity com.android.packageinstaller/.UninstallerActivity: pid=16322 uid=10038 gids={50038, 1028}
D/libEGL  (16322): loaded /system/lib/egl/libEGL_tegra.so
D/libEGL  (16322): loaded /system/lib/egl/libGLESv1_CM_tegra.so
D/libEGL  (16322): loaded /system/lib/egl/libGLESv2_tegra.so
D/OpenGLRenderer(16322): Enabling debug mode 0
V/RenderScript(16322): 0x68474d70 Launching thread(s), CPUs 4
I/ActivityManager(  502): Displayed com.android.packageinstaller/.UninstallerActivity: +754ms
I/ActivityManager(  502): START u0 {act=android.intent.action.VIEW cmp=com.android.packageinstaller/.UninstallAppProgress (has extras)} from pid 16322
I/ActivityManager(  502): Force stopping com.apportable.BrutaalEngels appid=10106 user=-1: uninstall pkg
I/ActivityManager(  502): Killing 5208:com.apportable.BrutaalEngels/u0a106 (adj 7): stop com.apportable.BrutaalEngels
I/ActivityManager(  502):   Force finishing activity ActivityRecord{422d7f78 u0 com.apportable.BrutaalEngels/com.apportable.activity.VerdeActivity t52}
I/WindowState(  502): WIN DEATH: Window{4235e350 u0 com.apportable.BrutaalEngels/com.apportable.activity.VerdeActivity}
I/WindowState(  502): WIN DEATH: Window{4249d0d8 u0 com.apportable.BrutaalEngels/com.apportable.activity.VerdeActivity}
W/PackageManager(  502): Couldn't delete native library directory /data/app-lib/com.apportable.BrutaalEngels
I/ActivityManager(  502): Displayed com.android.packageinstaller/.UninstallAppProgress: +173ms
I/MPL-storeload(  502): mpl state size = 5584
E/MPL-storeload(  502): calData from inv_save_mpl_states, size=2
I/MPL-storeload(  502): cal data size to write = 5584
I/MPL-storeload(  502): Bytes written = 5584
D/keystore(  128): calling clear_uid in state: 3
I/ActivityManager(  502): Force stopping com.apportable.BrutaalEngels appid=10106 user=0: pkg removed
I/InputReader(  502): Reconfiguring input devices.  changes=0x00000010
D/dalvikvm(16322): GC_EXPLICIT freed 108K, 2% free 7766K/7912K, paused 2ms+7ms, total 45ms
D/VoicemailCleanupService( 2585): Cleaning up data for package: com.apportable.BrutaalEngels
D/dalvikvm( 5363): GC_EXPLICIT freed 432K, 11% free 9249K/10384K, paused 6ms+5ms, total 113ms
I/MPL-storeload(  502): mpl state size = 5584
E/MPL-storeload(  502): calData from inv_save_mpl_states, size=2
I/MPL-storeload(  502): cal data size to write = 5584
I/MPL-storeload(  502): Bytes written = 5584
D/dalvikvm(  761): GC_EXPLICIT freed 2395K, 24% free 20387K/26636K, paused 5ms+13ms, total 132ms
I/Launcher(  761): Deferring update until onResume
I/MPL-storeload(  502): mpl state size = 5584
E/MPL-storeload(  502): calData from inv_save_mpl_states, size=2
I/MPL-storeload(  502): cal data size to write = 5584
I/MPL-storeload(  502): Bytes written = 5584
I/MPL-storeload(  502): mpl state size = 5584
E/MPL-storeload(  502): calData from inv_save_mpl_states, size=2
I/MPL-storeload(  502): cal data size to write = 5584
I/MPL-storeload(  502): Bytes written = 5584
I/MPL-storeload(  502): mpl state size = 5584
E/MPL-storeload(  502): calData from inv_save_mpl_states, size=2
I/MPL-storeload(  502): cal data size to write = 5584
I/MPL-storeload(  502): Bytes written = 5584
W/ContextImpl( 5065): Calling a method in the system process without a qualified user: android.app.ContextImpl.startService:1479 android.content.ContextWrapper.startService:494 android.content.ContextWrapper.startService:494 com.android.keychain.KeyChainBroadcastReceiver.onReceive:12 android.app.ActivityThread.handleReceiver:2419 
I/ActivityManager(  502): Delay finish: com.android.keychain/.KeyChainBroadcastReceiver
I/ActivityManager(  502): Resuming delayed broadcast
I/ActivityManager(  502): Delay finish: eu.chainfire.supersu/.InstallReceiver
I/ActivityManager(  502): Resuming delayed broadcast
I/ActivityManager(  502): Delay finish: com.google.android.apps.plus/.service.PackagesMediaMonitor
I/Launcher(  761): Deferring update until onResume
I/ActivityManager(  502): Resuming delayed broadcast
D/BackupManagerService(  502): Received broadcast Intent { act=android.intent.action.PACKAGE_REMOVED dat=package:com.apportable.BrutaalEngels flg=0x4000010 (has extras) }
V/BackupManagerService(  502): removePackageParticipantsLocked: uid=10106 #1
I/LatinIME:LogUtils(  708): Dictionary info: dictionary = main:en_us ; version = 39 ; date = 1380099174
D/dalvikvm(  502): GC_EXPLICIT freed 1623K, 25% free 18513K/24620K, paused 265ms+33ms, total 581ms
I/Icing.InternalIcingCorporaProvider( 5363): Updating corpora: A: com.apportable.BrutaalEngels, C: MAYBE
D/PackageBroadcastService(14818): Received broadcast action=android.intent.action.PACKAGE_REMOVED and uri=com.apportable.BrutaalEngels
D/dalvikvm( 5093): GC_CONCURRENT freed 456K, 7% free 7699K/8196K, paused 3ms+4ms, total 101ms
I/ActivityManager(  502): Start proc com.android.documentsui for broadcast com.android.documentsui/.PackageReceiver: pid=16365 uid=10093 gids={50093}
W/System.err( 5093): java.io.FileNotFoundException: /data/data/eu.chainfire.supersu/files/supersu.cfg: open failed: EACCES (Permission denied)
W/System.err( 5093): 	at libcore.io.IoBridge.open(IoBridge.java:409)
W/System.err( 5093): 	at java.io.FileOutputStream.<init>(FileOutputStream.java:88)
W/System.err( 5093): 	at android.app.ContextImpl.openFileOutput(ContextImpl.java:801)
W/System.err( 5093): 	at android.content.ContextWrapper.openFileOutput(ContextWrapper.java:185)
W/System.err( 5093): 	at eu.chainfire.supersu.Settings.(:600)
W/System.err( 5093): 	at eu.chainfire.supersu.SuperUserIntentService.onHandleIntent(:66)
W/System.err( 5093): 	at android.app.IntentService$ServiceHandler.handleMessage(IntentService.java:65)
W/System.err( 5093): 	at android.os.Handler.dispatchMessage(Handler.java:102)
W/System.err( 5093): 	at android.os.Looper.loop(Looper.java:136)
W/System.err( 5093): 	at android.os.HandlerThread.run(HandlerThread.java:61)
W/System.err( 5093): Caused by: libcore.io.ErrnoException: open failed: EACCES (Permission denied)
W/System.err( 5093): 	at libcore.io.Posix.open(Native Method)
W/System.err( 5093): 	at libcore.io.BlockGuardOs.open(BlockGuardOs.java:110)
W/System.err( 5093): 	at libcore.io.IoBridge.open(IoBridge.java:393)
W/System.err( 5093): 	... 9 more
I/Icing   (14818): doRemovePackageData com.apportable.BrutaalEngels
I/PeopleContactsSync(14818): CP2 sync disabled
D/Documents(16365): Loading roots for com.android.providers.downloads.documents
D/Documents(16365): Loading roots for com.android.externalstorage.documents
I/ActivityManager(  502): Start proc com.android.externalstorage for content provider com.android.externalstorage/.ExternalStorageProvider: pid=16390 uid=10027 gids={50027, 1028, 1015, 1023}
I/ActivityManager(  502): Killing 1977:com.google.android.gm/u0a46 (adj 15): empty #17
I/ActivityManager(  502): Killing 4193:com.google.android.gallery3d/u0a16 (adj 15): empty #17
D/ExternalStorage(16390): After updating volumes, found 1 active roots
D/Documents(16365): Updating roots due to change at content://com.android.externalstorage.documents/root
D/Documents(16365): Loading roots for com.android.providers.media.documents
D/Documents(16365): Loading roots for com.google.android.apps.docs.storage
I/ActivityManager(  502): Start proc com.google.android.apps.docs for content provider com.google.android.apps.docs/com.google.android.gms.drive.external.StorageBackendContentProvider: pid=16403 uid=10094 gids={50094, 3003, 1028, 1015}
I/ActivityManager(  502): Killing 4840:com.google.android.youtube/u0a58 (adj 15): empty #17
D/dalvikvm(  123): GC_EXPLICIT freed 42K, 2% free 7600K/7680K, paused 2ms+4ms, total 58ms
D/dalvikvm(  123): GC_EXPLICIT freed <1K, 2% free 7600K/7680K, paused 4ms+4ms, total 47ms
D/Launcher.Model(  761): DbDebug    Delete item (BrutaalEngels) from db, id: 52 (-100, 2, 4, 1)
D/dalvikvm(  123): GC_EXPLICIT freed <1K, 2% free 7600K/7680K, paused 5ms+4ms, total 39ms
D/dalvikvm(16403): GC_CONCURRENT freed 235K, 4% free 7877K/8148K, paused 2ms+7ms, total 37ms
D/dalvikvm(16403): WAIT_FOR_CONCURRENT_GC blocked 10ms
D/dalvikvm(16403): WAIT_FOR_CONCURRENT_GC blocked 12ms
E/dalvikvm(16403): Could not find class 'com.google.trix.ritz.shared.messages.b', referenced from method bnz.<init>
W/dalvikvm(16403): VFY: unable to resolve new-instance 7208 (Lcom/google/trix/ritz/shared/messages/b;) in Lbnz;
D/dalvikvm(16403): VFY: replacing opcode 0x22 at 0x03bc
E/dalvikvm(16403): Could not find class 'com.google.trix.ritz.shared.render.g', referenced from method bnz.<init>
W/dalvikvm(16403): VFY: unable to resolve new-instance 7339 (Lcom/google/trix/ritz/shared/render/g;) in Lbnz;
D/dalvikvm(16403): VFY: replacing opcode 0x22 at 0x03cb
E/dalvikvm(16403): Could not find class 'com.google.trix.ritz.shared.behavior.validation.a', referenced from method bnz.<init>
W/dalvikvm(16403): VFY: unable to resolve new-instance 7168 (Lcom/google/trix/ritz/shared/behavior/validation/a;) in Lbnz;
D/dalvikvm(16403): VFY: replacing opcode 0x22 at 0x05d8
E/dalvikvm(16403): Could not find class 'com.google.trix.ritz.shared.mutation.O', referenced from method bnz.<init>
W/dalvikvm(16403): VFY: unable to resolve new-instance 7301 (Lcom/google/trix/ritz/shared/mutation/O;) in Lbnz;
D/dalvikvm(16403): VFY: replacing opcode 0x22 at 0x07a9
D/dalvikvm(16403): DexOpt: unable to opt direct call 0xb146 at 0x3be in Lbnz;.<init>
D/dalvikvm(16403): DexOpt: unable to opt direct call 0xb292 at 0x3cd in Lbnz;.<init>
D/dalvikvm(16403): DexOpt: unable to opt direct call 0xb108 at 0x5da in Lbnz;.<init>
D/dalvikvm(16403): DexOpt: unable to opt direct call 0xb23b at 0x7ab in Lbnz;.<init>
D/dalvikvm(16403): GC_CONCURRENT freed 354K, 5% free 8001K/8392K, paused 3ms+1ms, total 21ms
W/dalvikvm(16403): method Lcom/google/android/apps/docs/editors/toolbar/PreHoneyCombActionBar;.a incorrectly overrides package-private method with same name in Lakm;
W/dalvikvm(16403): method Lcom/google/android/apps/docs/editors/toolbar/PreHoneyCombActionBar;.b incorrectly overrides package-private method with same name in Lakm;
D/dalvikvm(16403): GC_CONCURRENT freed 348K, 5% free 8130K/8516K, paused 2ms+3ms, total 22ms
W/dalvikvm(16403): VFY: unable to resolve instance field 20115
D/dalvikvm(16403): VFY: replacing opcode 0x54 at 0x001e
I/dalvikvm(16403): DexOpt: unable to optimize instance field ref 0x4e93 at 0x28 in LbvF;.getInstance
I/Icing   (14818): Indexing 955E3E6A9B31C1C05354FEC7AD1CB5E661AEAB1E from com.google.android.googlequicksearchbox
D/dalvikvm(16403): GC_CONCURRENT freed 376K, 5% free 8221K/8640K, paused 3ms+2ms, total 27ms
I/Icing   (14818): Indexing done 955E3E6A9B31C1C05354FEC7AD1CB5E661AEAB1E
D/dalvikvm(16403): GC_CONCURRENT freed 324K, 5% free 8343K/8708K, paused 3ms+3ms, total 25ms
W/ActiveOrDefaultContextProvider(16403): Missing scope.enter somewhere. Returning default context
W/ActiveOrDefaultContextProvider(16403): Missing scope.enter somewhere. Returning default context
E/JavaBinder(16403): *** Uncaught remote exception!  (Exceptions are not yet supported across processes.)
E/JavaBinder(16403): java.lang.RuntimeException: Can't create handler inside thread that has not called Looper.prepare()
E/JavaBinder(16403): 	at android.os.Handler.<init>(Handler.java:200)
E/JavaBinder(16403): 	at android.os.Handler.<init>(Handler.java:114)
E/JavaBinder(16403): 	at aOW.<init>(ToastErrorReporter.java:72)
E/JavaBinder(16403): 	at com.google.android.apps.docs.utils.ToastErrorReporter.<init>(ToastErrorReporter.java:72)
E/JavaBinder(16403): 	at aNE.getInstance(GellyInjectorStore.java:438)
E/JavaBinder(16403): 	at bnB.a(ConstructorProvider.java:30)
E/JavaBinder(16403): 	at boi.a(RuntimeProvider.java:96)
E/JavaBinder(16403): 	at boi.a(RuntimeProvider.java:96)
E/JavaBinder(16403): 	at Jh.a(GellyInjectorStore.java:294)
E/JavaBinder(16403): 	at Jh.performStaticMembersInjection(GellyInjectorStore.java:361)
E/JavaBinder(16403): 	at bnP.b(GellyInjectorBuilderBase.java:45)
E/JavaBinder(16403): 	at bnX.b(GellyInjectorBuilderBase.java:146)
E/JavaBinder(16403): 	at bnR.a(GellyInjectorBuilderBase.java:174)
E/JavaBinder(16403): 	at bnP.a(GellyInjectorBuilderBase.java:267)
E/JavaBinder(16403): 	at com.google.common.labs.inject.gelly.GellyStaticRuntime.a(GellyStaticRuntime.java:1516)
E/JavaBinder(16403): 	at bnw.a(Gelly.java:53)
E/JavaBinder(16403): 	at aLP.a(InjectorRegistry.java:67)
E/JavaBinder(16403): 	at aLI.a(GuiceApplication.java:27)
E/JavaBinder(16403): 	at aLN.b(GuiceUtils.java:90)
E/JavaBinder(16403): 	at aLN.a(GuiceUtils.java:64)
E/JavaBinder(16403): 	at aLu.b(ContextScopedInjectorFactory.java:60)
E/JavaBinder(16403): 	at com.google.android.gms.drive.external.StorageBackendContentProvider.a(StorageBackendContentProvider.java:112)
E/JavaBinder(16403): 	at com.google.android.gms.drive.external.StorageBackendContentProvider.a(StorageBackendContentProvider.java:133)
E/JavaBinder(16403): 	at com.google.android.gms.drive.external.StorageBackendContentProvider.queryRoots(StorageBackendContentProvider.java:154)
E/JavaBinder(16403): 	at android.provider.DocumentsProvider.query(DocumentsProvider.java:416)
E/JavaBinder(16403): 	at android.content.ContentProvider.query(ContentProvider.java:857)
E/JavaBinder(16403): 	at android.content.ContentProvider$Transport.query(ContentProvider.java:200)
E/JavaBinder(16403): 	at android.content.ContentProviderNative.onTransact(ContentProviderNative.java:112)
E/JavaBinder(16403): 	at android.os.Binder.execTransact(Binder.java:404)
E/JavaBinder(16403): 	at dalvik.system.NativeStart.run(Native Method)
W/Documents(16365): Failed to load some roots from com.google.android.apps.docs.storage: java.lang.NullPointerException
D/Documents(16365): Update found 6 roots in 1209ms
D/Documents(16365): Used cached roots for com.android.providers.downloads.documents
D/Documents(16365): Loading roots for com.android.externalstorage.documents
D/Documents(16365): Used cached roots for com.android.providers.media.documents
D/Documents(16365): Loading roots for com.google.android.apps.docs.storage
D/dalvikvm(16403): GC_CONCURRENT freed 261K, 4% free 8482K/8788K, paused 2ms+2ms, total 30ms
D/dalvikvm(16403): GC_CONCURRENT freed 441K, 6% free 8547K/9032K, paused 1ms+3ms, total 27ms
D/dalvikvm(16403): WAIT_FOR_CONCURRENT_GC blocked 8ms
D/dalvikvm(16403): GC_CONCURRENT freed 397K, 5% free 8658K/9096K, paused 2ms+2ms, total 27ms
D/dalvikvm(16403): WAIT_FOR_CONCURRENT_GC blocked 9ms
W/ActiveOrDefaultContextProvider(16403): Missing scope.enter somewhere. Returning default context
W/ActiveOrDefaultContextProvider(16403): Missing scope.enter somewhere. Returning default context
E/JavaBinder(16403): *** Uncaught remote exception!  (Exceptions are not yet supported across processes.)
E/JavaBinder(16403): java.lang.RuntimeException: Can't create handler inside thread that has not called Looper.prepare()
E/JavaBinder(16403): 	at android.os.Handler.<init>(Handler.java:200)
E/JavaBinder(16403): 	at android.os.Handler.<init>(Handler.java:114)
E/JavaBinder(16403): 	at aOW.<init>(ToastErrorReporter.java:72)
E/JavaBinder(16403): 	at com.google.android.apps.docs.utils.ToastErrorReporter.<init>(ToastErrorReporter.java:72)
E/JavaBinder(16403): 	at aNE.getInstance(GellyInjectorStore.java:438)
E/JavaBinder(16403): 	at bnB.a(ConstructorProvider.java:30)
E/JavaBinder(16403): 	at boi.a(RuntimeProvider.java:96)
E/JavaBinder(16403): 	at boi.a(RuntimeProvider.java:96)
E/JavaBinder(16403): 	at Jh.a(GellyInjectorStore.java:294)
E/JavaBinder(16403): 	at Jh.performStaticMembersInjection(GellyInjectorStore.java:361)
E/JavaBinder(16403): 	at bnP.b(GellyInjectorBuilderBase.java:45)
E/JavaBinder(16403): 	at bnX.b(GellyInjectorBuilderBase.java:146)
E/JavaBinder(16403): 	at bnR.a(GellyInjectorBuilderBase.java:174)
E/JavaBinder(16403): 	at bnP.a(GellyInjectorBuilderBase.java:267)
E/JavaBinder(16403): 	at com.google.common.labs.inject.gelly.GellyStaticRuntime.a(GellyStaticRuntime.java:1516)
E/JavaBinder(16403): 	at bnw.a(Gelly.java:53)
E/JavaBinder(16403): 	at aLP.a(InjectorRegistry.java:67)
E/JavaBinder(16403): 	at aLI.a(GuiceApplication.java:27)
E/JavaBinder(16403): 	at aLN.b(GuiceUtils.java:90)
E/JavaBinder(16403): 	at aLN.a(GuiceUtils.java:64)
E/JavaBinder(16403): 	at aLu.b(ContextScopedInjectorFactory.java:60)
E/JavaBinder(16403): 	at com.google.android.gms.drive.external.StorageBackendContentProvider.a(StorageBackendContentProvider.java:112)
E/JavaBinder(16403): 	at com.google.android.gms.drive.external.StorageBackendContentProvider.a(StorageBackendContentProvider.java:133)
E/JavaBinder(16403): 	at com.google.android.gms.drive.external.StorageBackendContentProvider.queryRoots(StorageBackendContentProvider.java:154)
E/JavaBinder(16403): 	at android.provider.DocumentsProvider.query(DocumentsProvider.java:416)
E/JavaBinder(16403): 	at android.content.ContentProvider.query(ContentProvider.java:857)
E/JavaBinder(16403): 	at android.content.ContentProvider$Transport.query(ContentProvider.java:200)
E/JavaBinder(16403): 	at android.content.ContentProviderNative.onTransact(ContentProviderNative.java:112)
E/JavaBinder(16403): 	at android.os.Binder.execTransact(Binder.java:404)
E/JavaBinder(16403): 	at dalvik.system.NativeStart.run(Native Method)
W/Documents(16365): Failed to load some roots from com.google.android.apps.docs.storage: java.lang.NullPointerException
D/Documents(16365): Update found 6 roots in 183ms
D/dalvikvm(16403): GC_CONCURRENT freed 405K, 5% free 8749K/9208K, paused 2ms+2ms, total 27ms
D/dalvikvm(16403): WAIT_FOR_CONCURRENT_GC blocked 18ms
D/dalvikvm(16403): GC_CONCURRENT freed 436K, 6% free 8809K/9296K, paused 1ms+2ms, total 27ms
D/dalvikvm(16403): WAIT_FOR_CONCURRENT_GC blocked 10ms
W/ActiveOrDefaultContextProvider(16403): Missing scope.enter somewhere. Returning default context
W/ActiveOrDefaultContextProvider(16403): Missing scope.enter somewhere. Returning default context
D/dalvikvm(16403): GC_CONCURRENT freed 345K, 5% free 8968K/9356K, paused 2ms+3ms, total 31ms
D/dalvikvm(16403): WAIT_FOR_CONCURRENT_GC blocked 8ms
W/GAV2    (16403): Thread[main,5,main]: Need to call initialize() and be in fallback mode to start dispatch.
I/ActivityManager(  502): START u0 {act=android.intent.action.MAIN cat=[android.intent.category.HOME] flg=0x10200000 cmp=com.android.launcher/com.android.launcher2.Launcher} from pid 502
W/GAV2    (16403): Thread[main,5,main]: dispatch call queued.  Need to call GAServiceManager.getInstance().initialize().
I/ActivityManager(  502): Killing 4177:com.android.chrome/u0a8 (adj 15): empty #17
D/dalvikvm(16403): GC_CONCURRENT freed 213K, 3% free 9144K/9416K, paused 3ms+2ms, total 35ms
W/GAV2    (16403): Thread[GAThread,5,main]: Service unavailable (code=1), will retry.
W/ActivityManager(  502): Unable to start service Intent { act=com.google.android.gms.analytics.service.START cmp=com.google.android.gms/.analytics.service.AnalyticsService (has extras) } U=0: not found
I/GAV2    (16403): Thread[GAThread,5,main]: No campaign data found.
I/InputReader(  502): Reconfiguring input devices.  changes=0x00000004
I/InputReader(  502): Device reconfigured: id=2, name='elan-touchscreen', size 800x1280, orientation 3, mode 1, display id 0
I/WindowManager(  502): Screen frozen for +80ms due to Window{4235e350 u0 com.apportable.BrutaalEngels/com.apportable.activity.VerdeActivity}
W/GAV2    (16403): Thread[Service Reconnect,5,main]: Service unavailable (code=1), using local store.
W/ActivityManager(  502): Unable to start service Intent { act=com.google.android.gms.analytics.service.START cmp=com.google.android.gms/.analytics.service.AnalyticsService (has extras) } U=0: not found
D/dalvikvm(  502): JIT code cache reset in 6 ms (1535988 bytes 12/0)
D/dalvikvm(  502): GC_EXPLICIT freed 2518K, 26% free 18359K/24620K, paused 3ms+14ms, total 99ms
D/GCM     (14638): Message class hwb
D/ConnectivityService(  502): handleInetConditionHoldEnd: net=1, condition=100, published condition=100
D/dalvikvm(24679): GC_CONCURRENT freed 388K, 19% free 8180K/10080K, paused 4ms+4ms, total 33ms
D/dalvikvm(  502): WAIT_FOR_CONCURRENT_GC blocked 1ms
D/dalvikvm(  502): GC_EXPLICIT freed 177K, 26% free 18296K/24620K, paused 2ms+8ms, total 87ms
D/dalvikvm(  502): GC_EXPLICIT freed 84K, 26% free 18288K/24620K, paused 4ms+7ms, total 88ms
D/dalvikvm(24679): GC_CONCURRENT freed 359K, 19% free 8215K/10080K, paused 3ms+4ms, total 29ms
D/dalvikvm(  502): GC_EXPLICIT freed 77K, 26% free 18285K/24620K, paused 4ms+7ms, total 90ms
D/dalvikvm(  502): GC_EXPLICIT freed 75K, 26% free 18285K/24620K, paused 3ms+7ms, total 89ms
D/dalvikvm(24679): GC_CONCURRENT freed 403K, 19% free 8208K/10080K, paused 2ms+4ms, total 28ms
D/dalvikvm(  502): GC_EXPLICIT freed 74K, 26% free 18285K/24620K, paused 3ms+8ms, total 89ms
D/dalvikvm(  502): GC_EXPLICIT freed 74K, 26% free 18285K/24620K, paused 4ms+7ms, total 93ms
D/dalvikvm(24679): GC_CONCURRENT freed 398K, 19% free 8205K/10080K, paused 2ms+4ms, total 30ms
D/dalvikvm(  502): GC_EXPLICIT freed 74K, 26% free 18285K/24620K, paused 3ms+8ms, total 88ms
D/dalvikvm(  502): GC_EXPLICIT freed 75K, 26% free 18285K/24620K, paused 6ms+8ms, total 97ms
D/dalvikvm(24679): GC_CONCURRENT freed 388K, 19% free 8206K/10080K, paused 3ms+4ms, total 34ms
D/dalvikvm(  502): GC_EXPLICIT freed 75K, 26% free 18285K/24620K, paused 4ms+7ms, total 87ms
D/dalvikvm(24679): GC_CONCURRENT freed 406K, 19% free 8195K/10080K, paused 2ms+4ms, total 28ms
D/dalvikvm(  502): GC_EXPLICIT freed 74K, 26% free 18285K/24620K, paused 3ms+7ms, total 89ms
D/dalvikvm(  502): GC_EXPLICIT freed 74K, 26% free 18285K/24620K, paused 4ms+7ms, total 90ms
D/dalvikvm(24679): GC_CONCURRENT freed 405K, 19% free 8185K/10080K, paused 2ms+4ms, total 33ms
D/dalvikvm(  502): GC_EXPLICIT freed 74K, 26% free 18285K/24620K, paused 4ms+7ms, total 94ms
E/MtpServer(24679): deletePath stat failed for /storage/emulated/0/BrutaalEngels-debug.apk: No such file or directory
D/MtpServer(24679): path: /storage/emulated/0/BrutaalEngels-debug.apk parent: 0 storageID: 00010001
D/dalvikvm(24679): GC_CONCURRENT freed 412K, 20% free 8161K/10080K, paused 5ms+4ms, total 31ms
D/AndroidRuntime(16512): 
D/AndroidRuntime(16512): >>>>>> AndroidRuntime START com.android.internal.os.RuntimeInit <<<<<<
D/AndroidRuntime(16512): CheckJNI is OFF
D/dalvikvm(16512): Trying to load lib libjavacore.so 0x0
D/dalvikvm(16512): Added shared lib libjavacore.so 0x0
D/dalvikvm(16512): Trying to load lib libnativehelper.so 0x0
D/dalvikvm(16512): Added shared lib libnativehelper.so 0x0
D/dalvikvm(16512): No JNI_OnLoad found in libnativehelper.so 0x0, skipping init
D/dalvikvm(16512): Note: class Landroid/app/ActivityManagerNative; has 179 unimplemented (abstract) methods
E/memtrack(16512): Couldn't load memtrack module (No such file or directory)
E/android.os.Debug(16512): failed to load memtrack module: -2
D/AndroidRuntime(16512): Calling main entry com.android.commands.pm.Pm
W/ActivityManager(  502): No content provider found for permission revoke: file:///sdcard/BrutaalEngels-debug.apk
W/ActivityManager(  502): No content provider found for permission revoke: file:///sdcard/BrutaalEngels-debug.apk
I/PackageManager(  502): Copying native libraries to /data/app-lib/vmdl1221941804
W/PackageParser(  502): Unknown element under <manifest>: supports-gl-texture at /data/app/vmdl1221941804.tmp Binary XML file line #9
D/dalvikvm(  502): GC_CONCURRENT freed 1889K, 23% free 19072K/24620K, paused 4ms+6ms, total 96ms
D/dalvikvm(  502): WAIT_FOR_CONCURRENT_GC blocked 71ms
D/dalvikvm(  502): GC_CONCURRENT freed 2831K, 23% free 19113K/24620K, paused 2ms+8ms, total 94ms
D/dalvikvm(  502): WAIT_FOR_CONCURRENT_GC blocked 80ms
I/PackageManager(  502): New shared user com.apportable.BrutaalEngels: id=10108
I/PackageManager(  502): Running dexopt on: com.apportable.BrutaalEngels
D/dalvikvm(16544): DexOpt: load 189ms, verify+opt 634ms, 2355068 bytes
I/ActivityManager(  502): Force stopping com.apportable.BrutaalEngels appid=10108 user=-1: update pkg
I/InputReader(  502): Reconfiguring input devices.  changes=0x00000010
D/Documents(16365): Used cached roots for com.android.providers.downloads.documents
D/Documents(16365): Used cached roots for com.android.externalstorage.documents
D/Documents(16365): Used cached roots for com.android.providers.media.documents
D/Documents(16365): Loading roots for com.google.android.apps.docs.storage
D/BackupManagerService(  502): Received broadcast Intent { act=android.intent.action.PACKAGE_ADDED dat=package:com.apportable.BrutaalEngels flg=0x4000010 (has extras) }
V/BackupManagerService(  502): addPackageParticipantsLocked: #1
D/Documents(16365): Update found 9 roots in 125ms
D/dalvikvm(  502): GC_EXPLICIT freed 2801K, 22% free 19197K/24372K, paused 2ms+13ms, total 217ms
D/dalvikvm(  502): WAIT_FOR_CONCURRENT_GC blocked 67ms
D/dalvikvm(  502): WAIT_FOR_CONCURRENT_GC blocked 44ms
D/dalvikvm(  502): WAIT_FOR_CONCURRENT_GC blocked 60ms
D/dalvikvm(  502): WAIT_FOR_CONCURRENT_GC blocked 59ms
D/AndroidRuntime(16512): Shutting down VM
D/dalvikvm(  502): WAIT_FOR_CONCURRENT_GC blocked 67ms
D/dalvikvm(16512): GC_CONCURRENT freed 95K, 16% free 560K/660K, paused 0ms+1ms, total 4ms
I/dalvikvm( 5363): Jit: resizing JitTable from 4096 to 8192
I/Icing.InternalIcingCorporaProvider( 5363): Updating corpora: A: com.apportable.BrutaalEngels, C: MAYBE
D/PackageBroadcastService(14818): Received broadcast action=android.intent.action.PACKAGE_ADDED and uri=com.apportable.BrutaalEngels
I/PeopleContactsSync(14818): CP2 sync disabled
D/dalvikvm(14818): GC_CONCURRENT freed 417K, 6% free 8804K/9268K, paused 3ms+8ms, total 71ms
D/dalvikvm( 5363): GC_CONCURRENT freed 394K, 10% free 9429K/10384K, paused 5ms+57ms, total 132ms
D/dalvikvm( 5363): WAIT_FOR_CONCURRENT_GC blocked 80ms
I/MediaStoreImporter( 5241): Update: incremental Added music: 0 Updated music: 0 Deleted music: 0 Created playlists: 0 Updated playlists: 0 Deleted playlists: 0 Inserted playlist items: 0 Deleted playlist items: 0 Removed orphaned playlist items: 0
D/AndroidRuntime(16565): 
D/AndroidRuntime(16565): >>>>>> AndroidRuntime START com.android.internal.os.RuntimeInit <<<<<<
D/AndroidRuntime(16565): CheckJNI is OFF
D/dalvikvm(16565): Trying to load lib libjavacore.so 0x0
D/dalvikvm(16565): Added shared lib libjavacore.so 0x0
D/dalvikvm(16565): Trying to load lib libnativehelper.so 0x0
