I/WindowState(  502): WIN DEATH: Window{425c2470 u0 com.apportable.BrutaalEngels/com.apportable.activity.VerdeActivity}
W/WindowManager(  502): Failed looking up window
W/WindowManager(  502): java.lang.IllegalArgumentException: Requested window android.os.BinderProxy@424fb1d0 does not exist
W/WindowManager(  502): 	at com.android.server.wm.WindowManagerService.windowForClientLocked(WindowManagerService.java:7923)
W/WindowManager(  502): 	at com.android.server.wm.WindowManagerService.windowForClientLocked(WindowManagerService.java:7914)
W/WindowManager(  502): 	at com.android.server.wm.WindowState$DeathRecipient.binderDied(WindowState.java:1047)
W/WindowManager(  502): 	at android.os.BinderProxy.sendDeathNotice(Binder.java:493)
W/WindowManager(  502): 	at dalvik.system.NativeStart.run(Native Method)
I/WindowState(  502): WIN DEATH: null
W/Binder  (  708): Caught a RuntimeException from the binder stub implementation.
W/Binder  (  708): java.lang.NullPointerException
W/Binder  (  708): 	at android.inputmethodservice.IInputMethodWrapper.setSessionEnabled(IInputMethodWrapper.java:280)
W/Binder  (  708): 	at com.android.internal.view.IInputMethod$Stub.onTransact(IInputMethod.java:129)
W/Binder  (  708): 	at android.os.Binder.execTransact(Binder.java:404)
W/Binder  (  708): 	at dalvik.system.NativeStart.run(Native Method)
W/InputMethodManagerService(  502): Got RemoteException sending setActive(false) notification to pid 16576 uid 10108
I/InputReader(  502): Reconfiguring input devices.  changes=0x00000004
I/InputReader(  502): Device reconfigured: id=2, name='elan-touchscreen', size 800x1280, orientation 3, mode 1, display id 0
I/WindowManager(  502): Screen frozen for +65ms due to Window{4258b3a0 u0 com.apportable.BrutaalEngels/com.apportable.activity.VerdeActivity}
W/JavaBinder(  502): Binder has been finalized when calling linkToDeath() with recip=0x1d200005)
D/dalvikvm(  502): GC_EXPLICIT freed 713K, 26% free 18118K/24372K, paused 10ms+6ms, total 103ms
D/ConnectivityService(  502): Sampling interval elapsed, updating statistics ..
D/ConnectivityService(  502): Done.
D/ConnectivityService(  502): Setting timer for 720seconds
I/EventLogService(14638): Aggregate from 1393502797333 (log), 1393502797333 (data)
D/dalvikvm(14638): GC_FOR_ALLOC freed 470K, 8% free 9586K/10348K, paused 150ms, total 150ms
I/ServiceDumpSys(14638): dumping service [account]
V/BufferedAnalyticsState(14731): Not ready for upload, 314 seconds left.
W/AppOps  (  502): Bad call: specified package com.google.android.googlequicksearchbox under uid 10017 but it is really 10052
D/libgps  (  502): proxy_gps_inject_location()
D/dalvikvm(14731): GC_CONCURRENT freed 400K, 7% free 8808K/9416K, paused 2ms+2ms, total 36ms
W/AppOps  (  502): Bad call: specified package com.google.android.googlequicksearchbox under uid 10017 but it is really 10052
V/BufferedAnalyticsState(14731): Not ready for upload, 29 seconds left.
D/libgps  (  502): proxy_gps_inject_location()
I/ProcessStatsService(  502): Prepared write state in 24ms
I/ProcessStatsService(  502): Pruning old procstats: /data/system/procstats/state-2014-02-25-22-23-54.bin
D/dalvikvm(21013): GC_CONCURRENT freed 387K, 6% free 7735K/8160K, paused 3ms+1ms, total 33ms
D/dalvikvm(14731): GC_CONCURRENT freed 502K, 7% free 8818K/9416K, paused 15ms+2ms, total 52ms
D/dalvikvm(14731): WAIT_FOR_CONCURRENT_GC blocked 37ms
W/AppOps  (  502): Bad call: specified package com.google.android.googlequicksearchbox under uid 10017 but it is really 10052
D/libgps  (  502): proxy_gps_inject_location()
D/dalvikvm(  502): GC_EXPLICIT freed 1233K, 26% free 18083K/24372K, paused 4ms+7ms, total 89ms
D/dalvikvm(  502): GC_EXPLICIT freed 146K, 27% free 18011K/24372K, paused 2ms+7ms, total 80ms
D/dalvikvm(24679): GC_CONCURRENT freed 341K, 19% free 8212K/10080K, paused 2ms+3ms, total 30ms
D/dalvikvm(  502): GC_EXPLICIT freed 74K, 27% free 18011K/24372K, paused 4ms+6ms, total 83ms
D/dalvikvm(24679): GC_CONCURRENT freed 399K, 19% free 8207K/10080K, paused 3ms+16ms, total 96ms
D/dalvikvm(  502): GC_EXPLICIT freed 74K, 27% free 18011K/24372K, paused 3ms+6ms, total 85ms
D/dalvikvm(  502): GC_EXPLICIT freed 74K, 27% free 18011K/24372K, paused 3ms+7ms, total 83ms
D/dalvikvm(24679): GC_CONCURRENT freed 390K, 19% free 8210K/10080K, paused 4ms+4ms, total 35ms
D/dalvikvm(  502): GC_EXPLICIT freed 75K, 27% free 18011K/24372K, paused 3ms+7ms, total 85ms
D/dalvikvm(  502): GC_EXPLICIT freed 85K, 27% free 18016K/24372K, paused 4ms+7ms, total 88ms
D/dalvikvm(24679): GC_CONCURRENT freed 390K, 19% free 8211K/10080K, paused 3ms+3ms, total 29ms
D/dalvikvm(  502): GC_EXPLICIT freed 75K, 27% free 18015K/24372K, paused 3ms+8ms, total 87ms
D/dalvikvm(  502): GC_EXPLICIT freed 75K, 27% free 18015K/24372K, paused 3ms+7ms, total 86ms
D/dalvikvm(24679): GC_CONCURRENT freed 391K, 19% free 8212K/10080K, paused 3ms+5ms, total 29ms
D/dalvikvm(  502): GC_EXPLICIT freed 74K, 27% free 18015K/24372K, paused 4ms+8ms, total 90ms
D/dalvikvm(24679): GC_CONCURRENT freed 421K, 19% free 8189K/10080K, paused 4ms+3ms, total 36ms
D/dalvikvm(  502): GC_EXPLICIT freed 74K, 27% free 18015K/24372K, paused 5ms+7ms, total 89ms
D/dalvikvm(  502): GC_EXPLICIT freed 74K, 27% free 18015K/24372K, paused 3ms+7ms, total 86ms
D/dalvikvm(24679): GC_CONCURRENT freed 396K, 19% free 8190K/10080K, paused 3ms+4ms, total 37ms
E/MtpServer(24679): deletePath stat failed for /storage/emulated/0/BrutaalEngels-debug.apk: No such file or directory
D/MtpServer(24679): path: /storage/emulated/0/BrutaalEngels-debug.apk parent: 0 storageID: 00010001
D/AndroidRuntime(16927): 
D/AndroidRuntime(16927): >>>>>> AndroidRuntime START com.android.internal.os.RuntimeInit <<<<<<
D/AndroidRuntime(16927): CheckJNI is OFF
D/dalvikvm(16927): Trying to load lib libjavacore.so 0x0
D/dalvikvm(16927): Added shared lib libjavacore.so 0x0
D/dalvikvm(16927): Trying to load lib libnativehelper.so 0x0
D/dalvikvm(16927): Added shared lib libnativehelper.so 0x0
D/dalvikvm(16927): No JNI_OnLoad found in libnativehelper.so 0x0, skipping init
D/dalvikvm(16927): Note: class Landroid/app/ActivityManagerNative; has 179 unimplemented (abstract) methods
E/memtrack(16927): Couldn't load memtrack module (No such file or directory)
E/android.os.Debug(16927): failed to load memtrack module: -2
D/AndroidRuntime(16927): Calling main entry com.android.commands.pm.Pm
W/ActivityManager(  502): No content provider found for permission revoke: file:///sdcard/BrutaalEngels-debug.apk
W/ActivityManager(  502): No content provider found for permission revoke: file:///sdcard/BrutaalEngels-debug.apk
I/PackageManager(  502): Copying native libraries to /data/app-lib/vmdl1445663176
W/PackageParser(  502): Unknown element under <manifest>: supports-gl-texture at /data/app/vmdl1445663176.tmp Binary XML file line #9
D/dalvikvm(  502): GC_CONCURRENT freed 1818K, 23% free 18800K/24372K, paused 4ms+7ms, total 176ms
D/dalvikvm(  502): WAIT_FOR_CONCURRENT_GC blocked 72ms
D/dalvikvm(  502): GC_CONCURRENT freed 2762K, 23% free 18839K/24372K, paused 4ms+7ms, total 103ms
D/dalvikvm(  502): WAIT_FOR_CONCURRENT_GC blocked 49ms
I/ActivityManager(  502): Force stopping com.apportable.BrutaalEngels appid=10108 user=-1: uninstall pkg
I/PackageManager(  502): Package com.apportable.BrutaalEngels codePath changed from /data/app/com.apportable.BrutaalEngels-1.apk to /data/app/com.apportable.BrutaalEngels-2.apk; Retaining data and using new
I/PackageManager(  502): Running dexopt on: com.apportable.BrutaalEngels
D/dalvikvm(16957): DexOpt: load 220ms, verify+opt 634ms, 2355068 bytes
I/ActivityManager(  502): Force stopping com.apportable.BrutaalEngels appid=10108 user=-1: update pkg
W/PackageManager(  502): Code path for pkg : com.apportable.BrutaalEngels changing from /data/app/com.apportable.BrutaalEngels-1.apk to /data/app/com.apportable.BrutaalEngels-2.apk
W/PackageManager(  502): Resource path for pkg : com.apportable.BrutaalEngels changing from /data/app/com.apportable.BrutaalEngels-1.apk to /data/app/com.apportable.BrutaalEngels-2.apk
D/dalvikvm(  502): GC_CONCURRENT freed 2712K, 23% free 18973K/24372K, paused 4ms+11ms, total 94ms
I/ActivityManager(  502): Force stopping com.apportable.BrutaalEngels appid=10108 user=0: pkg removed
D/dalvikvm( 5363): GC_EXPLICIT freed 589K, 11% free 9253K/10384K, paused 3ms+4ms, total 55ms
D/Documents(16365): Used cached roots for com.android.providers.downloads.documents
D/Documents(16365): Used cached roots for com.android.externalstorage.documents
D/Documents(16365): Used cached roots for com.android.providers.media.documents
D/Documents(16365): Used cached roots for com.google.android.apps.docs.storage
D/Documents(16365): Update found 9 roots in 5ms
D/Documents(16365): Used cached roots for com.android.providers.downloads.documents
D/Documents(16365): Used cached roots for com.android.externalstorage.documents
D/Documents(16365): Used cached roots for com.android.providers.media.documents
D/Documents(16365): Used cached roots for com.google.android.apps.docs.storage
D/Documents(16365): Update found 9 roots in 9ms
D/dalvikvm(  761): GC_EXPLICIT freed 3964K, 32% free 18347K/26636K, paused 3ms+10ms, total 109ms
D/dalvikvm(  747): GC_CONCURRENT freed 509K, 7% free 8015K/8560K, paused 9ms+2ms, total 32ms
D/dalvikvm(  747): WAIT_FOR_CONCURRENT_GC blocked 23ms
I/InputReader(  502): Reconfiguring input devices.  changes=0x00000010
I/InputReader(  502): Reconfiguring input devices.  changes=0x00000010
I/InputReader(  502): Reconfiguring input devices.  changes=0x00000010
W/ContextImpl( 5065): Calling a method in the system process without a qualified user: android.app.ContextImpl.startService:1479 android.content.ContextWrapper.startService:494 android.content.ContextWrapper.startService:494 com.android.keychain.KeyChainBroadcastReceiver.onReceive:12 android.app.ActivityThread.handleReceiver:2419 
D/dalvikvm(  502): GC_EXPLICIT freed 1316K, 26% free 18089K/24372K, paused 5ms+9ms, total 488ms
D/AndroidRuntime(16927): Shutting down VM
W/System.err( 5093): java.io.FileNotFoundException: /data/data/eu.chainfire.supersu/files/supersu.cfg: open failed: EACCES (Permission denied)
W/System.err( 5093): 	at libcore.io.IoBridge.open(IoBridge.java:409)
W/System.err( 5093): 	at java.io.FileOutputStream.<init>(FileOutputStream.java:88)
W/System.err( 5093): 	at android.app.ContextImpl.openFileOutput(ContextImpl.java:801)
W/System.err( 5093): 	at android.content.ContextWrapper.openFileOutput(ContextWrapper.java:185)
W/System.err( 5093): 	at eu.chainfire.supersu.Settings.(:600)
W/System.err( 5093): 	at eu.chainfire.supersu.SuperUserIntentService.onHandleIntent(:66)
W/System.err( 5093): 	at android.app.IntentService$ServiceHandler.handleMessage(IntentService.java:65)
W/System.err( 5093): 	at android.os.Handler.dispatchMessage(Handler.java:102)
W/System.err( 5093): 	at android.os.Looper.loop(Looper.java:136)
W/System.err( 5093): 	at android.os.HandlerThread.run(HandlerThread.java:61)
W/System.err( 5093): Caused by: libcore.io.ErrnoException: open failed: EACCES (Permission denied)
W/System.err( 5093): 	at libcore.io.Posix.open(Native Method)
W/System.err( 5093): 	at libcore.io.BlockGuardOs.open(BlockGuardOs.java:110)
W/System.err( 5093): 	at libcore.io.IoBridge.open(IoBridge.java:393)
W/System.err( 5093): 	... 9 more
D/dalvikvm( 5093): GC_CONCURRENT freed 453K, 7% free 7700K/8192K, paused 203ms+2ms, total 243ms
D/dalvikvm(16927): GC_CONCURRENT freed 95K, 16% free 560K/660K, paused 1ms+0ms, total 10ms
D/PackageBroadcastService(14818): Received broadcast action=android.intent.action.PACKAGE_REMOVED and uri=com.apportable.BrutaalEngels
D/dalvikvm( 4905): GC_CONCURRENT freed 407K, 6% free 8022K/8468K, paused 5ms+2ms, total 38ms
I/Icing.InternalIcingCorporaProvider( 5363): Updating corpora: A: com.apportable.BrutaalEngels, C: MAYBE
D/PackageBroadcastService(14818): Received broadcast action=android.intent.action.PACKAGE_ADDED and uri=com.apportable.BrutaalEngels
D/PackageBroadcastService(14818): Received broadcast action=android.intent.action.PACKAGE_REPLACED and uri=com.apportable.BrutaalEngels
I/PeopleContactsSync(14818): CP2 sync disabled
D/dalvikvm(14818): GC_CONCURRENT freed 453K, 6% free 8801K/9288K, paused 131ms+14ms, total 1060ms
D/dalvikvm( 5241): GC_CONCURRENT freed 376K, 5% free 8350K/8772K, paused 40ms+2ms, total 70ms
I/MediaStoreImporter( 5241): Update: incremental Added music: 0 Updated music: 0 Deleted music: 0 Created playlists: 0 Updated playlists: 0 Deleted playlists: 0 Inserted playlist items: 0 Deleted playlist items: 0 Removed orphaned playlist items: 0
D/AndroidRuntime(16995): 
D/AndroidRuntime(16995): >>>>>> AndroidRuntime START com.android.internal.os.RuntimeInit <<<<<<
D/AndroidRuntime(16995): CheckJNI is OFF
D/dalvikvm(16995): Trying to load lib libjavacore.so 0x0
D/dalvikvm(16995): Added shared lib libjavacore.so 0x0
D/dalvikvm(16995): Trying to load lib libnativehelper.so 0x0
D/dalvikvm(16995): Added shared lib libnativehelper.so 0x0
D/dalvikvm(16995): No JNI_OnLoad found in libnativehelper.so 0x0, skipping init
D/dalvikvm(16995): Note: class Landroid/app/ActivityManagerNative; has 179 unimplemented (abstract) methods
I/Icing   (14818): Indexing 955E3E6A9B31C1C05354FEC7AD1CB5E661AEAB1E from com.google.android.googlequicksearchbox
E/memtrack(16995): Couldn't load memtrack module (No such file or directory)
E/android.os.Debug(16995): failed to load memtrack module: -2
D/BackupManagerService(  502): Received broadcast Intent { act=android.intent.action.PACKAGE_REMOVED dat=package:com.apportable.BrutaalEngels flg=0x4000010 (has extras) }
D/BackupManagerService(  502): Received broadcast Intent { act=android.intent.action.PACKAGE_ADDED dat=package:com.apportable.BrutaalEngels flg=0x4000010 (has extras) }
V/BackupManagerService(  502): removePackageParticipantsLocked: uid=10108 #1
V/BackupManagerService(  502): addPackageParticipantsLocked: #1
D/AndroidRuntime(16995): Calling main entry com.android.commands.am.Am
I/ActivityManager(  502): START u0 {flg=0x10000000 cmp=com.apportable.BrutaalEngels/com.apportable.activity.VerdeActivity (has extras)} from pid 16995
D/AndroidRuntime(16995): Shutting down VM
D/dalvikvm(16995): GC_CONCURRENT freed 96K, 15% free 586K/684K, paused 0ms+1ms, total 4ms
D/dalvikvm(17011): Late-enabling CheckJNI
I/ActivityManager(  502): Start proc com.apportable.BrutaalEngels for activity com.apportable.BrutaalEngels/com.apportable.activity.VerdeActivity: pid=17011 uid=10108 gids={50108, 3003}
I/InputReader(  502): Reconfiguring input devices.  changes=0x00000004
I/InputReader(  502): Device reconfigured: id=2, name='elan-touchscreen', size 800x1280, orientation 1, mode 1, display id 0
I/InputReader(  502): Reconfiguring input devices.  changes=0x00000004
D/APPLICATION(17011): Loading lifecycle listeners
D/CrashReporter(17011): New install
D/CrashReporter(17011): Existing install
D/CrashReporter(17011): Existing install
I/Icing   (14818): Indexing done 955E3E6A9B31C1C05354FEC7AD1CB5E661AEAB1E
V/ApportableOrientationEventListener(17011): deviceModel = Nexus 7, orientation adjustment = false
D/dalvikvm(17011): GC_FOR_ALLOC freed 167K, 3% free 7661K/7868K, paused 29ms, total 29ms
I/dalvikvm-heap(17011): Grow heap (frag case) to 10.288MB for 2908176-byte allocation
D/dalvikvm(17011): GC_FOR_ALLOC freed <1K, 2% free 10501K/10712K, paused 12ms, total 12ms
D/dalvikvm(17011): GC_CONCURRENT freed <1K, 2% free 10501K/10712K, paused 2ms+2ms, total 16ms
V/com.apportable.AssetManager(17011): App Expansion Files: main: version:0 size:0.
V/com.apportable.AssetManager(17011): App does not have Expansion Files
D/LibraryManager(17011): Scanning ABI armeabi
D/LibraryManager(17011): Scanning ABI armeabi-v7a
D/LibraryManager(17011): Won't patch libraries - '/storage/emulated/0/libs/com.apportable.BrutaalEngels' doesn't exist
D/LibraryManager(17011): Loading library 'v'...
D/dalvikvm(17011): Trying to load lib /data/app-lib/com.apportable.BrutaalEngels-2/libv.so 0x41d595a0
W/linker  (17011): libv.so has text relocations. This is wasting memory and is a security risk. Please fix.
D/dalvikvm(17011): Added shared lib /data/app-lib/com.apportable.BrutaalEngels-2/libv.so 0x41d595a0
D/LibraryManager(17011): Loaded in 91 ms
D/LibraryManager(17011): Loading library 'cxx'...
D/dalvikvm(17011): Trying to load lib /data/app-lib/com.apportable.BrutaalEngels-2/libcxx.so 0x41d595a0
W/linker  (17011): libcxx.so has text relocations. This is wasting memory and is a security risk. Please fix.
D/dalvikvm(17011): Added shared lib /data/app-lib/com.apportable.BrutaalEngels-2/libcxx.so 0x41d595a0
D/dalvikvm(17011): No JNI_OnLoad found in /data/app-lib/com.apportable.BrutaalEngels-2/libcxx.so 0x41d595a0, skipping init
D/LibraryManager(17011): Loaded in 3 ms
D/LibraryManager(17011): Loading library 'System'...
D/dalvikvm(17011): Trying to load lib /data/app-lib/com.apportable.BrutaalEngels-2/libSystem.so 0x41d595a0
W/linker  (17011): libSystem.so has text relocations. This is wasting memory and is a security risk. Please fix.
D/dalvikvm(17011): Added shared lib /data/app-lib/com.apportable.BrutaalEngels-2/libSystem.so 0x41d595a0
D/dalvikvm(17011): No JNI_OnLoad found in /data/app-lib/com.apportable.BrutaalEngels-2/libSystem.so 0x41d595a0, skipping init
D/LibraryManager(17011): Loaded in 7 ms
D/LibraryManager(17011): Loading library 'icu'...
D/dalvikvm(17011): Trying to load lib /data/app-lib/com.apportable.BrutaalEngels-2/libicu.so 0x41d595a0
W/linker  (17011): libicu.so has text relocations. This is wasting memory and is a security risk. Please fix.
D/dalvikvm(17011): Added shared lib /data/app-lib/com.apportable.BrutaalEngels-2/libicu.so 0x41d595a0
D/dalvikvm(17011): No JNI_OnLoad found in /data/app-lib/com.apportable.BrutaalEngels-2/libicu.so 0x41d595a0, skipping init
D/LibraryManager(17011): Loaded in 6 ms
D/LibraryManager(17011): Loading library 'CoreFoundation'...
D/dalvikvm(17011): Trying to load lib /data/app-lib/com.apportable.BrutaalEngels-2/libCoreFoundation.so 0x41d595a0
W/linker  (17011): libCoreFoundation.so has text relocations. This is wasting memory and is a security risk. Please fix.
I/objc    (17011): Class NSBlock is implemented in two different images.
D/dalvikvm(17011): Added shared lib /data/app-lib/com.apportable.BrutaalEngels-2/libCoreFoundation.so 0x41d595a0
D/dalvikvm(17011): No JNI_OnLoad found in /data/app-lib/com.apportable.BrutaalEngels-2/libCoreFoundation.so 0x41d595a0, skipping init
D/LibraryManager(17011): Loaded in 33 ms
D/LibraryManager(17011): Loading library 'CommonCrypto'...
D/dalvikvm(17011): Trying to load lib /data/app-lib/com.apportable.BrutaalEngels-2/libCommonCrypto.so 0x41d595a0
W/linker  (17011): libCommonCrypto.so has text relocations. This is wasting memory and is a security risk. Please fix.
D/dalvikvm(17011): Added shared lib /data/app-lib/com.apportable.BrutaalEngels-2/libCommonCrypto.so 0x41d595a0
D/dalvikvm(17011): No JNI_OnLoad found in /data/app-lib/com.apportable.BrutaalEngels-2/libCommonCrypto.so 0x41d595a0, skipping init
D/LibraryManager(17011): Loaded in 1 ms
D/LibraryManager(17011): Loading library 'crypto_1_01f'...
D/dalvikvm(17011): Trying to load lib /data/app-lib/com.apportable.BrutaalEngels-2/libcrypto_1_01f.so 0x41d595a0
W/linker  (17011): libcrypto_1_01f.so has text relocations. This is wasting memory and is a security risk. Please fix.
D/dalvikvm(17011): GC_CONCURRENT freed 552K, 6% free 10798K/11384K, paused 3ms+5ms, total 40ms
D/dalvikvm(17011): Added shared lib /data/app-lib/com.apportable.BrutaalEngels-2/libcrypto_1_01f.so 0x41d595a0
D/dalvikvm(17011): No JNI_OnLoad found in /data/app-lib/com.apportable.BrutaalEngels-2/libcrypto_1_01f.so 0x41d595a0, skipping init
D/LibraryManager(17011): Loaded in 5 ms
D/LibraryManager(17011): Loading library 'ssl_1_01f'...
D/dalvikvm(17011): Trying to load lib /data/app-lib/com.apportable.BrutaalEngels-2/libssl_1_01f.so 0x41d595a0
W/linker  (17011): libssl_1_01f.so has text relocations. This is wasting memory and is a security risk. Please fix.
D/dalvikvm(17011): Added shared lib /data/app-lib/com.apportable.BrutaalEngels-2/libssl_1_01f.so 0x41d595a0
D/dalvikvm(17011): No JNI_OnLoad found in /data/app-lib/com.apportable.BrutaalEngels-2/libssl_1_01f.so 0x41d595a0, skipping init
D/LibraryManager(17011): Loaded in 3 ms
D/LibraryManager(17011): Loading library 'Security'...
D/dalvikvm(17011): Trying to load lib /data/app-lib/com.apportable.BrutaalEngels-2/libSecurity.so 0x41d595a0
W/linker  (17011): libSecurity.so has text relocations. This is wasting memory and is a security risk. Please fix.
D/dalvikvm(17011): Added shared lib /data/app-lib/com.apportable.BrutaalEngels-2/libSecurity.so 0x41d595a0
D/dalvikvm(17011): No JNI_OnLoad found in /data/app-lib/com.apportable.BrutaalEngels-2/libSecurity.so 0x41d595a0, skipping init
D/LibraryManager(17011): Loaded in 2 ms
D/LibraryManager(17011): Loading library 'SystemConfiguration'...
D/dalvikvm(17011): Trying to load lib /data/app-lib/com.apportable.BrutaalEngels-2/libSystemConfiguration.so 0x41d595a0
W/linker  (17011): libSystemConfiguration.so has text relocations. This is wasting memory and is a security risk. Please fix.
D/dalvikvm(17011): Added shared lib /data/app-lib/com.apportable.BrutaalEngels-2/libSystemConfiguration.so 0x41d595a0
D/dalvikvm(17011): No JNI_OnLoad found in /data/app-lib/com.apportable.BrutaalEngels-2/libSystemConfiguration.so 0x41d595a0, skipping init
D/LibraryManager(17011): Loaded in 1 ms
D/LibraryManager(17011): Loading library 'CFNetwork'...
D/dalvikvm(17011): Trying to load lib /data/app-lib/com.apportable.BrutaalEngels-2/libCFNetwork.so 0x41d595a0
W/linker  (17011): libCFNetwork.so has text relocations. This is wasting memory and is a security risk. Please fix.
D/dalvikvm(17011): Added shared lib /data/app-lib/com.apportable.BrutaalEngels-2/libCFNetwork.so 0x41d595a0
D/dalvikvm(17011): No JNI_OnLoad found in /data/app-lib/com.apportable.BrutaalEngels-2/libCFNetwork.so 0x41d595a0, skipping init
D/LibraryManager(17011): Loaded in 4 ms
I/ActivityManager(  502): Displayed com.apportable.BrutaalEngels/com.apportable.activity.VerdeActivity: +977ms
D/LibraryManager(17011): Loading library 'Foundation'...
D/dalvikvm(17011): Trying to load lib /data/app-lib/com.apportable.BrutaalEngels-2/libFoundation.so 0x41d595a0
W/linker  (17011): libFoundation.so has text relocations. This is wasting memory and is a security risk. Please fix.
I/WindowManager(  502): Screen frozen for +869ms due to Window{4208ea18 u0 com.apportable.BrutaalEngels/com.apportable.activity.VerdeActivity}
D/dalvikvm(17011): Added shared lib /data/app-lib/com.apportable.BrutaalEngels-2/libFoundation.so 0x41d595a0
D/dalvikvm(17011): No JNI_OnLoad found in /data/app-lib/com.apportable.BrutaalEngels-2/libFoundation.so 0x41d595a0, skipping init
D/LibraryManager(17011): Loaded in 354 ms
D/LibraryManager(17011): Loading library 'freetype'...
D/dalvikvm(17011): Trying to load lib /data/app-lib/com.apportable.BrutaalEngels-2/libfreetype.so 0x41d595a0
W/linker  (17011): libfreetype.so has text relocations. This is wasting memory and is a security risk. Please fix.
D/dalvikvm(17011): Added shared lib /data/app-lib/com.apportable.BrutaalEngels-2/libfreetype.so 0x41d595a0
D/dalvikvm(17011): No JNI_OnLoad found in /data/app-lib/com.apportable.BrutaalEngels-2/libfreetype.so 0x41d595a0, skipping init
D/LibraryManager(17011): Loaded in 2 ms
D/LibraryManager(17011): Loading library 'CoreGraphics'...
D/dalvikvm(17011): Trying to load lib /data/app-lib/com.apportable.BrutaalEngels-2/libCoreGraphics.so 0x41d595a0
W/linker  (17011): libCoreGraphics.so has text relocations. This is wasting memory and is a security risk. Please fix.
D/dalvikvm(17011): Added shared lib /data/app-lib/com.apportable.BrutaalEngels-2/libCoreGraphics.so 0x41d595a0
D/dalvikvm(17011): No JNI_OnLoad found in /data/app-lib/com.apportable.BrutaalEngels-2/libCoreGraphics.so 0x41d595a0, skipping init
D/LibraryManager(17011): Loaded in 6 ms
D/LibraryManager(17011): Loading library 'BridgeKit'...
D/dalvikvm(17011): Trying to load lib /data/app-lib/com.apportable.BrutaalEngels-2/libBridgeKit.so 0x41d595a0
W/linker  (17011): libBridgeKit.so has text relocations. This is wasting memory and is a security risk. Please fix.
D/dalvikvm(17011): Added shared lib /data/app-lib/com.apportable.BrutaalEngels-2/libBridgeKit.so 0x41d595a0
D/LibraryManager(17011): Loaded in 24 ms
D/LibraryManager(17011): Loading library 'OpenAL'...
D/dalvikvm(17011): Trying to load lib /data/app-lib/com.apportable.BrutaalEngels-2/libOpenAL.so 0x41d595a0
W/linker  (17011): libOpenAL.so has text relocations. This is wasting memory and is a security risk. Please fix.
I/OpenAL_SLES(17011): alc_opensles_init
D/dalvikvm(17011): Added shared lib /data/app-lib/com.apportable.BrutaalEngels-2/libOpenAL.so 0x41d595a0
I/OpenAL_SLES(17011): API:19
I/OpenAL_SLES(17011): Model:Nexus 7
D/LibraryManager(17011): Loaded in 3 ms
D/LibraryManager(17011): Loading library 'ffi'...
D/dalvikvm(17011): Trying to load lib /data/app-lib/com.apportable.BrutaalEngels-2/libffi.so 0x41d595a0
W/linker  (17011): libffi.so has text relocations. This is wasting memory and is a security risk. Please fix.
D/dalvikvm(17011): Added shared lib /data/app-lib/com.apportable.BrutaalEngels-2/libffi.so 0x41d595a0
D/dalvikvm(17011): No JNI_OnLoad found in /data/app-lib/com.apportable.BrutaalEngels-2/libffi.so 0x41d595a0, skipping init
D/LibraryManager(17011): Loaded in 1 ms
D/LibraryManager(17011): Loading library 'CoreText'...
D/dalvikvm(17011): Trying to load lib /data/app-lib/com.apportable.BrutaalEngels-2/libCoreText.so 0x41d595a0
W/linker  (17011): libCoreText.so has text relocations. This is wasting memory and is a security risk. Please fix.
D/dalvikvm(17011): Added shared lib /data/app-lib/com.apportable.BrutaalEngels-2/libCoreText.so 0x41d595a0
D/dalvikvm(17011): No JNI_OnLoad found in /data/app-lib/com.apportable.BrutaalEngels-2/libCoreText.so 0x41d595a0, skipping init
D/LibraryManager(17011): Loaded in 8 ms
D/LibraryManager(17011): Loading library 'CoreAudio'...
D/dalvikvm(17011): Trying to load lib /data/app-lib/com.apportable.BrutaalEngels-2/libCoreAudio.so 0x41d595a0
W/linker  (17011): libCoreAudio.so has text relocations. This is wasting memory and is a security risk. Please fix.
D/dalvikvm(17011): Added shared lib /data/app-lib/com.apportable.BrutaalEngels-2/libCoreAudio.so 0x41d595a0
D/dalvikvm(17011): No JNI_OnLoad found in /data/app-lib/com.apportable.BrutaalEngels-2/libCoreAudio.so 0x41d595a0, skipping init
D/LibraryManager(17011): Loaded in 3 ms
D/LibraryManager(17011): Loading library 'AudioFile'...
D/dalvikvm(17011): Trying to load lib /data/app-lib/com.apportable.BrutaalEngels-2/libAudioFile.so 0x41d595a0
W/linker  (17011): libAudioFile.so has text relocations. This is wasting memory and is a security risk. Please fix.
D/dalvikvm(17011): Added shared lib /data/app-lib/com.apportable.BrutaalEngels-2/libAudioFile.so 0x41d595a0
D/dalvikvm(17011): No JNI_OnLoad found in /data/app-lib/com.apportable.BrutaalEngels-2/libAudioFile.so 0x41d595a0, skipping init
D/LibraryManager(17011): Loaded in 2 ms
D/LibraryManager(17011): Loading library 'AudioUnit'...
D/dalvikvm(17011): Trying to load lib /data/app-lib/com.apportable.BrutaalEngels-2/libAudioUnit.so 0x41d595a0
W/linker  (17011): libAudioUnit.so has text relocations. This is wasting memory and is a security risk. Please fix.
D/dalvikvm(17011): Added shared lib /data/app-lib/com.apportable.BrutaalEngels-2/libAudioUnit.so 0x41d595a0
D/dalvikvm(17011): No JNI_OnLoad found in /data/app-lib/com.apportable.BrutaalEngels-2/libAudioUnit.so 0x41d595a0, skipping init
D/LibraryManager(17011): Loaded in 2 ms
D/LibraryManager(17011): Loading library 'AudioToolbox'...
D/dalvikvm(17011): Trying to load lib /data/app-lib/com.apportable.BrutaalEngels-2/libAudioToolbox.so 0x41d595a0
W/linker  (17011): libAudioToolbox.so has text relocations. This is wasting memory and is a security risk. Please fix.
D/dalvikvm(17011): Added shared lib /data/app-lib/com.apportable.BrutaalEngels-2/libAudioToolbox.so 0x41d595a0
D/dalvikvm(17011): No JNI_OnLoad found in /data/app-lib/com.apportable.BrutaalEngels-2/libAudioToolbox.so 0x41d595a0, skipping init
D/LibraryManager(17011): Loaded in 2 ms
D/LibraryManager(17011): Loading library 'sqlite_3_7_5'...
D/dalvikvm(17011): Trying to load lib /data/app-lib/com.apportable.BrutaalEngels-2/libsqlite_3_7_5.so 0x41d595a0
W/linker  (17011): libsqlite_3_7_5.so has text relocations. This is wasting memory and is a security risk. Please fix.
D/dalvikvm(17011): Added shared lib /data/app-lib/com.apportable.BrutaalEngels-2/libsqlite_3_7_5.so 0x41d595a0
D/dalvikvm(17011): No JNI_OnLoad found in /data/app-lib/com.apportable.BrutaalEngels-2/libsqlite_3_7_5.so 0x41d595a0, skipping init
D/LibraryManager(17011): Loaded in 2 ms
D/LibraryManager(17011): Loading library 'verde'...
D/dalvikvm(17011): Trying to load lib /data/app-lib/com.apportable.BrutaalEngels-2/libverde.so 0x41d595a0
W/linker  (17011): libverde.so has text relocations. This is wasting memory and is a security risk. Please fix.
D/dalvikvm(17011): Added shared lib /data/app-lib/com.apportable.BrutaalEngels-2/libverde.so 0x41d595a0
D/LibraryManager(17011): Loaded in 1477 ms
D/VerdeActivity(17011): No updater.
D/libEGL  (17011): loaded /system/lib/egl/libEGL_tegra.so
D/libEGL  (17011): loaded /system/lib/egl/libGLESv1_CM_tegra.so
D/libEGL  (17011): loaded /system/lib/egl/libGLESv2_tegra.so
V/choosePreferredConfigOrder(17011): using fast_color
V/Apportable(17011): About to try 50 configurations
D/dalvikvm(  502): GC_EXPLICIT freed 490K, 25% free 18438K/24372K, paused 4ms+9ms, total 97ms
V/Apportable(17011): Chosen EGLConfig accepted:
V/Apportable(17011): conf = com.google.android.gles_jni.EGLConfigImpl@420df0f0
V/Apportable(17011): EGL_RED_SIZE = 5
V/Apportable(17011): EGL_GREEN_SIZE = 6
V/Apportable(17011): EGL_BLUE_SIZE = 5
V/Apportable(17011): EGL_ALPHA_SIZE = 0
V/Apportable(17011): EGL_DEPTH_SIZE = 16
V/Apportable(17011): EGL_STENCIL_SIZE = 8
V/Apportable(17011): EGL_BUFFER_SIZE = 16
V/Apportable(17011): EGL_CONFIG_ID = 32
V/Apportable(17011): EGL_LEVEL = 0
V/Apportable(17011): EGL_MAX_PBUFFER_WIDTH = 2048
V/Apportable(17011): EGL_MAX_PBUFFER_HEIGHT = 2048
V/Apportable(17011): EGL_MAX_PBUFFER_PIXELS = 4194304
V/Apportable(17011): EGL_NATIVE_VISUAL_ID = 4
V/Apportable(17011): EGL_NATIVE_VISUAL_TYPE = -1
V/Apportable(17011): EGL_SAMPLE_BUFFERS = 0
V/Apportable(17011): EGL_SAMPLES = 0
V/Apportable(17011): EGL_TRANSPARENT_TYPE = 12344
V/Apportable(17011): EGL_CONFIG_CAVEAT = 12344 (12344,12368,12369)
V/Apportable(17011): EGL_NATIVE_RENDERABLE = 0
V/Apportable(17011): EGL_SURFACE_TYPE = 1125 EGL_WINDOW_BIT=4 EGL_PBUFFER_BIT=1 EGL_PIXMAP_BIT=2
V/ApportableOrientationEventListener(17011): deviceModel = Nexus 7, orientation adjustment = false
W/ActivityManager(  502): Unable to start service Intent { cmp=com.apportable.BrutaalEngels/com.apportable.notifications.LocalNotificationService } U=0: not found
W/OpenGLES(17011): Not using glBlendFuncSeparateOES
E/AndroidAudioManager(17011): audioManagerService success with remaining attemps:399
I/MediaFocusControl(  502):  AudioFocus  requestAudioFocus() from android.media.AudioManager@41d7c3a0com.apportable.media.AudioManagerService$1@41d7b268
I/OpenAL_SLES(17011): opensles_open_playback pDevice=0x722a6000, deviceName=(null)
I/OpenAL_SLES(17011): alc_opensles_probe DEVICE_PROBE
I/OpenAL_SLES(17011): opensles_reset_playback pDevice=0x722a6000
I/OpenAL_SLES(17011): bits=16, channels=2, samples=1024, size=4096, freq=44100
I/OpenAL_SLES(17011): opensles_open_playback pDevice=0x722a6000, deviceName=
I/OpenAL_SLES(17011): create audio player
I/OpenAL_SLES(17011): playback_function started
I/OpenAL  (17011): _SC_NPROCESSORS_ONLN=4
D/BrutaalEngels(17011): 2014-02-27 13:47:36.827 BrutaalEngels[17011:277c] OAL Error: +[ALWrapper sourcef:parameter:value:]: Invalid Value (error code 0x0000a003)
D/BrutaalEngels(17011): 2014-02-27 13:47:36.827 BrutaalEngels[17011:277c] OAL Warning: -[OALAudioSession onAudioError:]: Received audio error notification, but last reset was 0.014533 seconds ago. Doing nothing.
D/BrutaalEngels(17011): 2014-02-27 13:47:36.827 BrutaalEngels[17011:277c] OAL Error: +[ALWrapper sourcef:parameter:value:]: Invalid Value (error code 0x0000a003)
D/BrutaalEngels(17011): 2014-02-27 13:47:36.828 BrutaalEngels[17011:277c] OAL Warning: -[OALAudioSession onAudioError:]: Received audio error notification, but last reset was 0.015045 seconds ago. Doing nothing.
D/BrutaalEngels(17011): 2014-02-27 13:47:36.828 BrutaalEngels[17011:277c] OAL Error: +[ALWrapper sourcef:parameter:value:]: Invalid Value (error code 0x0000a003)
D/BrutaalEngels(17011): 2014-02-27 13:47:36.828 BrutaalEngels[17011:277c] OAL Warning: -[OALAudioSession onAudioError:]: Received audio error notification, but last reset was 0.015463 seconds ago. Doing nothing.
D/BrutaalEngels(17011): 2014-02-27 13:47:36.828 BrutaalEngels[17011:277c] OAL Error: +[ALWrapper sourcef:parameter:value:]: Invalid Value (error code 0x0000a003)
D/BrutaalEngels(17011): 2014-02-27 13:47:36.828 BrutaalEngels[17011:277c] OAL Warning: -[OALAudioSession onAudioError:]: Received audio error notification, but last reset was 0.015849 seconds ago. Doing nothing.
D/BrutaalEngels(17011): 2014-02-27 13:47:36.829 BrutaalEngels[17011:277c] OAL Error: +[ALWrapper sourcef:parameter:value:]: Invalid Value (error code 0x0000a003)
D/BrutaalEngels(17011): 2014-02-27 13:47:36.829 BrutaalEngels[17011:277c] OAL Warning: -[OALAudioSession onAudioError:]: Received audio error notification, but last reset was 0.016229 seconds ago. Doing nothing.
D/BrutaalEngels(17011): 2014-02-27 13:47:36.829 BrutaalEngels[17011:277c] OAL Error: +[ALWrapper sourcef:parameter:value:]: Invalid Value (error code 0x0000a003)
D/BrutaalEngels(17011): 2014-02-27 13:47:36.829 BrutaalEngels[17011:277c] OAL Warning: -[OALAudioSession onAudioError:]: Received audio error notification, but last reset was 0.016618 seconds ago. Doing nothing.
D/BrutaalEngels(17011): 2014-02-27 13:47:36.829 BrutaalEngels[17011:277c] OAL Error: +[ALWrapper sourcef:parameter:value:]: Invalid Value (error code 0x0000a003)
D/BrutaalEngels(17011): 2014-02-27 13:47:36.829 BrutaalEngels[17011:277c] OAL Warning: -[OALAudioSession onAudioError:]: Received audio error notification, but last reset was 0.017005 seconds ago. Doing nothing.
D/BrutaalEngels(17011): 2014-02-27 13:47:36.830 BrutaalEngels[17011:277c] OAL Error: +[ALWrapper sourcef:parameter:value:]: Invalid Value (error code 0x0000a003)
D/BrutaalEngels(17011): 2014-02-27 13:47:36.830 BrutaalEngels[17011:277c] OAL Warning: -[OALAudioSession onAudioError:]: Received audio error notification, but last reset was 0.017384 seconds ago. Doing nothing.
D/BrutaalEngels(17011): 2014-02-27 13:47:36.830 BrutaalEngels[17011:277c] OAL Error: +[ALWrapper sourcef:parameter:value:]: Invalid Value (error code 0x0000a003)
D/BrutaalEngels(17011): 2014-02-27 13:47:36.830 BrutaalEngels[17011:277c] OAL Warning: -[OALAudioSession onAudioError:]: Received audio error notification, but last reset was 0.017766 seconds ago. Doing nothing.
D/BrutaalEngels(17011): 2014-02-27 13:47:36.831 BrutaalEngels[17011:277c] OAL Error: +[ALWrapper sourcef:parameter:value:]: Invalid Value (error code 0x0000a003)
D/BrutaalEngels(17011): 2014-02-27 13:47:36.831 BrutaalEngels[17011:277c] OAL Warning: -[OALAudioSession onAudioError:]: Received audio error notification, but last reset was 0.018146 seconds ago. Doing nothing.
D/BrutaalEngels(17011): 2014-02-27 13:47:36.831 BrutaalEngels[17011:277c] OAL Error: +[ALWrapper sourcef:parameter:value:]: Invalid Value (error code 0x0000a003)
D/BrutaalEngels(17011): 2014-02-27 13:47:36.831 BrutaalEngels[17011:277c] OAL Warning: -[OALAudioSession onAudioError:]: Received audio error notification, but last reset was 0.018540 seconds ago. Doing nothing.
D/BrutaalEngels(17011): 2014-02-27 13:47:36.831 BrutaalEngels[17011:277c] OAL Error: +[ALWrapper sourcef:parameter:value:]: Invalid Value (error code 0x0000a003)
D/BrutaalEngels(17011): 2014-02-27 13:47:36.831 BrutaalEngels[17011:277c] OAL Warning: -[OALAudioSession onAudioError:]: Received audio error notification, but last reset was 0.018920 seconds ago. Doing nothing.
D/BrutaalEngels(17011): 2014-02-27 13:47:36.832 BrutaalEngels[17011:277c] OAL Error: +[ALWrapper sourcef:parameter:value:]: Invalid Value (error code 0x0000a003)
D/BrutaalEngels(17011): 2014-02-27 13:47:36.832 BrutaalEngels[17011:277c] OAL Warning: -[OALAudioSession onAudioError:]: Received audio error notification, but last reset was 0.019363 seconds ago. Doing nothing.
D/BrutaalEngels(17011): 2014-02-27 13:47:36.832 BrutaalEngels[17011:277c] OAL Error: +[ALWrapper sourcef:parameter:value:]: Invalid Value (error code 0x0000a003)
D/BrutaalEngels(17011): 2014-02-27 13:47:36.832 BrutaalEngels[17011:277c] OAL Warning: -[OALAudioSession onAudioError:]: Received audio error notification, but last reset was 0.019747 seconds ago. Doing nothing.
D/BrutaalEngels(17011): 2014-02-27 13:47:36.832 BrutaalEngels[17011:277c] OAL Error: +[ALWrapper sourcef:parameter:value:]: Invalid Value (error code 0x0000a003)
D/BrutaalEngels(17011): 2014-02-27 13:47:36.833 BrutaalEngels[17011:277c] OAL Warning: -[OALAudioSession onAudioError:]: Received audio error notification, but last reset was 0.020127 seconds ago. Doing nothing.
D/BrutaalEngels(17011): 2014-02-27 13:47:36.833 BrutaalEngels[17011:277c] OAL Error: +[ALWrapper sourcef:parameter:value:]: Invalid Value (error code 0x0000a003)
D/BrutaalEngels(17011): 2014-02-27 13:47:36.833 BrutaalEngels[17011:277c] OAL Warning: -[OALAudioSession onAudioError:]: Received audio error notification, but last reset was 0.020508 seconds ago. Doing nothing.
D/BrutaalEngels(17011): 2014-02-27 13:47:36.833 BrutaalEngels[17011:277c] OAL Error: +[ALWrapper sourcef:parameter:value:]: Invalid Value (error code 0x0000a003)
D/BrutaalEngels(17011): 2014-02-27 13:47:36.833 BrutaalEngels[17011:277c] OAL Warning: -[OALAudioSession onAudioError:]: Received audio error notification, but last reset was 0.020891 seconds ago. Doing nothing.
D/BrutaalEngels(17011): 2014-02-27 13:47:36.834 BrutaalEngels[17011:277c] OAL Error: +[ALWrapper sourcef:parameter:value:]: Invalid Value (error code 0x0000a003)
D/BrutaalEngels(17011): 2014-02-27 13:47:36.834 BrutaalEngels[17011:277c] OAL Warning: -[OALAudioSession onAudioError:]: Received audio error notification, but last reset was 0.021268 seconds ago. Doing nothing.
D/BrutaalEngels(17011): 2014-02-27 13:47:36.835 BrutaalEngels[17011:277c] OAL Error: +[ALWrapper sourcef:parameter:value:]: Invalid Value (error code 0x0000a003)
D/BrutaalEngels(17011): 2014-02-27 13:47:36.835 BrutaalEngels[17011:277c] OAL Warning: -[OALAudioSession onAudioError:]: Received audio error notification, but last reset was 0.022329 seconds ago. Doing nothing.
D/BrutaalEngels(17011): 2014-02-27 13:47:36.835 BrutaalEngels[17011:277c] OAL Error: +[ALWrapper sourcef:parameter:value:]: Invalid Value (error code 0x0000a003)
D/BrutaalEngels(17011): 2014-02-27 13:47:36.835 BrutaalEngels[17011:277c] OAL Warning: -[OALAudioSession onAudioError:]: Received audio error notification, but last reset was 0.022820 seconds ago. Doing nothing.
D/BrutaalEngels(17011): 2014-02-27 13:47:36.836 BrutaalEngels[17011:277c] OAL Error: +[ALWrapper sourcef:parameter:value:]: Invalid Value (error code 0x0000a003)
D/BrutaalEngels(17011): 2014-02-27 13:47:36.836 BrutaalEngels[17011:277c] OAL Warning: -[OALAudioSession onAudioError:]: Received audio error notification, but last reset was 0.023252 seconds ago. Doing nothing.
D/BrutaalEngels(17011): 2014-02-27 13:47:36.836 BrutaalEngels[17011:277c] OAL Error: +[ALWrapper sourcef:parameter:value:]: Invalid Value (error code 0x0000a003)
D/BrutaalEngels(17011): 2014-02-27 13:47:36.836 BrutaalEngels[17011:277c] OAL Warning: -[OALAudioSession onAudioError:]: Received audio error notification, but last reset was 0.023673 seconds ago. Doing nothing.
D/BrutaalEngels(17011): 2014-02-27 13:47:36.836 BrutaalEngels[17011:277c] OAL Error: +[ALWrapper sourcef:parameter:value:]: Invalid Value (error code 0x0000a003)
D/BrutaalEngels(17011): 2014-02-27 13:47:36.837 BrutaalEngels[17011:277c] OAL Warning: -[OALAudioSession onAudioError:]: Received audio error notification, but last reset was 0.024238 seconds ago. Doing nothing.
D/BrutaalEngels(17011): 2014-02-27 13:47:36.837 BrutaalEngels[17011:277c] OAL Error: +[ALWrapper sourcef:parameter:value:]: Invalid Value (error code 0x0000a003)
D/BrutaalEngels(17011): 2014-02-27 13:47:36.837 BrutaalEngels[17011:277c] OAL Warning: -[OALAudioSession onAudioError:]: Received audio error notification, but last reset was 0.024710 seconds ago. Doing nothing.
D/BrutaalEngels(17011): 2014-02-27 13:47:36.838 BrutaalEngels[17011:277c] OAL Error: +[ALWrapper sourcef:parameter:value:]: Invalid Value (error code 0x0000a003)
D/BrutaalEngels(17011): 2014-02-27 13:47:36.838 BrutaalEngels[17011:277c] OAL Warning: -[OALAudioSession onAudioError:]: Received audio error notification, but last reset was 0.025164 seconds ago. Doing nothing.
D/BrutaalEngels(17011): 2014-02-27 13:47:36.838 BrutaalEngels[17011:277c] OAL Error: +[ALWrapper sourcef:parameter:value:]: Invalid Value (error code 0x0000a003)
D/BrutaalEngels(17011): 2014-02-27 13:47:36.838 BrutaalEngels[17011:277c] OAL Warning: -[OALAudioSession onAudioError:]: Received audio error notification, but last reset was 0.025587 seconds ago. Doing nothing.
D/BrutaalEngels(17011): 2014-02-27 13:47:36.839 BrutaalEngels[17011:277c] OAL Error: +[ALWrapper sourcef:parameter:value:]: Invalid Value (error code 0x0000a003)
D/BrutaalEngels(17011): 2014-02-27 13:47:36.839 BrutaalEngels[17011:277c] OAL Warning: -[OALAudioSession onAudioError:]: Received audio error notification, but last reset was 0.026215 seconds ago. Doing nothing.
D/BrutaalEngels(17011): 2014-02-27 13:47:36.839 BrutaalEngels[17011:277c] OAL Error: +[ALWrapper sourcef:parameter:value:]: Invalid Value (error code 0x0000a003)
D/BrutaalEngels(17011): 2014-02-27 13:47:36.839 BrutaalEngels[17011:277c] OAL Warning: -[OALAudioSession onAudioError:]: Received audio error notification, but last reset was 0.026693 seconds ago. Doing nothing.
D/BrutaalEngels(17011): 2014-02-27 13:47:36.839 BrutaalEngels[17011:277c] OAL Error: +[ALWrapper sourcef:parameter:value:]: Invalid Value (error code 0x0000a003)
D/BrutaalEngels(17011): 2014-02-27 13:47:36.840 BrutaalEngels[17011:277c] OAL Warning: -[OALAudioSession onAudioError:]: Received audio error notification, but last reset was 0.027085 seconds ago. Doing nothing.
D/BrutaalEngels(17011): 2014-02-27 13:47:36.840 BrutaalEngels[17011:277c] OAL Error: +[ALWrapper sourcef:parameter:value:]: Invalid Value (error code 0x0000a003)
D/BrutaalEngels(17011): 2014-02-27 13:47:36.840 BrutaalEngels[17011:277c] OAL Warning: -[OALAudioSession onAudioError:]: Received audio error notification, but last reset was 0.027476 seconds ago. Doing nothing.
D/BrutaalEngels(17011): 2014-02-27 13:47:36.840 BrutaalEngels[17011:277c] OAL Error: +[ALWrapper sourcef:parameter:value:]: Invalid Value (error code 0x0000a003)
D/BrutaalEngels(17011): 2014-02-27 13:47:36.840 BrutaalEngels[17011:277c] OAL Warning: -[OALAudioSession onAudioError:]: Received audio error notification, but last reset was 0.027855 seconds ago. Doing nothing.
D/BrutaalEngels(17011): OpenGL error 0x0502 in -[CCES2Renderer resizeFromLayer:] 140
F/libc    (17011): Fatal signal 11 (SIGSEGV) at 0x0000001c (code=1), thread 17036 (MainThread)
I/DEBUG   (  121): *** *** *** *** *** *** *** *** *** *** *** *** *** *** *** ***
I/DEBUG   (  121): Build fingerprint: 'google/nakasi/grouper:4.4.2/KOT49H/937116:user/release-keys'
I/DEBUG   (  121): Revision: '0'
I/DEBUG   (  121): pid: 17011, tid: 17036, name: MainThread  >>> com.apportable.BrutaalEngels <<<
I/DEBUG   (  121): signal 11 (SIGSEGV), code 1 (SEGV_MAPERR), fault addr 0000001c
I/DEBUG   (  121):     r0 00000000  r1 a4a911a1  r2 00000001  r3 00000000
I/DEBUG   (  121):     r4 6aa3a810  r5 71d76f40  r6 00000003  r7 00000000
I/DEBUG   (  121):     r8 0000002f  r9 683b020c  sl 00000000  fp 6aa3a700
I/DEBUG   (  121):     ip 6ff1ff9c  sp 6aa3a6b8  lr 6fe0b564  pc 6fa32f44  cpsr 600f0010
I/DEBUG   (  121):     d0  0000000000000000  d1  0000000000000000
I/DEBUG   (  121):     d2  0000000000000000  d3  0000000000000000
I/DEBUG   (  121):     d4  322d736c65676e45  d5  6275502f6b70612e
I/DEBUG   (  121):     d6  692d64656873696c  d7  46656d61472f534f
I/DEBUG   (  121):     d8  0000000000000000  d9  0000000000000000
I/DEBUG   (  121):     d10 0000000000000000  d11 0000000000000000
I/DEBUG   (  121):     d12 0000000000000000  d13 0000000000000000
I/DEBUG   (  121):     d14 0000000000000000  d15 0000000000000000
I/DEBUG   (  121):     d16 0001466e232226b5  d17 3fd287a7636f4361
I/DEBUG   (  121):     d18 3ff8000000000000  d19 4059000000000000
I/DEBUG   (  121):     d20 400648b320000000  d21 3f9c860400000000
I/DEBUG   (  121):     d22 3e21ee9ea4642930  d23 400648b320000000
I/DEBUG   (  121):     d24 3fefffefc92a280d  d25 3ee036d7367c0000
I/DEBUG   (  121):     d26 bc65bc0000000000  d27 400648b320000000
I/DEBUG   (  121):     d28 3ff0000000000000  d29 40868903a8000000
I/DEBUG   (  121):     d30 40dc3a1ffec40000  d31 4000000000000000
I/DEBUG   (  121):     scr 80000010
I/DEBUG   (  121): 
I/DEBUG   (  121): backtrace:
I/DEBUG   (  121):     #00  pc 00112f44  /data/app-lib/com.apportable.BrutaalEngels-2/libCoreFoundation.so (CFStringTokenizerAdvanceToNextToken+4)
I/DEBUG   (  121):     #01  pc 00407f14  /data/app-lib/com.apportable.BrutaalEngels-2/libverde.so (_2D__5B_BEGameFillInPlantsQuestion_20_setQuestion_3A__5D_+2056)
I/DEBUG   (  121): 
I/DEBUG   (  121): stack:
I/DEBUG   (  121):          6aa3a678  6fb9c45c  
I/DEBUG   (  121):          6aa3a67c  6fb9e4bc  
I/DEBUG   (  121):          6aa3a680  00000001  
I/DEBUG   (  121):          6aa3a684  6f4e7180  
I/DEBUG   (  121):          6aa3a688  7222cb30  
I/DEBUG   (  121):          6aa3a68c  00001b48  
I/DEBUG   (  121):          6aa3a690  0000002f  
I/DEBUG   (  121):          6aa3a694  00000000  
I/DEBUG   (  121):          6aa3a698  a4a911a1  
I/DEBUG   (  121):          6aa3a69c  6f9bb814  /data/app-lib/com.apportable.BrutaalEngels-2/libCoreFoundation.so (_CFLocaleCopyCurrentGuts+284)
I/DEBUG   (  121):          6aa3a6a0  6aa3a810  
I/DEBUG   (  121):          6aa3a6a4  71d76f40  
I/DEBUG   (  121):          6aa3a6a8  00000003  
I/DEBUG   (  121):          6aa3a6ac  00000000  
I/DEBUG   (  121):          6aa3a6b0  e3a070ad  
I/DEBUG   (  121):          6aa3a6b4  ef9000ad  
I/DEBUG   (  121):     #00  6aa3a6b8  6aa3a700  
I/DEBUG   (  121):          6aa3a6bc  6fe0b564  /data/app-lib/com.apportable.BrutaalEngels-2/libFoundation.so (_2D__5B_NSString_28_NSStringExtensionMethods_29__20_enumerateSubstringsInRange_3A_options_3A_usingBlock_3A__5D_+132)
I/DEBUG   (  121):          6aa3a6c0  00000002  
I/DEBUG   (  121):          6aa3a6c4  6f4e7180  
I/DEBUG   (  121):          6aa3a6c8  00000000  
I/DEBUG   (  121):          6aa3a6cc  6aa3a700  
I/DEBUG   (  121):          6aa3a6d0  6f4e7180  
I/DEBUG   (  121):          6aa3a6d4  00000000  
I/DEBUG   (  121):          6aa3a6d8  6aa3a6e8  
I/DEBUG   (  121):          6aa3a6dc  6f22f344  /data/app-lib/com.apportable.BrutaalEngels-2/libSystem.so (_class_lookupMethodAndLoadCache3+32)
I/DEBUG   (  121):          6aa3a6e0  71d76f40  
I/DEBUG   (  121):          6aa3a6e4  00f38f18  
I/DEBUG   (  121):          6aa3a6e8  00000000  
I/DEBUG   (  121):          6aa3a6ec  00000000  
I/DEBUG   (  121):          6aa3a6f0  00000000  
I/DEBUG   (  121):          6aa3a6f4  00000000  
I/DEBUG   (  121):          ........  ........
I/DEBUG   (  121):     #01  6aa3a708  00000003  
I/DEBUG   (  121):          6aa3a70c  6aa3a810  
I/DEBUG   (  121):          6aa3a710  71cf0574  /data/app-lib/com.apportable.BrutaalEngels-2/libverde.so
I/DEBUG   (  121):          6aa3a714  00000000  
I/DEBUG   (  121):          6aa3a718  6f404670  
I/DEBUG   (  121):          6aa3a71c  6aa3a744  
I/DEBUG   (  121):          6aa3a720  6aa3a760  
I/DEBUG   (  121):          6aa3a724  6f33f344  
I/DEBUG   (  121):          6aa3a728  6f33f340  
I/DEBUG   (  121):          6aa3a72c  00000000  
I/DEBUG   (  121):          6aa3a730  08a58fcf  
I/DEBUG   (  121):          6aa3a734  6f33f340  
I/DEBUG   (  121):          6aa3a738  00000000  
I/DEBUG   (  121):          6aa3a73c  0000002f  
I/DEBUG   (  121):          6aa3a740  71d76f40  
I/DEBUG   (  121):          6aa3a744  71d76f40  
I/DEBUG   (  121): 
I/DEBUG   (  121): memory near r1:
I/DEBUG   (  121):     a4a91180 ffffffff ffffffff ffffffff ffffffff  
I/DEBUG   (  121):     a4a91190 ffffffff ffffffff ffffffff ffffffff  
I/DEBUG   (  121):     a4a911a0 ffffffff ffffffff ffffffff ffffffff  
I/DEBUG   (  121):     a4a911b0 ffffffff ffffffff ffffffff ffffffff  
I/DEBUG   (  121):     a4a911c0 ffffffff ffffffff ffffffff ffffffff  
I/DEBUG   (  121):     a4a911d0 ffffffff ffffffff ffffffff ffffffff  
I/DEBUG   (  121):     a4a911e0 ffffffff ffffffff ffffffff ffffffff  
I/DEBUG   (  121):     a4a911f0 ffffffff ffffffff ffffffff ffffffff  
I/DEBUG   (  121):     a4a91200 ffffffff ffffffff ffffffff ffffffff  
I/DEBUG   (  121):     a4a91210 ffffffff ffffffff ffffffff ffffffff  
I/DEBUG   (  121):     a4a91220 ffffffff ffffffff ffffffff ffffffff  
I/DEBUG   (  121):     a4a91230 ffffffff ffffffff ffffffff ffffffff  
I/DEBUG   (  121):     a4a91240 ffffffff ffffffff ffffffff ffffffff  
I/DEBUG   (  121):     a4a91250 ffffffff ffffffff ffffffff ffffffff  
I/DEBUG   (  121):     a4a91260 ffffffff ffffffff ffffffff ffffffff  
I/DEBUG   (  121):     a4a91270 ffffffff ffffffff ffffffff ffffffff  
I/DEBUG   (  121): 
I/DEBUG   (  121): memory near r4:
I/DEBUG   (  121):     6aa3a7f0 6f4eddc0 71c750f3 6f404670 6869d700  
I/DEBUG   (  121):     6aa3a800 6f404780 00000004 00000000 0000002f  
I/DEBUG   (  121):     6aa3a810 6f33f3d8 c2000000 00000000 71ba8690  
