I/DEBUG   (  121):     6aa3a820 71ceec30 6aa3a840 6aa3a860 00000017  
I/DEBUG   (  121):     6aa3a830 6aa3a850 00000017 ffffc59c 6f33f354  
I/DEBUG   (  121):     6aa3a840 00000000 6aa3a840 32000000 0000001c  
I/DEBUG   (  121):     6aa3a850 71ba85f0 71ba8658 71d31080 fffffcec  
I/DEBUG   (  121):     6aa3a860 00000000 6aa3a860 32000000 0000001c  
I/DEBUG   (  121):     6aa3a870 71ba85f0 71ba8658 71d31060 71d31040  
I/DEBUG   (  121):     6aa3a880 00000000 00000003 6f428a60 6f428b50  
I/DEBUG   (  121):     6aa3a890 6f428c40 71d31020 6f428c40 6f428b50  
I/DEBUG   (  121):     6aa3a8a0 6f428a60 6f4eddc0 71c750f3 6f404670  
I/DEBUG   (  121):     6aa3a8b0 00000000 0000002f 0000002f 00000000  
I/DEBUG   (  121):     6aa3a8c0 6aa3a9e8 00000000 71c33f19 6f404780  
I/DEBUG   (  121):     6aa3a8d0 6b1292d8 00000000 6aa3a9e8 71ba597c  
I/DEBUG   (  121):     6aa3a8e0 00002c78 6aa3a90c 6aa3a928 6f33f344  
I/DEBUG   (  121): 
I/DEBUG   (  121): memory near r5:
I/DEBUG   (  121):     71d76f20 6e65706f 416e6f4e 74657373 5d3a6446  
I/DEBUG   (  121):     71d76f30 00000000 00000000 00000000 00000000  
I/DEBUG   (  121):     71d76f40 6fb97294 0300078c 2066492f 20756f79  
I/DEBUG   (  121):     71d76f50 206e6163 6b6f6f6c 72687420 6867756f  
I/DEBUG   (  121):     71d76f60 206e6120 656a626f 74207463 6f206568  
I/DEBUG   (  121):     71d76f70 63656a62 73692074 00000000 00000000  
I/DEBUG   (  121):     71d76f80 00000004 00000004 00000000 71d7b98c  
I/DEBUG   (  121):     71d76f90 00000004 00000004 00000000 71d7b990  
I/DEBUG   (  121):     71d76fa0 00000004 00000004 00000004 71d7b994  
I/DEBUG   (  121):     71d76fb0 00000004 00000004 00000008 71d7b998  
I/DEBUG   (  121):     71d76fc0 71c2d6b8 0000001a 42780000 42740000  
I/DEBUG   (  121):     71d76fd0 40000000 0000003e 0000003d 00000000  
I/DEBUG   (  121):     71d76fe0 3f800000 3f800000 00010001 71d97900  
I/DEBUG   (  121):     71d76ff0 71dc4570 00000000 00000000 00000000  
I/DEBUG   (  121):     71d77000 6af4b1a8 00000000 00000073 7fdffdff  
I/DEBUG   (  121):     71d77010 df7ff7ff fbffbff7 6ffeffef 00000000  
I/DEBUG   (  121): 
I/DEBUG   (  121): memory near r9:
I/DEBUG   (  121):     683b01ec 00000000 00000000 6a786e54 683b0220  
I/DEBUG   (  121):     683b01fc 6a77f6f8 62a25988 00000000 00000000  
I/DEBUG   (  121):     683b020c 683b0234 6a77f690 62a25838 6a77f6f8  
I/DEBUG   (  121):     683b021c 00000000 683b024c 63dfe400 62a40558  
I/DEBUG   (  121):     683b022c 6a77f690 00000000 41d68448 683b0268  
I/DEBUG   (  121):     683b023c 63dfe420 62767da0 63dfe400 00000000  
I/DEBUG   (  121):     683b024c 41d68448 41d55e10 683b0288 63ffd670  
I/DEBUG   (  121):     683b025c 62767de0 63dfe420 00000000 41d68448  
I/DEBUG   (  121):     683b026c 41d65a68 41d55e10 683b02c8 6a77f644  
I/DEBUG   (  121):     683b027c 62732b58 63ffd670 00000000 00004273  
I/DEBUG   (  121):     683b028c 0000277c 00000000 41d53990 41d55e10  
I/DEBUG   (  121):     683b029c 00004273 0000277c 41d6a348 41d65a68  
I/DEBUG   (  121):     683b02ac 00000000 41d54688 683b02e4 63772040  
I/DEBUG   (  121):     683b02bc 62a25b20 6a77f644 00000000 41d65a68  
I/DEBUG   (  121):     683b02cc 41d54688 683b0300 00000000 626d5eb0  
I/DEBUG   (  121):     683b02dc 63772040 00000000 41d54688 41d687e8  
I/DEBUG   (  121): 
I/DEBUG   (  121): memory near fp:
I/DEBUG   (  121):     6aa3a6e0 71d76f40 00f38f18 00000000 00000000  
I/DEBUG   (  121):     6aa3a6f0 00000000 00000000 6aa3a708 00000000  
I/DEBUG   (  121):     6aa3a700 6aa3a8d8 71ba7f18 00000003 6aa3a810  
I/DEBUG   (  121):     6aa3a710 71cf0574 00000000 6f404670 6aa3a744  
I/DEBUG   (  121):     6aa3a720 6aa3a760 6f33f344 6f33f340 00000000  
I/DEBUG   (  121):     6aa3a730 08a58fcf 6f33f340 00000000 0000002f  
I/DEBUG   (  121):     6aa3a740 71d76f40 71d76f40 71d76f40 71d76f40  
I/DEBUG   (  121):     6aa3a750 0000002f 71d76f40 71d76f40 6aa3a858  
I/DEBUG   (  121):     6aa3a760 71d31080 6aa3a858 71c7f6c8 71ba85f0  
I/DEBUG   (  121):     6aa3a770 0000001c 32000000 fff38f18 71ba8658  
I/DEBUG   (  121):     6aa3a780 00000000 6aa3a878 71cf0574 00000001  
I/DEBUG   (  121):     6aa3a790 00000001 71d31020 71c750f3 6f4eddc0  
I/DEBUG   (  121):     6aa3a7a0 6f404670 71d30fe0 6fb97014 71d5a5d0  
I/DEBUG   (  121):     6aa3a7b0 6f477010 71d5a4b0 6f476e20 fff38ee8  
I/DEBUG   (  121):     6aa3a7c0 fff38ee4 fff38ee0 fff38edc 6f4e1260  
I/DEBUG   (  121):     6aa3a7d0 6f476c30 fff38ed4 71c7f6b8 fff38ed0  
I/DEBUG   (  121): 
I/DEBUG   (  121): memory near ip:
I/DEBUG   (  121):     6ff1ff7c 6fa05834 6fa06274 6fa04ddc 6fa0dc30  
I/DEBUG   (  121):     6ff1ff8c 6fa07924 6fa068a4 6f9bb9fc 6fa32c50  
I/DEBUG   (  121):     6ff1ff9c 6fa32f40 6fa32f64 4012a231 68689560  
I/DEBUG   (  121):     6ff1ffac 6fa001d8 6f9cf00c 6f9d02bc 6fa1a870  
I/DEBUG   (  121):     6ff1ffbc 6fa1a170 686c72b4 686ab740 6867a240  
I/DEBUG   (  121):     6ff1ffcc 40111d61 40111e49 40111d89 40111d7b  
I/DEBUG   (  121):     6ff1ffdc 686c6888 4012056c 4012054c 686c6a28  
I/DEBUG   (  121):     6ff1ffec 40111de1 40111dd1 686c6a30 6f9d723c  
I/DEBUG   (  121):     6ff1fffc 6f9db264 6f9db6b8 6f9dbdd8 6fa1b8a8  
I/DEBUG   (  121):     6ff2000c 6fa21a08 6fa1bfa8 6fa1b2a0 6fa23318  
I/DEBUG   (  121):     6ff2001c 6fa1fd6c 6fa1fc18 6fa1fac4 6fa1cd2c  
I/DEBUG   (  121):     6ff2002c 6fa20fa0 6fa1f9c4 6fa1f8c4 6fa1f704  
I/DEBUG   (  121):     6ff2003c 6fa1f5b8 6fa20450 6f96cb3c 6fa2088c  
I/DEBUG   (  121):     6ff2004c 6fa1c5c8 6fa1f27c 6fa1f0dc 6fa1dda0  
I/DEBUG   (  121):     6ff2005c 6fa1e8f0 6fa20da4 6fa20dc4 6fa1c6c0  
I/DEBUG   (  121):     6ff2006c 6fa1b304 6fa1b098 6f9e1690 6f9e1668  
I/DEBUG   (  121): 
I/DEBUG   (  121): memory near sp:
I/DEBUG   (  121):     6aa3a698 a4a911a1 6f9bb814 6aa3a810 71d76f40  
I/DEBUG   (  121):     6aa3a6a8 00000003 00000000 e3a070ad ef9000ad  
I/DEBUG   (  121):     6aa3a6b8 6aa3a700 6fe0b564 00000002 6f4e7180  
I/DEBUG   (  121):     6aa3a6c8 00000000 6aa3a700 6f4e7180 00000000  
I/DEBUG   (  121):     6aa3a6d8 6aa3a6e8 6f22f344 71d76f40 00f38f18  
I/DEBUG   (  121):     6aa3a6e8 00000000 00000000 00000000 00000000  
I/DEBUG   (  121):     6aa3a6f8 6aa3a708 00000000 6aa3a8d8 71ba7f18  
I/DEBUG   (  121):     6aa3a708 00000003 6aa3a810 71cf0574 00000000  
I/DEBUG   (  121):     6aa3a718 6f404670 6aa3a744 6aa3a760 6f33f344  
I/DEBUG   (  121):     6aa3a728 6f33f340 00000000 08a58fcf 6f33f340  
I/DEBUG   (  121):     6aa3a738 00000000 0000002f 71d76f40 71d76f40  
I/DEBUG   (  121):     6aa3a748 71d76f40 71d76f40 0000002f 71d76f40  
I/DEBUG   (  121):     6aa3a758 71d76f40 6aa3a858 71d31080 6aa3a858  
I/DEBUG   (  121):     6aa3a768 71c7f6c8 71ba85f0 0000001c 32000000  
I/DEBUG   (  121):     6aa3a778 fff38f18 71ba8658 00000000 6aa3a878  
I/DEBUG   (  121):     6aa3a788 71cf0574 00000001 00000001 71d31020  
I/DEBUG   (  121): 
I/DEBUG   (  121): code around pc:
I/DEBUG   (  121):     6fa32f24 e1a0b00d ebfcdc73 e1a01000 e3a00000  
I/DEBUG   (  121):     6fa32f34 e3710001 13a00001 e8bd8800 e92d4800  
I/DEBUG   (  121):     6fa32f44 e590001c e1a0b00d ebfcdc6d e1a01000  
I/DEBUG   (  121):     6fa32f54 e3a00000 e3710001 13a00001 e8bd8800  
I/DEBUG   (  121):     6fa32f64 e92d4870 e28db00c e24dd004 e1a06001  
I/DEBUG   (  121):     6fa32f74 e1a04000 e596001c ebfcdc64 e1a05000  
I/DEBUG   (  121):     6fa32f84 e596001c ebfcdc5e e3700001 1a000003  
I/DEBUG   (  121):     6fa32f94 e3a00000 e3e01000 e8840003 ea000002  
I/DEBUG   (  121):     6fa32fa4 e0400005 e5845000 e5840004 e24bd00c  
I/DEBUG   (  121):     6fa32fb4 e8bd8870 e3a00000 e12fff1e e92d4810  
I/DEBUG   (  121):     6fa32fc4 e28db004 e24dd004 e1a04000 e5940008  
I/DEBUG   (  121):     6fa32fd4 e3500000 0a000000 ebfeb3a5 e5940018  
I/DEBUG   (  121):     6fa32fe4 e3500000 0a000000 ebfeb3a1 e594001c  
I/DEBUG   (  121):     6fa32ff4 e3500000 0a000000 ebfcdc47 e24bd004  
I/DEBUG   (  121):     6fa33004 e8bd8810 e92d4df0 e28db018 e24dd0a8  
I/DEBUG   (  121):     6fa33014 e3a06000 e1a07003 e1a04002 e1a05001  
I/DEBUG   (  121): 
I/DEBUG   (  121): code around lr:
I/DEBUG   (  121):     6fe0b544 e1a01005 e5900000 ebfdfe1a e1a07000  
I/DEBUG   (  121):     6fe0b554 e3a00000 e54b0019 e1a00007 ebfdfe18  
I/DEBUG   (  121):     6fe0b564 e3500000 0a000020 e59f009c e59f109c  
I/DEBUG   (  121):     6fe0b574 e08f0000 e7910000 e58d0014 e55b0019  
I/DEBUG   (  121):     6fe0b584 e3500000 1a000018 e28d0018 e1a01007  
I/DEBUG   (  121):     6fe0b594 ebfdfe0e e59d8018 e59da01c e59d1014  
I/DEBUG   (  121):     6fe0b5a4 e1a00005 e1a02008 e1a0300a ebfdf98d  
I/DEBUG   (  121):     6fe0b5b4 e1a01000 e1a00004 e1a06005 e24b2019  
I/DEBUG   (  121):     6fe0b5c4 e1a0300a e590500c e88d0500 e58d2008  
I/DEBUG   (  121):     6fe0b5d4 e1a02008 e12fff35 e1a00007 e1a05006  
I/DEBUG   (  121):     6fe0b5e4 ebfdfdf7 e3500000 1affffe3 e1a00007  
I/DEBUG   (  121):     6fe0b5f4 ebfdf99d e59d0010 ebfdf99b e24bd018  
I/DEBUG   (  121):     6fe0b604 e8bd8df0 00114454 fffff9ac 0011441c  
I/DEBUG   (  121):     6fe0b614 fffb936c e92d4870 e28db00c e24dd024  
I/DEBUG   (  121):     6fe0b624 e1a04000 e59f0074 e1a05002 e08f6000  
I/DEBUG   (  121):     6fe0b634 e59f006c e7901006 e1a00004 ebfdf969  
I/BootReceiver(  502): Copying /data/tombstones/tombstone_08 to DropBox (SYSTEM_TOMBSTONE)
W/InputDispatcher(  502): channel '4208ea18 com.apportable.BrutaalEngels/com.apportable.activity.VerdeActivity (server)' ~ Consumer closed input channel or an error occurred.  events=0x9
E/InputDispatcher(  502): channel '4208ea18 com.apportable.BrutaalEngels/com.apportable.activity.VerdeActivity (server)' ~ Channel is unrecoverably broken and will be disposed!
W/InputDispatcher(  502): channel '42228678 com.apportable.BrutaalEngels/com.apportable.activity.VerdeActivity (server)' ~ Consumer closed input channel or an error occurred.  events=0x9
E/InputDispatcher(  502): channel '42228678 com.apportable.BrutaalEngels/com.apportable.activity.VerdeActivity (server)' ~ Channel is unrecoverably broken and will be disposed!
D/dalvikvm(  502): GC_FOR_ALLOC freed 380K, 24% free 18686K/24372K, paused 77ms, total 77ms
W/InputDispatcher(  502): Attempted to unregister already unregistered input channel '42228678 com.apportable.BrutaalEngels/com.apportable.activity.VerdeActivity (server)'
W/MediaFocusControl(  502):   AudioFocus   audio focus client died
I/WindowState(  502): WIN DEATH: Window{42228678 u0 com.apportable.BrutaalEngels/com.apportable.activity.VerdeActivity}
D/Zygote  (  123): Process 17011 terminated by signal (11)
D/dalvikvm(  502): GC_FOR_ALLOC freed 403K, 25% free 18413K/24372K, paused 82ms, total 82ms
I/MediaFocusControl(  502): AudioFocus  removeFocusStackEntry(): removing entry for android.os.BinderProxy@42907490
I/ActivityManager(  502): Process com.apportable.BrutaalEngels (pid 17011) has died.
W/ActivityManager(  502): Force removing ActivityRecord{42202dd0 u0 com.apportable.BrutaalEngels/com.apportable.activity.VerdeActivity t55}: app died, no saved state
I/WindowState(  502): WIN DEATH: Window{420a4330 u0 SurfaceView}
W/InputDispatcher(  502): Attempted to unregister already unregistered input channel '4208ea18 com.apportable.BrutaalEngels/com.apportable.activity.VerdeActivity (server)'
I/WindowState(  502): WIN DEATH: Window{4208ea18 u0 com.apportable.BrutaalEngels/com.apportable.activity.VerdeActivity}
I/Icing   (14818): Indexing 71AB2F7A56CA5BB3D2F721BE5F8DCB60589C3FD7 from com.google.android.music
D/dalvikvm(14818): GC_CONCURRENT freed 401K, 6% free 8802K/9288K, paused 9ms+2ms, total 31ms
I/Icing   (14818): Indexing done 71AB2F7A56CA5BB3D2F721BE5F8DCB60589C3FD7
D/GCM     (14638): Message class hwb
D/ConnectivityService(  502): handleInetConditionHoldEnd: net=1, condition=100, published condition=100
W/Binder  (  708): Caught a RuntimeException from the binder stub implementation.
W/Binder  (  708): java.lang.NullPointerException
W/Binder  (  708): 	at android.inputmethodservice.IInputMethodWrapper.setSessionEnabled(IInputMethodWrapper.java:280)
W/Binder  (  708): 	at com.android.internal.view.IInputMethod$Stub.onTransact(IInputMethod.java:129)
W/Binder  (  708): 	at android.os.Binder.execTransact(Binder.java:404)
W/Binder  (  708): 	at dalvik.system.NativeStart.run(Native Method)
W/InputMethodManagerService(  502): Got RemoteException sending setActive(false) notification to pid 17011 uid 10108
D/ConnectivityService(  502): Sampling interval elapsed, updating statistics ..
D/ConnectivityService(  502): Done.
D/ConnectivityService(  502): Setting timer for 720seconds
I/GCM     (14638): GCM message GSYNC_TICKLE 0:1393505444211441%0#e7a71353318775ed
I/SubscribedFeeds(14638): Received message
I/GCM     (14638): GCM message GSYNC_TICKLE 0:1393505444405007%0#e7a71353318775ed
I/SubscribedFeeds(14638): Received message
I/ActivityManager(  502): Start proc com.google.android.gm for service com.google.android.gm/.provider.MailSyncAdapterService: pid=17144 uid=10046 gids={50046, 3003, 1028, 1015}
D/ActivityThread(17144): Loading provider com.android.gmail.ui: com.google.android.gm.provider.GmailProvider
D/dalvikvm(17144): GC_CONCURRENT freed 346K, 5% free 7751K/8132K, paused 1ms+3ms, total 21ms
W/GAV2    (17144): Thread[main,5,main]: Need to call initialize() and be in fallback mode to start dispatch.
D/dalvikvm(17144): GC_CONCURRENT freed 221K, 4% free 8033K/8296K, paused 2ms+2ms, total 21ms
D/dalvikvm(17144): WAIT_FOR_CONCURRENT_GC blocked 6ms
D/ConnectivityService(  502): handleInetConditionHoldEnd: net=1, condition=100, published condition=100
D/dalvikvm(17144): GC_CONCURRENT freed 438K, 6% free 8028K/8504K, paused 3ms+2ms, total 25ms
I/Gmail   (17144): calculateUnknownSyncRationalesAndPurgeInBackground: queueing
D/dalvikvm(17144): GC_CONCURRENT freed 300K, 4% free 8218K/8552K, paused 3ms+2ms, total 32ms
I/Gmail   (17144): calculateUnknownSyncRationalesAndPurgeInBackground: queueing
I/Gmail   (17144): calculateUnknownSyncRationalesAndPurgeInBackground: running
I/Gmail   (17144): calculateUnknownSyncRationalesAndPurgeInBackground: running
D/dalvikvm(17144): GC_CONCURRENT freed 343K, 5% free 8389K/8768K, paused 1ms+2ms, total 21ms
D/dalvikvm(17144): WAIT_FOR_CONCURRENT_GC blocked 15ms
D/dalvikvm(17144): WAIT_FOR_CONCURRENT_GC blocked 15ms
I/Gmail   (17144): calculateUnknownSyncRationalesAndPurgeInBackground: queueing
I/Gmail   (17144): calculateUnknownSyncRationalesAndPurgeInBackground: queueing
I/Gmail   (17144): calculateUnknownSyncRationalesAndPurgeInBackground: running
I/Gmail   (17144): calculateUnknownSyncRationalesAndPurgeInBackground: running
D/dalvikvm(17144): GC_CONCURRENT freed 326K, 5% free 8508K/8872K, paused 3ms+1ms, total 23ms
I/Gmail   (17144): calculateUnknownSyncRationalesAndPurgeInBackground: exiting (labelMap not synced
I/Gmail   (17144): MainSyncRequestProto: lowestBkwdConvoId: 0, highestHandledServerOp: 1667489, normalSync: true
I/Gmail   (17144): calculateUnknownSyncRationalesAndPurgeInBackground: exiting (labelMap not synced
D/dalvikvm(17144): GC_CONCURRENT freed 610K, 8% free 8328K/8972K, paused 3ms+2ms, total 29ms
E/Gmail.LabelManager(17144): Unable to get label ^i for account marcel.bloemendaal@gmail.com
E/Gmail   (17144): Couldn't find label: ^i
D/dalvikvm(17144): GC_FOR_ALLOC freed 209K, 8% free 8318K/8972K, paused 31ms, total 31ms
I/dalvikvm-heap(17144): Grow heap (frag case) to 8.172MB for 17236-byte allocation
W/GLSUser (14638): GoogleAccountDataService.getToken()
D/dalvikvm(17144): GC_FOR_ALLOC freed 21K, 8% free 8313K/8992K, paused 29ms, total 29ms
D/dalvikvm(17144): GC_FOR_ALLOC freed 168K, 8% free 8325K/8992K, paused 31ms, total 31ms
I/dalvikvm-heap(17144): Grow heap (frag case) to 8.201MB for 39033-byte allocation
D/dalvikvm(17144): GC_FOR_ALLOC freed 3K, 8% free 8360K/9032K, paused 17ms, total 17ms
D/dalvikvm(17144): GC_FOR_ALLOC freed <1K, 8% free 8360K/9032K, paused 17ms, total 17ms
I/dalvikvm-heap(17144): Grow heap (frag case) to 8.271MB for 78050-byte allocation
D/dalvikvm(17144): GC_FOR_ALLOC freed <1K, 8% free 8436K/9112K, paused 20ms, total 20ms
D/dalvikvm(17144): GC_CONCURRENT freed 368K, 7% free 8495K/9112K, paused 1ms+3ms, total 29ms
D/dalvikvm(17144): GC_CONCURRENT freed 565K, 8% free 8442K/9112K, paused 2ms+2ms, total 22ms
D/dalvikvm(17144): WAIT_FOR_CONCURRENT_GC blocked 7ms
D/dalvikvm(17144): GC_EXPLICIT freed 286K, 8% free 8396K/9112K, paused 3ms+2ms, total 35ms
I/Gmail   (17144): MainSyncRequestProto: lowestBkwdConvoId: 0, highestHandledServerOp: 1667602, normalSync: true
W/GLSUser (14638): GoogleAccountDataService.getToken()
D/dalvikvm(17144): GC_CONCURRENT freed 303K, 7% free 8482K/9112K, paused 3ms+2ms, total 22ms
D/dalvikvm(17144): GC_EXPLICIT freed 103K, 7% free 8555K/9112K, paused 2ms+2ms, total 26ms
I/Gmail   (17144): MainSyncRequestProto: lowestBkwdConvoId: 0, highestHandledServerOp: 1667602, normalSync: true
I/Gmail   (17144): lowestBackward conversation id 0
E/Gmail.LabelManager(17144): Unable to get label ^i for account marcel.bloemendaal@gmail.com
E/Gmail   (17144): Couldn't find label: ^i
I/Gmail   (17144): Sending provider changed intent: Intent { act=android.intent.action.PROVIDER_CHANGED dat=content://gmail-ls/unread/^iim (has extras) }
D/dalvikvm(17144): GC_CONCURRENT freed 401K, 6% free 8631K/9132K, paused 3ms+4ms, total 32ms
I/Gmail   (17144): Sending provider changed intent: Intent { act=android.intent.action.PROVIDER_CHANGED dat=content://gmail-ls/unread/^i (has extras) }
I/NotifUtils(17144): Validating Notification, mapSize: 2 getAttention: true ignoreUnobtrusive: true
I/NotifUtils(17144): Unseen count doesn't match cursor count.  unseen: 306 cursor count: 1
E/Gmail.LabelManager(17144): Unable to get label ^i for account marcel.bloemendaal@gmail.com
E/Gmail   (17144): Couldn't find label: ^i
I/NotifUtils(17144): Showing notification with unreadCount of 1 and unseenCount of 1
D/dalvikvm(17144): GC_CONCURRENT freed 400K, 6% free 8743K/9244K, paused 2ms+2ms, total 27ms
D/dalvikvm(17144): WAIT_FOR_CONCURRENT_GC blocked 14ms
D/dalvikvm(17144): WAIT_FOR_CONCURRENT_GC blocked 14ms
I/NotifUtils(17144): Account: -40536293 vibrate: false
I/NotifUtils(17144): New email in -40536293 vibrateWhen: false, playing notification: content://settings/system/notification_sound
I/ActivityManager(  502): Killing 16365:com.android.documentsui/u0a93 (adj 15): empty #17
D/dalvikvm(  597): GC_CONCURRENT freed 3027K, 20% free 17311K/21428K, paused 2ms+4ms, total 94ms
D/dalvikvm(  597): WAIT_FOR_CONCURRENT_GC blocked 43ms
D/dalvikvm(  597): WAIT_FOR_CONCURRENT_GC blocked 41ms
I/MediaFocusControl(  502):  AudioFocus  requestAudioFocus() from android.media.AudioManager@427d40c0
E/AudioSink(  125): received unknown event type: 1 inside CallbackWrapper !
E/MediaPlayer(  597): Should have subtitle controller already set
W/GAV2    (17144): Thread[GAThread,5,main]: Service unavailable (code=1), will retry.
W/ActivityManager(  502): Unable to start service Intent { act=com.google.android.gms.analytics.service.START cmp=com.google.android.gms/.analytics.service.AnalyticsService (has extras) } U=0: not found
I/GAV2    (17144): Thread[GAThread,5,main]: No campaign data found.
I/Icing   (14818): Indexing 1B513B402EAC20090318BA903EEFD9CD826F7846 from com.google.android.gm
D/dalvikvm(17144): GC_CONCURRENT freed 411K, 6% free 8739K/9292K, paused 4ms+3ms, total 49ms
I/Icing   (14818): Indexing done 1B513B402EAC20090318BA903EEFD9CD826F7846
I/MediaFocusControl(  502):  AudioFocus  abandonAudioFocus() from android.media.AudioManager@427d40c0
W/GAV2    (17144): Thread[Service Reconnect,5,main]: Service unavailable (code=1), using local store.
W/ActivityManager(  502): Unable to start service Intent { act=com.google.android.gms.analytics.service.START cmp=com.google.android.gms/.analytics.service.AnalyticsService (has extras) } U=0: not found
V/BufferedAnalyticsState(14731): Not ready for upload, 314 seconds left.
D/libgps  (  502): proxy_gps_inject_location()
D/dalvikvm(14731): GC_CONCURRENT freed 510K, 7% free 8819K/9416K, paused 14ms+2ms, total 57ms
D/dalvikvm(14731): WAIT_FOR_CONCURRENT_GC blocked 28ms
W/AppOps  (  502): Bad call: specified package com.google.android.googlequicksearchbox under uid 10017 but it is really 10052
W/JavaBinder(  502): Binder has been finalized when calling linkToDeath() with recip=0x1d300005)
D/dalvikvm(  502): GC_EXPLICIT freed 2034K, 26% free 18151K/24372K, paused 3ms+8ms, total 90ms
V/BufferedAnalyticsState(14731): Not ready for upload, 29 seconds left.
D/libgps  (  502): proxy_gps_inject_location()
D/dalvikvm( 5363): GC_CONCURRENT freed 428K, 11% free 9291K/10384K, paused 5ms+2ms, total 28ms
I/wpa_supplicant(  596): wlan0: WPA: Group rekeying completed with 10:9a:dd:82:f9:ff [GTK=CCMP]
D/ConnectivityService(  502): Sampling interval elapsed, updating statistics ..
D/ConnectivityService(  502): Done.
D/ConnectivityService(  502): Setting timer for 720seconds
W/AppOps  (  502): Bad call: specified package com.google.android.googlequicksearchbox under uid 10017 but it is really 10052
D/libgps  (  502): proxy_gps_inject_location()
I/ActivityManager(  502): Killing 16403:com.google.android.apps.docs/u0a94 (adj 15): empty for 1804s
I/ActivityManager(  502): Killing 16322:com.android.packageinstaller/u0a38 (adj 15): empty for 1806s
I/ActivityManager(  502): Killing 16390:com.android.externalstorage/u0a27 (adj 15): empty for 1806s
D/GCM     (14638): Message class hwb
D/ConnectivityService(  502): handleInetConditionHoldEnd: net=1, condition=100, published condition=100
D/dalvikvm(14731): GC_CONCURRENT freed 514K, 7% free 8816K/9416K, paused 2ms+2ms, total 35ms
D/dalvikvm(14731): WAIT_FOR_CONCURRENT_GC blocked 13ms
W/AppOps  (  502): Bad call: specified package com.google.android.googlequicksearchbox under uid 10017 but it is really 10052
V/BufferedAnalyticsState(14731): Not ready for upload, 314 seconds left.
D/libgps  (  502): proxy_gps_inject_location()
D/MDnsDS  (  120): MDnsSdListener::Monitor poll timed out
D/MDnsDS  (  120): Going to poll with pollCount 1
I/GCM     (14638): GCM message GSYNC_TICKLE 0:1393506554415750%0#e7a71353318775ed
I/SubscribedFeeds(14638): Received message
I/GCM     (14638): GCM message GSYNC_TICKLE 0:1393506554610903%0#e7a71353318775ed
I/SubscribedFeeds(14638): Received message
I/Gmail   (17144): MainSyncRequestProto: lowestBkwdConvoId: 0, highestHandledServerOp: 1667602, normalSync: true
E/Gmail.LabelManager(17144): Unable to get label ^i for account marcel.bloemendaal@gmail.com
E/Gmail   (17144): Couldn't find label: ^i
W/GLSUser (14638): GoogleAccountDataService.getToken()
D/dalvikvm(17144): GC_CONCURRENT freed 382K, 6% free 8745K/9280K, paused 3ms+2ms, total 27ms
D/ConnectivityService(  502): handleInetConditionHoldEnd: net=1, condition=100, published condition=100
D/dalvikvm(17144): GC_CONCURRENT freed 581K, 8% free 8679K/9360K, paused 2ms+3ms, total 26ms
D/dalvikvm(17144): WAIT_FOR_CONCURRENT_GC blocked 12ms
D/dalvikvm(17144): GC_EXPLICIT freed 213K, 8% free 8694K/9360K, paused 3ms+3ms, total 32ms
I/Gmail   (17144): MainSyncRequestProto: lowestBkwdConvoId: 0, highestHandledServerOp: 1667696, normalSync: true
W/GLSUser (14638): GoogleAccountDataService.getToken()
D/dalvikvm(14638): GC_CONCURRENT freed 579K, 8% free 9574K/10348K, paused 3ms+5ms, total 44ms
D/dalvikvm(17144): GC_FOR_ALLOC freed 48K, 7% free 8728K/9360K, paused 19ms, total 19ms
I/dalvikvm-heap(17144): Grow heap (frag case) to 8.672MB for 54612-byte allocation
D/dalvikvm(17144): GC_FOR_ALLOC freed 3K, 7% free 8778K/9416K, paused 21ms, total 21ms
D/dalvikvm(17144): GC_FOR_ALLOC freed 62K, 7% free 8798K/9416K, paused 20ms, total 20ms
D/dalvikvm(17144): GC_EXPLICIT freed 383K, 8% free 8711K/9416K, paused 3ms+3ms, total 32ms
I/Gmail   (17144): MainSyncRequestProto: lowestBkwdConvoId: 0, highestHandledServerOp: 1667696, normalSync: true
I/Gmail   (17144): lowestBackward conversation id 0
I/Gmail   (17144): Sending provider changed intent: Intent { act=android.intent.action.PROVIDER_CHANGED dat=content://gmail-ls/unread/^iim (has extras) }
I/Gmail   (17144): Sending provider changed intent: Intent { act=android.intent.action.PROVIDER_CHANGED dat=content://gmail-ls/unread/^i (has extras) }
I/NotifUtils(17144): Validating Notification, mapSize: 2 getAttention: true ignoreUnobtrusive: false
I/NotifUtils(17144): Unseen count doesn't match cursor count.  unseen: 307 cursor count: 2
I/NotifUtils(17144): Showing notification with unreadCount of 2 and unseenCount of 2
D/dalvikvm(17144): GC_CONCURRENT freed 365K, 7% free 8836K/9416K, paused 2ms+3ms, total 27ms
D/dalvikvm(17144): WAIT_FOR_CONCURRENT_GC blocked 13ms
I/NotifUtils(17144): Account: -40536293 vibrate: false
I/NotifUtils(17144): New email in -40536293 vibrateWhen: false, playing notification: content://settings/system/notification_sound
E/Gmail.LabelManager(17144): Unable to get label ^i for account marcel.bloemendaal@gmail.com
E/Gmail   (17144): Couldn't find label: ^i
D/dalvikvm(17144): GC_CONCURRENT freed 453K, 7% free 8811K/9444K, paused 3ms+7ms, total 39ms
D/dalvikvm(17144): WAIT_FOR_CONCURRENT_GC blocked 29ms
I/Icing   (14818): Indexing 1B513B402EAC20090318BA903EEFD9CD826F7846 from com.google.android.gm
D/dalvikvm(14818): GC_CONCURRENT freed 435K, 6% free 8795K/9296K, paused 6ms+2ms, total 32ms
D/dalvikvm(17144): GC_FOR_ALLOC freed 164K, 7% free 8822K/9444K, paused 19ms, total 20ms
I/dalvikvm-heap(17144): Grow heap (frag case) to 8.763MB for 54588-byte allocation
D/dalvikvm(17144): GC_FOR_ALLOC freed 65K, 8% free 8810K/9500K, paused 20ms, total 20ms
D/dalvikvm(14818): GC_FOR_ALLOC freed 48K, 6% free 8757K/9296K, paused 21ms, total 22ms
I/dalvikvm-heap(14818): Grow heap (frag case) to 8.636MB for 54588-byte allocation
D/dalvikvm(14818): GC_FOR_ALLOC freed 0K, 6% free 8810K/9352K, paused 20ms, total 20ms
D/dalvikvm(14818): GC_FOR_ALLOC freed 2K, 6% free 8811K/9352K, paused 20ms, total 20ms
I/dalvikvm-heap(14818): Grow heap (frag case) to 8.664MB for 27302-byte allocation
D/dalvikvm(14818): GC_FOR_ALLOC freed 0K, 6% free 8838K/9380K, paused 19ms, total 19ms
D/dalvikvm(14818): GC_FOR_ALLOC freed <1K, 6% free 8838K/9380K, paused 19ms, total 19ms
I/dalvikvm-heap(14818): Grow heap (frag case) to 8.715MB for 54588-byte allocation
D/dalvikvm(14818): GC_FOR_ALLOC freed 0K, 6% free 8891K/9436K, paused 21ms, total 21ms
D/dalvikvm(14818): GC_FOR_ALLOC freed 26K, 7% free 8865K/9436K, paused 19ms, total 19ms
I/dalvikvm-heap(14818): Grow heap (frag case) to 8.715MB for 27314-byte allocation
D/dalvikvm(14818): GC_FOR_ALLOC freed 0K, 7% free 8891K/9464K, paused 19ms, total 19ms
D/dalvikvm(14818): GC_FOR_ALLOC freed 80K, 7% free 8811K/9464K, paused 18ms, total 18ms
D/dalvikvm(14818): GC_FOR_ALLOC freed 27K, 7% free 8892K/9464K, paused 19ms, total 19ms
I/dalvikvm-heap(14818): Grow heap (frag case) to 8.742MB for 27314-byte allocation
D/dalvikvm(14818): GC_FOR_ALLOC freed 0K, 7% free 8918K/9492K, paused 19ms, total 19ms
I/Icing   (14818): Indexing done 1B513B402EAC20090318BA903EEFD9CD826F7846
I/EventLogService(14638): Aggregate from 1393504629514 (log), 1393504629514 (data)
I/ServiceDumpSys(14638): dumping service [account]
V/BufferedAnalyticsState(14731): Not ready for upload, 29 seconds left.
D/libgps  (  502): proxy_gps_inject_location()
D/dalvikvm(14731): GC_CONCURRENT freed 394K, 7% free 8806K/9416K, paused 1ms+2ms, total 23ms
I/GCM     (14638): GCM message GSYNC_TICKLE 0:1393506771416041%0#e7a71353318775c9
I/SubscribedFeeds(14638): Received message
I/Gmail   (17144): MainSyncRequestProto: lowestBkwdConvoId: 0, highestHandledServerOp: 575035, normalSync: true
E/Gmail.LabelManager(17144): Unable to get label ^i for account marcel.bloemendaal@gmail.com
E/Gmail   (17144): Couldn't find label: ^i
W/GLSUser (14638): GoogleAccountDataService.getToken()
D/ConnectivityService(  502): handleInetConditionHoldEnd: net=1, condition=100, published condition=100
D/dalvikvm(17144): GC_CONCURRENT freed 402K, 7% free 8796K/9448K, paused 2ms+4ms, total 27ms
D/dalvikvm(17144): GC_CONCURRENT freed 508K, 7% free 8799K/9448K, paused 2ms+3ms, total 25ms
D/dalvikvm(17144): WAIT_FOR_CONCURRENT_GC blocked 11ms
D/dalvikvm(17144): GC_CONCURRENT freed 528K, 8% free 8782K/9448K, paused 1ms+2ms, total 24ms
D/dalvikvm(17144): WAIT_FOR_CONCURRENT_GC blocked 9ms
D/dalvikvm(17144): GC_CONCURRENT freed 527K, 8% free 8767K/9448K, paused 2ms+3ms, total 25ms
D/dalvikvm(17144): WAIT_FOR_CONCURRENT_GC blocked 10ms
D/dalvikvm(17144): GC_CONCURRENT freed 477K, 7% free 8802K/9448K, paused 1ms+3ms, total 24ms
D/dalvikvm(17144): WAIT_FOR_CONCURRENT_GC blocked 10ms
D/dalvikvm(17144): GC_CONCURRENT freed 465K, 7% free 8848K/9448K, paused 1ms+2ms, total 24ms
D/dalvikvm(17144): WAIT_FOR_CONCURRENT_GC blocked 11ms
D/dalvikvm(17144): GC_CONCURRENT freed 574K, 8% free 8786K/9460K, paused 2ms+2ms, total 24ms
D/dalvikvm(17144): WAIT_FOR_CONCURRENT_GC blocked 10ms
D/dalvikvm(17144): GC_CONCURRENT freed 527K, 8% free 8770K/9460K, paused 1ms+2ms, total 24ms
D/dalvikvm(17144): WAIT_FOR_CONCURRENT_GC blocked 11ms
D/dalvikvm(17144): GC_CONCURRENT freed 455K, 8% free 8796K/9460K, paused 2ms+2ms, total 60ms
D/dalvikvm(17144): GC_EXPLICIT freed 34K, 8% free 8774K/9460K, paused 2ms+3ms, total 28ms
I/Gmail   (17144): MainSyncRequestProto: lowestBkwdConvoId: 0, highestHandledServerOp: 575235, normalSync: true
I/Gmail   (17144): lowestBackward conversation id 0
E/Gmail.LabelManager(17144): Unable to get label ^i for account marcel.bloemendaal@gmail.com
E/Gmail   (17144): Couldn't find label: ^i
D/dalvikvm(  502): GC_EXPLICIT freed 2029K, 26% free 18190K/24372K, paused 2ms+9ms, total 98ms
I/Gmail   (17144): Sending provider changed intent: Intent { act=android.intent.action.PROVIDER_CHANGED dat=content://gmail-ls/unread/^i (has extras) }
I/Gmail   (17144): Sending provider changed intent: Intent { act=android.intent.action.PROVIDER_CHANGED dat=content://gmail-ls/unread/^iim (has extras) }
D/dalvikvm(17144): GC_CONCURRENT freed 420K, 7% free 8857K/9460K, paused 3ms+3ms, total 30ms
D/dalvikvm(17144): WAIT_FOR_CONCURRENT_GC blocked 8ms
I/NotifUtils(17144): Validating Notification, mapSize: 2 getAttention: false ignoreUnobtrusive: false
I/NotifUtils(17144): Unseen count doesn't match cursor count.  unseen: 60 cursor count: 29
I/NotifUtils(17144): Showing notification with unreadCount of 29 and unseenCount of 29
E/Gmail.LabelManager(17144): Unable to get label ^i for account marcel.bloemendaal@gmail.com
E/Gmail   (17144): Couldn't find label: ^i
D/dalvikvm(17144): GC_CONCURRENT freed 439K, 7% free 8897K/9472K, paused 2ms+2ms, total 27ms
D/dalvikvm(17144): WAIT_FOR_CONCURRENT_GC blocked 22ms
D/dalvikvm(17144): WAIT_FOR_CONCURRENT_GC blocked 9ms
D/dalvikvm(17144): GC_FOR_ALLOC freed 247K, 7% free 8904K/9504K, paused 21ms, total 21ms
D/dalvikvm(17144): GC_FOR_ALLOC freed 215K, 7% free 8892K/9504K, paused 19ms, total 19ms
D/dalvikvm(17144): GC_FOR_ALLOC freed 8K, 7% free 8919K/9504K, paused 20ms, total 20ms
I/dalvikvm-heap(17144): Grow heap (frag case) to 8.839MB for 35840-byte allocation
D/dalvikvm(17144): GC_FOR_ALLOC freed 35K, 7% free 8919K/9540K, paused 20ms, total 20ms
D/dalvikvm(17144): GC_FOR_ALLOC freed 88K, 7% free 8921K/9540K, paused 19ms, total 20ms
I/dalvikvm-heap(17144): Grow heap (frag case) to 8.842MB for 35796-byte allocation
D/dalvikvm(17144): GC_FOR_ALLOC freed <1K, 7% free 8956K/9576K, paused 20ms, total 20ms
D/dalvikvm(17144): GC_FOR_ALLOC freed <1K, 7% free 8955K/9576K, paused 22ms, total 22ms
I/dalvikvm-heap(17144): Grow heap (frag case) to 8.875MB for 35778-byte allocation
D/dalvikvm(17144): GC_FOR_ALLOC freed 34K, 7% free 8955K/9612K, paused 25ms, total 25ms
D/dalvikvm(17144): GC_FOR_ALLOC freed 165K, 8% free 8900K/9612K, paused 21ms, total 22ms
D/dalvikvm(17144): GC_FOR_ALLOC freed 229K, 8% free 8928K/9612K, paused 19ms, total 19ms
D/dalvikvm(17144): GC_FOR_ALLOC freed 265K, 7% free 8952K/9612K, paused 20ms, total 20ms
D/dalvikvm(17144): GC_FOR_ALLOC freed 212K, 7% free 8946K/9612K, paused 21ms, total 21ms
I/NotifUtils(17144): Account: 199462537 vibrate: false
I/Icing   (14818): Indexing 443E84F45C345EBA59C8503B847059C843364CC1 from com.google.android.gm
I/Icing   (14818): Indexing done 443E84F45C345EBA59C8503B847059C843364CC1
D/dalvikvm(17144): GC_CONCURRENT freed 457K, 8% free 8875K/9612K, paused 4ms+3ms, total 41ms
D/ConnectivityService(  502): Sampling interval elapsed, updating statistics ..
D/ConnectivityService(  502): Done.
D/ConnectivityService(  502): Setting timer for 720seconds
I/ProcessStatsService(  502): Prepared write state in 25ms
W/AppOps  (  502): Bad call: specified package com.google.android.googlequicksearchbox under uid 10017 but it is really 10052
D/libgps  (  502): proxy_gps_inject_location()
I/ActivityManager(  502): Killing 4905:com.google.android.apps.plus/u0a42 (adj 15): empty for 1828s
I/ActivityManager(  502): Killing 5123:com.google.android.partnersetup/u0a21 (adj 15): empty for 1828s
I/ActivityManager(  502): Killing 5078:jp.co.omronsoft.iwnnime.ml/u0a59 (adj 15): empty for 1830s
I/ActivityManager(  502): Killing 5065:com.android.keychain/1000 (adj 15): empty for 1830s
I/GCM     (14638): GCM message GSYNC_TICKLE 0:1393507108943644%0#e7a71353318775ed
I/SubscribedFeeds(14638): Received message
I/Gmail   (17144): MainSyncRequestProto: lowestBkwdConvoId: 0, highestHandledServerOp: 1667696, normalSync: true
E/Gmail.LabelManager(17144): Unable to get label ^i for account marcel.bloemendaal@gmail.com
E/Gmail   (17144): Couldn't find label: ^i
W/GLSUser (14638): GoogleAccountDataService.getToken()
D/ConnectivityService(  502): handleInetConditionHoldEnd: net=1, condition=100, published condition=100
I/GCM     (14638): GCM message GSYNC_TICKLE 0:1393507109735877%0#e7a71353318775ed
I/SubscribedFeeds(14638): Received message
D/dalvikvm(17144): GC_CONCURRENT freed 494K, 7% free 8859K/9456K, paused 3ms+4ms, total 33ms
D/dalvikvm(17144): GC_CONCURRENT freed 557K, 7% free 8815K/9472K, paused 1ms+3ms, total 24ms
D/dalvikvm(17144): WAIT_FOR_CONCURRENT_GC blocked 11ms
D/ConnectivityService(  502): handleInetConditionHoldEnd: net=1, condition=100, published condition=100
D/dalvikvm(17144): GC_CONCURRENT freed 456K, 7% free 8811K/9472K, paused 3ms+2ms, total 28ms
D/dalvikvm(17144): GC_EXPLICIT freed 25K, 8% free 8807K/9472K, paused 1ms+2ms, total 26ms
I/Gmail   (17144): MainSyncRequestProto: lowestBkwdConvoId: 0, highestHandledServerOp: 1667783, normalSync: true
I/Gmail   (17144): lowestBackward conversation id 0
I/Gmail   (17144): Sending provider changed intent: Intent { act=android.intent.action.PROVIDER_CHANGED dat=content://gmail-ls/unread/^iim (has extras) }
I/Gmail   (17144): Sending provider changed intent: Intent { act=android.intent.action.PROVIDER_CHANGED dat=content://gmail-ls/unread/^i (has extras) }
I/NotifUtils(17144): Validating Notification, mapSize: 1 getAttention: false ignoreUnobtrusive: false
I/NotifUtils(17144): validateNotifications - cancelling account -40536293 / folder 3019
E/Gmail.LabelManager(17144): Unable to get label ^i for account marcel.bloemendaal@gmail.com
E/Gmail   (17144): Couldn't find label: ^i
D/dalvikvm(17144): GC_CONCURRENT freed 349K, 7% free 8886K/9472K, paused 4ms+3ms, total 43ms
I/Gmail   (17144): MainSyncRequestProto: lowestBkwdConvoId: 0, highestHandledServerOp: 1667783, normalSync: true
E/Gmail.LabelManager(17144): Unable to get label ^i for account marcel.bloemendaal@gmail.com
E/Gmail   (17144): Couldn't find label: ^i
W/GLSUser (14638): GoogleAccountDataService.getToken()
D/dalvikvm(17144): WAIT_FOR_CONCURRENT_GC blocked 1ms
D/dalvikvm(17144): GC_EXPLICIT freed 277K, 7% free 8849K/9472K, paused 1ms+3ms, total 29ms
I/Gmail   (17144): MainSyncRequestProto: lowestBkwdConvoId: 0, highestHandledServerOp: 1667783, normalSync: true
I/Gmail   (17144): lowestBackward conversation id 0
E/Gmail.LabelManager(17144): Unable to get label ^i for account marcel.bloemendaal@gmail.com
E/Gmail   (17144): Couldn't find label: ^i
I/Icing   (14818): Indexing 1B513B402EAC20090318BA903EEFD9CD826F7846 from com.google.android.gm
D/dalvikvm(17144): GC_CONCURRENT freed 382K, 7% free 8852K/9472K, paused 1ms+3ms, total 27ms
I/Icing   (14818): Indexing done 1B513B402EAC20090318BA903EEFD9CD826F7846
I/Icing   (14818): Indexing 1B513B402EAC20090318BA903EEFD9CD826F7846 from com.google.android.gm
D/dalvikvm(14818): GC_CONCURRENT freed 525K, 8% free 8786K/9472K, paused 10ms+2ms, total 40ms
I/Icing   (14818): Indexing done 1B513B402EAC20090318BA903EEFD9CD826F7846
D/dalvikvm(14731): GC_CONCURRENT freed 499K, 7% free 8819K/9416K, paused 5ms+2ms, total 44ms
D/dalvikvm(14731): WAIT_FOR_CONCURRENT_GC blocked 18ms
W/AppOps  (  502): Bad call: specified package com.google.android.googlequicksearchbox under uid 10017 but it is really 10052
V/BufferedAnalyticsState(14731): Not ready for upload, 314 seconds left.
D/libgps  (  502): proxy_gps_inject_location()
D/dalvikvm(  597): GC_CONCURRENT freed 3154K, 20% free 17272K/21428K, paused 12ms+13ms, total 95ms
I/GCM     (14638): GCM message GSYNC_TICKLE 0:1393507351084807%0#e7a71353318775ed
I/SubscribedFeeds(14638): Received message
I/Gmail   (17144): MainSyncRequestProto: lowestBkwdConvoId: 0, highestHandledServerOp: 1667783, normalSync: true
E/Gmail.LabelManager(17144): Unable to get label ^i for account marcel.bloemendaal@gmail.com
E/Gmail   (17144): Couldn't find label: ^i
I/GCM     (14638): GCM message GSYNC_TICKLE 0:1393507351464362%0#e7a71353318775ed
W/GLSUser (14638): GoogleAccountDataService.getToken()
I/SubscribedFeeds(14638): Received message
D/dalvikvm(14638): GC_CONCURRENT freed 556K, 8% free 9580K/10328K, paused 3ms+5ms, total 43ms
D/dalvikvm(17144): GC_CONCURRENT freed 483K, 7% free 8881K/9468K, paused 3ms+3ms, total 41ms
D/dalvikvm(17144): WAIT_FOR_CONCURRENT_GC blocked 12ms
D/ConnectivityService(  502): handleInetConditionHoldEnd: net=1, condition=100, published condition=100
D/dalvikvm(17144): GC_CONCURRENT freed 538K, 7% free 8853K/9492K, paused 3ms+3ms, total 28ms
D/dalvikvm(17144): WAIT_FOR_CONCURRENT_GC blocked 13ms
D/dalvikvm(17144): GC_EXPLICIT freed 103K, 8% free 8814K/9492K, paused 2ms+3ms, total 29ms
D/dalvikvm(  502): GC_EXPLICIT freed 1981K, 26% free 18115K/24372K, paused 3ms+8ms, total 99ms
I/Gmail   (17144): MainSyncRequestProto: lowestBkwdConvoId: 0, highestHandledServerOp: 1667861, normalSync: true
W/GLSUser (14638): GoogleAccountDataService.getToken()
D/dalvikvm(17144): GC_FOR_ALLOC freed 59K, 7% free 8842K/9492K, paused 20ms, total 20ms
I/dalvikvm-heap(17144): Grow heap (frag case) to 8.745MB for 14578-byte allocation
D/dalvikvm(17144): GC_FOR_ALLOC freed 15K, 8% free 8841K/9508K, paused 20ms, total 20ms
D/dalvikvm(17144): GC_EXPLICIT freed 282K, 8% free 8826K/9508K, paused 3ms+3ms, total 31ms
I/Gmail   (17144): MainSyncRequestProto: lowestBkwdConvoId: 0, highestHandledServerOp: 1667861, normalSync: true
I/Gmail   (17144): lowestBackward conversation id 0
I/Gmail   (17144): Sending provider changed intent: Intent { act=android.intent.action.PROVIDER_CHANGED dat=content://gmail-ls/unread/^iim (has extras) }
I/Gmail   (17144): Sending provider changed intent: Intent { act=android.intent.action.PROVIDER_CHANGED dat=content://gmail-ls/unread/^i (has extras) }
I/NotifUtils(17144): Validating Notification, mapSize: 2 getAttention: true ignoreUnobtrusive: true
I/NotifUtils(17144): Unseen count doesn't match cursor count.  unseen: 306 cursor count: 1
I/NotifUtils(17144): Showing notification with unreadCount of 1 and unseenCount of 1
D/dalvikvm(17144): GC_CONCURRENT freed 408K, 7% free 8930K/9508K, paused 5ms+2ms, total 39ms
D/dalvikvm(17144): WAIT_FOR_CONCURRENT_GC blocked 12ms
D/dalvikvm(17144): WAIT_FOR_CONCURRENT_GC blocked 12ms
D/dalvikvm(17144): WAIT_FOR_CONCURRENT_GC blocked 13ms
E/Gmail.LabelManager(17144): Unable to get label ^i for account marcel.bloemendaal@gmail.com
E/Gmail   (17144): Couldn't find label: ^i
I/Gmail   (17144): MainSyncRequestProto: lowestBkwdConvoId: 0, highestHandledServerOp: 1667861, normalSync: true
W/GLSUser (14638): GoogleAccountDataService.getToken()
E/Gmail.LabelManager(17144): Unable to get label ^i for account marcel.bloemendaal@gmail.com
E/Gmail   (17144): Couldn't find label: ^i
D/dalvikvm(17144): GC_CONCURRENT freed 372K, 6% free 9004K/9540K, paused 5ms+3ms, total 30ms
D/dalvikvm(17144): WAIT_FOR_CONCURRENT_GC blocked 15ms
I/NotifUtils(17144): Account: -40536293 vibrate: false
I/NotifUtils(17144): New email in -40536293 vibrateWhen: false, playing notification: content://settings/system/notification_sound
I/MediaFocusControl(  502):  AudioFocus  requestAudioFocus() from android.media.AudioManager@41d5cc18
E/MediaPlayer(  597): Should have subtitle controller already set
D/dalvikvm(17144): GC_EXPLICIT freed 244K, 8% free 8869K/9584K, paused 8ms+3ms, total 50ms
I/Gmail   (17144): MainSyncRequestProto: lowestBkwdConvoId: 0, highestHandledServerOp: 1667861, normalSync: true
I/Gmail   (17144): lowestBackward conversation id 0
E/Gmail.LabelManager(17144): Unable to get label ^i for account marcel.bloemendaal@gmail.com
E/Gmail   (17144): Couldn't find label: ^i
D/dalvikvm(17144): GC_CONCURRENT freed 395K, 8% free 8886K/9584K, paused 4ms+3ms, total 44ms
I/Icing   (14818): Indexing 1B513B402EAC20090318BA903EEFD9CD826F7846 from com.google.android.gm
I/Icing   (14818): Indexing done 1B513B402EAC20090318BA903EEFD9CD826F7846
I/Icing   (14818): Indexing 1B513B402EAC20090318BA903EEFD9CD826F7846 from com.google.android.gm
I/Icing   (14818): Indexing done 1B513B402EAC20090318BA903EEFD9CD826F7846
I/MediaFocusControl(  502):  AudioFocus  abandonAudioFocus() from android.media.AudioManager@41d5cc18
W/AppOps  (  502): Bad call: specified package com.google.android.googlequicksearchbox under uid 10017 but it is really 10052
V/BufferedAnalyticsState(14731): Not ready for upload, 26 seconds left.
D/libgps  (  502): proxy_gps_inject_location()
D/ConnectivityService(  502): Sampling interval elapsed, updating statistics ..
D/ConnectivityService(  502): Done.
D/ConnectivityService(  502): Setting timer for 720seconds
D/dalvikvm(  761): GC_CONCURRENT freed 4424K, 35% free 17465K/26636K, paused 15ms+8ms, total 99ms
D/dalvikvm(  761): WAIT_FOR_CONCURRENT_GC blocked 79ms
D/dalvikvm(11702): GC_CONCURRENT freed 2143K, 13% free 15117K/17296K, paused 7ms+16ms, total 140ms
I/GCM     (14638): GCM message GSYNC_TICKLE 0:1393507684779360%0#e7a71353318775ed
I/SubscribedFeeds(14638): Received message
I/Gmail   (17144): MainSyncRequestProto: lowestBkwdConvoId: 0, highestHandledServerOp: 1667861, normalSync: true
E/Gmail.LabelManager(17144): Unable to get label ^i for account marcel.bloemendaal@gmail.com
E/Gmail   (17144): Couldn't find label: ^i
W/GLSUser (14638): GoogleAccountDataService.getToken()
D/dalvikvm(17144): GC_CONCURRENT freed 446K, 7% free 8908K/9548K, paused 4ms+4ms, total 34ms
D/ConnectivityService(  502): handleInetConditionHoldEnd: net=1, condition=100, published condition=100
D/dalvikvm(17144): GC_CONCURRENT freed 586K, 8% free 8834K/9548K, paused 2ms+2ms, total 29ms
D/dalvikvm(17144): WAIT_FOR_CONCURRENT_GC blocked 12ms
D/dalvikvm(17144): GC_CONCURRENT freed 470K, 8% free 8839K/9548K, paused 2ms+2ms, total 31ms
D/dalvikvm(17144): GC_EXPLICIT freed 9K, 8% free 8834K/9548K, paused 2ms+3ms, total 31ms
I/Gmail   (17144): MainSyncRequestProto: lowestBkwdConvoId: 0, highestHandledServerOp: 1667919, normalSync: true
I/Gmail   (17144): lowestBackward conversation id 0
I/Gmail   (17144): Sending provider changed intent: Intent { act=android.intent.action.PROVIDER_CHANGED dat=content://gmail-ls/unread/^iim (has extras) }
I/Gmail   (17144): Sending provider changed intent: Intent { act=android.intent.action.PROVIDER_CHANGED dat=content://gmail-ls/unread/^i (has extras) }
I/NotifUtils(17144): Validating Notification, mapSize: 1 getAttention: false ignoreUnobtrusive: false
I/NotifUtils(17144): validateNotifications - cancelling account -40536293 / folder 3019
E/Gmail.LabelManager(17144): Unable to get label ^i for account marcel.bloemendaal@gmail.com
E/Gmail   (17144): Couldn't find label: ^i
D/dalvikvm(17144): GC_CONCURRENT freed 374K, 7% free 8908K/9548K, paused 7ms+4ms, total 34ms
I/Icing   (14818): Indexing 1B513B402EAC20090318BA903EEFD9CD826F7846 from com.google.android.gm
D/dalvikvm(14818): GC_CONCURRENT freed 400K, 6% free 8800K/9316K, paused 10ms+2ms, total 33ms
I/Icing   (14818): Indexing done 1B513B402EAC20090318BA903EEFD9CD826F7846
D/dalvikvm(14731): GC_CONCURRENT freed 518K, 7% free 8812K/9416K, paused 3ms+2ms, total 25ms
D/dalvikvm(14731): WAIT_FOR_CONCURRENT_GC blocked 13ms
W/AppOps  (  502): Bad call: specified package com.google.android.googlequicksearchbox under uid 10017 but it is really 10052
D/libgps  (  502): proxy_gps_inject_location()
D/dalvikvm( 5363): GC_CONCURRENT freed 558K, 11% free 9253K/10384K, paused 3ms+3ms, total 29ms
I/wpa_supplicant(  596): wlan0: WPA: Group rekeying completed with 10:9a:dd:82:f9:ff [GTK=CCMP]
I/wpa_supplicant(  596): wlan0: WPA: Group rekeying completed with 10:9a:dd:82:f9:ff [GTK=CCMP]
I/wpa_supplicant(  596): wlan0: WPA: Group rekeying completed with 10:9a:dd:82:f9:ff [GTK=CCMP]
W/AppOps  (  502): Bad call: specified package com.google.android.googlequicksearchbox under uid 10017 but it is really 10052
D/dalvikvm(  502): GC_EXPLICIT freed 1972K, 27% free 17953K/24372K, paused 4ms+8ms, total 91ms
V/BufferedAnalyticsState(14731): Not ready for upload, 314 seconds left.
D/libgps  (  502): proxy