W/AppOps  (  502): Bad call: specified package com.google.android.googlequicksearchbox under uid 10017 but it is really 10052
I/ActivityManager(  502): Killing 867:com.google.android.gallery3d/u0a16 (adj 15): empty for 1813s
I/ActivityManager(  502): Killing 831:com.google.android.setupwizard/u0a43 (adj 15): empty for 1813s
I/EntropyMixer(  502): Writing entropy...
W/AppOps  (  502): Bad call: specified package com.google.android.googlequicksearchbox under uid 10017 but it is really 10052
D/ConnectivityService(  502): Sampling interval elapsed, updating statistics ..
D/ConnectivityService(  502): Done.
D/ConnectivityService(  502): Setting timer for 720seconds
W/AppOps  (  502): Bad call: specified package com.google.android.googlequicksearchbox under uid 10017 but it is really 10052
D/ConnectivityService(  502): handleInetConditionHoldEnd: net=1, condition=100, published condition=100
D/ConnectivityService(  502): handleInetConditionHoldEnd: net=1, condition=100, published condition=100
W/AppOps  (  502): Bad call: specified package com.google.android.googlequicksearchbox under uid 10017 but it is really 10052
D/ConnectivityService(  502): handleInetConditionHoldEnd: net=1, condition=100, published condition=100
D/ConnectivityService(  502): handleInetConditionHoldEnd: net=1, condition=100, published condition=100
D/ConnectivityService(  502): handleInetConditionHoldEnd: net=1, condition=100, published condition=100
D/ConnectivityService(  502): handleInetConditionHoldEnd: net=1, condition=100, published condition=100
W/AppOps  (  502): Bad call: specified package com.google.android.googlequicksearchbox under uid 10017 but it is really 10052
D/ConnectivityService(  502): handleInetConditionHoldEnd: net=1, condition=100, published condition=100
D/ConnectivityService(  502): Sampling interval elapsed, updating statistics ..
D/ConnectivityService(  502): Done.
D/ConnectivityService(  502): Setting timer for 720seconds
W/AppOps  (  502): Bad call: specified package com.google.android.googlequicksearchbox under uid 10017 but it is really 10052
D/ConnectivityService(  502): handleInetConditionHoldEnd: net=1, condition=100, published condition=100
D/ConnectivityService(  502): Sampling interval elapsed, updating statistics ..
D/ConnectivityService(  502): Done.
D/ConnectivityService(  502): Setting timer for 720seconds
W/AppOps  (  502): Bad call: specified package com.google.android.googlequicksearchbox under uid 10017 but it is really 10052
I/ProcessStatsService(  502): Prepared write state in 6ms
I/ProcessStatsService(  502): Prepared write state in 10ms
D/ConnectivityService(  502): handleInetConditionHoldEnd: net=1, condition=100, published condition=100
W/AppOps  (  502): Bad call: specified package com.google.android.googlequicksearchbox under uid 10017 but it is really 10052
D/ConnectivityService(  502): Sampling interval elapsed, updating statistics ..
D/ConnectivityService(  502): Done.
D/ConnectivityService(  502): Setting timer for 720seconds
W/AppOps  (  502): Bad call: specified package com.google.android.googlequicksearchbox under uid 10017 but it is really 10052
W/AppOps  (  502): Bad call: specified package com.google.android.googlequicksearchbox under uid 10017 but it is really 10052
D/ConnectivityService(  502): handleInetConditionHoldEnd: net=1, condition=100, published condition=100
D/ConnectivityService(  502): handleInetConditionHoldEnd: net=1, condition=100, published condition=100
D/ConnectivityService(  502): handleInetConditionHoldEnd: net=1, condition=100, published condition=100
D/ConnectivityService(  502): handleInetConditionHoldEnd: net=1, condition=100, published condition=100
D/ConnectivityService(  502): handleInetConditionHoldEnd: net=1, condition=100, published condition=100
D/ConnectivityService(  502): Sampling interval elapsed, updating statistics ..
D/ConnectivityService(  502): Done.
D/ConnectivityService(  502): Setting timer for 720seconds
W/AppOps  (  502): Bad call: specified package com.google.android.googlequicksearchbox under uid 10017 but it is really 10052
D/ConnectivityService(  502): handleInetConditionHoldEnd: net=1, condition=100, published condition=100
D/ConnectivityService(  502): Sampling interval elapsed, updating statistics ..
D/ConnectivityService(  502): Done.
D/ConnectivityService(  502): Setting timer for 720seconds
W/AppOps  (  502): Bad call: specified package com.google.android.googlequicksearchbox under uid 10017 but it is really 10052
W/AppOps  (  502): Bad call: specified package com.google.android.googlequicksearchbox under uid 10017 but it is really 10052
D/ConnectivityService(  502): Sampling interval elapsed, updating statistics ..
D/ConnectivityService(  502): Done.
D/ConnectivityService(  502): Setting timer for 720seconds
D/ConnectivityService(  502): handleInetConditionHoldEnd: net=1, condition=100, published condition=100
W/AppOps  (  502): Bad call: specified package com.google.android.googlequicksearchbox under uid 10017 but it is really 10052
W/AppOps  (  502): Bad call: specified package com.google.android.googlequicksearchbox under uid 10017 but it is really 10052
D/ConnectivityService(  502): Sampling interval elapsed, updating statistics ..
D/ConnectivityService(  502): Done.
D/ConnectivityService(  502): Setting timer for 720seconds
D/ConnectivityService(  502): handleInetConditionHoldEnd: net=1, condition=100, published condition=100
W/AppOps  (  502): Bad call: specified package com.google.android.googlequicksearchbox under uid 10017 but it is really 10052
W/AppOps  (  502): Bad call: specified package com.google.android.googlequicksearchbox under uid 10017 but it is really 10052
D/ConnectivityService(  502): Sampling interval elapsed, updating statistics ..
D/ConnectivityService(  502): Done.
D/ConnectivityService(  502): Setting timer for 720seconds
D/ConnectivityService(  502): handleInetConditionHoldEnd: net=1, condition=100, published condition=100
W/AppOps  (  502): Bad call: specified package com.google.android.googlequicksearchbox under uid 10017 but it is really 10052
D/ConnectivityService(  502): handleInetConditionHoldEnd: net=1, condition=100, published condition=100
W/AppOps  (  502): Bad call: specified package com.google.android.googlequicksearchbox under uid 10017 but it is really 10052
D/ConnectivityService(  502): handleInetConditionHoldEnd: net=1, condition=100, published condition=100
I/ActivityManager(  502): Start proc com.android.chrome for service com.android.chrome/com.google.android.apps.chrome.sync.ChromeBrowserSyncAdapterService: pid=4177 uid=10008 gids={50008, 3003, 1028, 1015}
I/ActivityManager(  502): Start proc com.google.android.gallery3d for service com.google.android.gallery3d/com.google.android.picasasync.PicasaSyncService: pid=4193 uid=10016 gids={50016, 3003, 1028, 1015}
I/ActivityManager(  502): Killing 897:com.google.android.youtube/u0a58 (adj 15): empty for 2735s
I/ActivityManager(  502): Killing 20220:com.google.android.apps.magazines/u0a31 (adj 15): empty for 2736s
I/ActivityManager(  502): Start proc com.google.android.ears for service com.google.android.ears/.heard.EarsSyncAdapterService: pid=4236 uid=10018 gids={50018, 3003, 1028, 1015}
I/ActivityManager(  502): Killing 14716:com.google.android.apps.plus/u0a42 (adj 15): empty for 2739s
I/ActivityManager(  502): Start proc com.google.android.keep for service com.google.android.keep/.syncadapter.MemorySyncAdapterService: pid=4256 uid=10087 gids={50087, 3003, 1028, 1015}
W/ActivityManager(  502): Unable to start service Intent { act=com.google.android.gms.analytics.service.START cmp=com.google.android.gms/.analytics.service.AnalyticsService (has extras) } U=0: not found
I/ActivityManager(  502): Start proc com.google.android.apps.docs for service com.google.android.apps.docs/.sync.syncadapter.DocsSyncAdapterService: pid=4274 uid=10094 gids={50094, 3003, 1028, 1015}
W/ActivityManager(  502): Unable to start service Intent { act=com.google.android.gms.analytics.service.START cmp=com.google.android.gms/.analytics.service.AnalyticsService (has extras) } U=0: not found
W/ActivityManager(  502): Unable to start service Intent { act=com.google.android.gms.analytics.service.START cmp=com.google.android.gms/.analytics.service.AnalyticsService (has extras) } U=0: not found
--------- beginning of /dev/log/main
D/PicasaSyncService( 4193): sync finished
D/dalvikvm( 4193): GC_CONCURRENT freed 321K, 5% free 8277K/8636K, paused 2ms+4ms, total 21ms
D/PicasaSyncService( 4193): start sync on ***********************
D/PicasaSyncManager( 4193): reject PrefetchAlbumCover (****************************) because auto sync is off
D/PicasaSyncManager( 4193): request sync for PrefetchAlbumCover (***********************)
D/PicasaSyncManager( 4193): reject PrefetchAlbumCover (****************************) because auto sync is off
D/PicasaSyncManager( 4193): perform sync task: PrefetchAlbumCover (***********************)
V/CalendarSyncAdapter( 2197): Saving inProgress state: {calendarId=r.wijnmalen@yipyip.nl, maxAttendees=50, maxResults=200, timeMax=2015-03-06T00:00:00.000Z, updatedMin=2014-02-27T10:23:03.014Z}
D/dalvikvm( 2197): GC_CONCURRENT freed 519K, 7% free 8145K/8700K, paused 3ms+2ms, total 22ms
D/PicasaSyncManager( 4193): reject PrefetchAlbumCover (****************************) because auto sync is off
D/PicasaSyncService( 4193): sync finished
D/PicasaSyncService( 4193): start sync on ***********************
D/PicasaSyncManager( 4193): reject PrefetchAlbumCover (****************************) because auto sync is off
D/PicasaSyncManager( 4193): request sync for PrefetchAlbumCover (*********************)
D/PicasaSyncManager( 4193): reject PrefetchAlbumCover (****************************) because auto sync is off
D/PicasaSyncService( 4193): sync finished
D/dalvikvm( 2214): GC_CONCURRENT freed 373K, 6% free 7855K/8280K, paused 3ms+2ms, total 21ms
D/PicasaSyncService( 4193): start sync on *********************
D/PicasaSyncManager( 4193): reject PrefetchAlbumCover (****************************) because auto sync is off
D/PicasaSyncManager( 4193): request sync for PrefetchAlbumCover (*********************)
D/PicasaSyncManager( 4193): reject PrefetchAlbumCover (****************************) because auto sync is off
D/PicasaSyncManager( 4193): perform sync task: PrefetchAlbumCover (*********************)
D/CalendarSyncAdapter( 2197): Found 0 events marked dirty & lastSynced
D/PicasaSyncManager( 4193): reject PrefetchAlbumCover (****************************) because auto sync is off
D/PicasaSyncManager( 4193): reject PrefetchScreenNail (****************************) because auto sync is off
D/PicasaSyncManager( 4193): perform sync task: PrefetchScreenNail (*********************)
D/PicasaSyncManager( 4193): reject PrefetchAlbumCover (****************************) because auto sync is off
D/dalvikvm( 4193): GC_CONCURRENT freed 393K, 5% free 8286K/8716K, paused 3ms+4ms, total 29ms
D/PicasaSyncManager( 4193): reject PrefetchScreenNail (****************************) because auto sync is off
W/GLSUser (14638): GoogleAccountDataService.getToken()
D/PicasaSyncService( 4193): sync finished
D/PicasaSyncService( 4193): start sync on *********************
D/PicasaSyncManager( 4193): reject PrefetchAlbumCover (****************************) because auto sync is off
D/PicasaSyncManager( 4193): reject PrefetchScreenNail (****************************) because auto sync is off
D/PicasaSyncManager( 4193): request sync for PrefetchScreenNail (***********************)
D/PicasaSyncManager( 4193): reject PrefetchAlbumCover (****************************) because auto sync is off
D/PicasaSyncManager( 4193): reject PrefetchScreenNail (****************************) because auto sync is off
D/PicasaSyncService( 4193): sync finished
D/PicasaSyncService( 4193): start sync on ***********************
D/PicasaSyncManager( 4193): reject PrefetchAlbumCover (****************************) because auto sync is off
D/PicasaSyncManager( 4193): reject PrefetchScreenNail (****************************) because auto sync is off
D/PicasaSyncManager( 4193): request sync for PrefetchScreenNail (***********************)
V/CalendarSyncAdapter( 2197): Saving inProgress state: {calendarId=nl.dutch#holiday@group.v.calendar.google.com, maxAttendees=50, maxResults=200, timeMax=2015-03-06T00:00:00.000Z, updatedMin=2014-02-26T11:12:36.000Z}
D/PicasaSyncManager( 4193): reject PrefetchAlbumCover (****************************) because auto sync is off
D/PicasaSyncManager( 4193): reject PrefetchScreenNail (****************************) because auto sync is off
D/PicasaSyncManager( 4193): perform sync task: PrefetchScreenNail (***********************)
D/CalendarSyncAdapter( 2197): Found 0 events marked dirty & lastSynced
D/PicasaSyncManager( 4193): reject PrefetchAlbumCover (****************************) because auto sync is off
D/PicasaSyncManager( 4193): reject PrefetchScreenNail (****************************) because auto sync is off
D/PicasaSyncService( 4193): sync finished
D/PicasaSyncManager( 4193): reject PrefetchAlbumCover (****************************) because auto sync is off
D/PicasaSyncManager( 4193): reject PrefetchScreenNail (****************************) because auto sync is off
D/PicasaSyncService( 4193): start sync on ***********************
D/PicasaSyncManager( 4193): reject PrefetchAlbumCover (****************************) because auto sync is off
D/PicasaSyncManager( 4193): reject PrefetchScreenNail (****************************) because auto sync is off
D/PicasaSyncService( 4193): sync finished
D/PicasaSyncManager( 4193): reject PrefetchAlbumCover (****************************) because auto sync is off
D/PicasaSyncManager( 4193): reject PrefetchScreenNail (****************************) because auto sync is off
D/dalvikvm( 4193): GC_CONCURRENT freed 395K, 6% free 8280K/8716K, paused 1ms+2ms, total 18ms
W/ContentResolver( 2214): Failed to get type for: content://com.android.calendar/1393500115269 (Unknown URL content://com.android.calendar/1393500115269)
D/AlertReceiver( 2197): onReceive: a=android.intent.action.EVENT_REMINDER Intent { act=android.intent.action.EVENT_REMINDER dat=content://com.android.calendar/1393500115269 flg=0x14 cmp=com.google.android.calendar/com.android.calendar.alerts.AlertReceiver (has extras) }
D/AlertService( 2197): 1393500115269 Action = android.intent.action.EVENT_REMINDER
D/AlertService( 2197): Beginning updateAlertNotification
D/AlertService( 2197): alertCursor count:6
D/AlertService( 2197): alertCursor result: alarmTime:1393397400000 alertId:128 eventId:7677 state: 1 minutes:10 declined:false responded:false beginTime:1393398000000 endTime:1393412400000 allDay:false alarmTime:1393397400000 forceQuiet:false newAlertOverride: false
D/AlertService( 2197): alertCursor result: alarmTime:1393318200000 alertId:127 eventId:7689 state: 1 minutes:10 declined:false responded:false beginTime:1393318800000 endTime:1393322400000 allDay:false alarmTime:1393318200000 forceQuiet:false newAlertOverride: false
D/AlertService( 2197): alertCursor result: alarmTime:1393314600000 alertId:126 eventId:7684 state: 1 minutes:10 declined:false responded:false beginTime:1393315200000 endTime:1393326000000 allDay:false alarmTime:1393314600000 forceQuiet:false newAlertOverride: false
D/AlertService( 2197): alertCursor result: alarmTime:1393231800000 alertId:124 eventId:7630 state: 1 minutes:10 declined:false responded:false beginTime:1393232400000 endTime:1393236000000 allDay:false alarmTime:1393231800000 forceQuiet:false newAlertOverride: false
D/AlertService( 2197): alertCursor result: alarmTime:1393228200000 alertId:123 eventId:2989 state: 1 minutes:10 declined:false responded:false beginTime:1393228800000 endTime:1393232400000 allDay:false alarmTime:1393228200000 forceQuiet:false newAlertOverride: false
D/AlertService( 2197): alertCursor result: alarmTime:1393228200000 alertId:125 eventId:7678 state: 1 minutes:10 declined:false responded:false beginTime:1393228800000 endTime:1393232400000 allDay:false alarmTime:1393228200000 forceQuiet:false newAlertOverride: false
D/AlertService( 2197): Quietly posting digest alarm notification, numEvents:6, notificationId:0
D/AlertService( 2197): Canceling leftover notification IDs 1-20
D/hwcomposer(  122): hotplug_thread: processing control fd
I/hwcomposer(  122): hotplug: connected = 0
W/GAV2    ( 4274): Thread[Service Reconnect,5,main]: Service unavailable (code=1), using local store.
W/ActivityManager(  502): Unable to start service Intent { act=com.google.android.gms.analytics.service.START cmp=com.google.android.gms/.analytics.service.AnalyticsService (has extras) } U=0: not found
D/hwcomposer(  122): hotplug_thread: processing control fd
I/hwcomposer(  122): hotplug: connected = 0
D/hwcomposer(  122): hotplug_thread: processing control fd
I/hwcomposer(  122): hotplug: connected = 0
D/hwcomposer(  122): hotplug_thread: processing control fd
I/hwcomposer(  122): hotplug: connected = 0
D/hwcomposer(  122): hotplug_thread: processing control fd
I/hwcomposer(  122): hotplug: connected = 0
D/hwcomposer(  122): hotplug_thread: processing control fd
I/hwcomposer(  122): hotplug: connected = 0
D/hwcomposer(  122): hotplug_thread: processing control fd
I/hwcomposer(  122): hotplug: connected = 0
D/hwcomposer(  122): hotplug_thread: processing control fd
I/hwcomposer(  122): hotplug: connected = 0
D/hwcomposer(  122): hotplug_thread: processing control fd
I/hwcomposer(  122): hotplug: connected = 0
D/hwcomposer(  122): hotplug_thread: processing control fd
I/hwcomposer(  122): hotplug: connected = 0
D/hwcomposer(  122): hotplug_thread: processing control fd
I/hwcomposer(  122): hotplug: connected = 0
D/hwcomposer(  122): hotplug_thread: processing control fd
I/hwcomposer(  122): hotplug: connected = 0
D/hwcomposer(  122): hotplug_thread: processing control fd
I/hwcomposer(  122): hotplug: connected = 0
D/ConnectivityService(  502): Sampling interval elapsed, updating statistics ..
D/ConnectivityService(  502): Done.
D/ConnectivityService(  502): Setting timer for 720seconds
W/AppOps  (  502): Bad call: specified package com.google.android.googlequicksearchbox under uid 10017 but it is really 10052
V/BufferedAnalyticsState(14731): Not ready for upload, 29 seconds left.
D/dalvikvm( 5363): GC_CONCURRENT freed 487K, 11% free 9251K/10384K, paused 25ms+9ms, total 117ms
D/libgps  (  502): proxy_gps_inject_location()
D/hwcomposer(  122): hotplug_thread: processing control fd
I/hwcomposer(  122): hotplug: connected = 0
D/hwcomposer(  122): hotplug_thread: processing control fd
I/hwcomposer(  122): hotplug: connected = 0
D/hwcomposer(  122): hotplug_thread: processing control fd
I/hwcomposer(  122): hotplug: connected = 0
D/hwcomposer(  122): hotplug_thread: processing control fd
I/hwcomposer(  122): hotplug: connected = 0
I/CalendarProvider2( 2214): Sending notification intent: Intent { act=android.intent.action.PROVIDER_CHANGED dat=content://com.android.calendar }
W/ContentResolver( 2214): Failed to get type for: content://com.android.calendar (Unknown URL content://com.android.calendar)
D/AlertReceiver( 2197): onReceive: a=android.intent.action.PROVIDER_CHANGED Intent { act=android.intent.action.PROVIDER_CHANGED dat=content://com.android.calendar flg=0x10 cmp=com.google.android.calendar/com.android.calendar.alerts.AlertReceiver }
D/AlertService( 2197): 0 Action = android.intent.action.PROVIDER_CHANGED
D/dalvikvm( 2197): GC_CONCURRENT freed 412K, 7% free 8158K/8700K, paused 3ms+2ms, total 20ms
D/AlertService( 2197): Beginning updateAlertNotification
D/AlertService( 2197): alertCursor count:6
D/AlertService( 2197): alertCursor result: alarmTime:1393397400000 alertId:128 eventId:7677 state: 1 minutes:10 declined:false responded:false beginTime:1393398000000 endTime:1393412400000 allDay:false alarmTime:1393397400000 forceQuiet:false newAlertOverride: false
D/AlertService( 2197): alertCursor result: alarmTime:1393318200000 alertId:127 eventId:7689 state: 1 minutes:10 declined:false responded:false beginTime:1393318800000 endTime:1393322400000 allDay:false alarmTime:1393318200000 forceQuiet:false newAlertOverride: false
D/AlertService( 2197): alertCursor result: alarmTime:1393314600000 alertId:126 eventId:7684 state: 1 minutes:10 declined:false responded:false beginTime:1393315200000 endTime:1393326000000 allDay:false alarmTime:1393314600000 forceQuiet:false newAlertOverride: false
D/AlertService( 2197): alertCursor result: alarmTime:1393231800000 alertId:124 eventId:7630 state: 1 minutes:10 declined:false responded:false beginTime:1393232400000 endTime:1393236000000 allDay:false alarmTime:1393231800000 forceQuiet:false newAlertOverride: false
D/AlertService( 2197): alertCursor result: alarmTime:1393228200000 alertId:123 eventId:2989 state: 1 minutes:10 declined:false responded:false beginTime:1393228800000 endTime:1393232400000 allDay:false alarmTime:1393228200000 forceQuiet:false newAlertOverride: false
D/AlertService( 2197): alertCursor result: alarmTime:1393228200000 alertId:125 eventId:7678 state: 1 minutes:10 declined:false responded:false beginTime:1393228800000 endTime:1393232400000 allDay:false alarmTime:1393228200000 forceQuiet:false newAlertOverride: false
D/AlertService( 2197): Quietly posting digest alarm notification, numEvents:6, notificationId:0
D/AlertService( 2197): Canceling leftover notification IDs 1-20
D/hwcomposer(  122): hotplug_thread: processing control fd
I/hwcomposer(  122): hotplug: connected = 0
D/hwcomposer(  122): hotplug_thread: processing control fd
I/hwcomposer(  122): hotplug: connected = 0
D/hwcomposer(  122): hotplug_thread: processing control fd
I/hwcomposer(  122): hotplug: connected = 0
D/hwcomposer(  122): hotplug_thread: processing control fd
I/hwcomposer(  122): hotplug: connected = 0
D/hwcomposer(  122): hotplug_thread: processing control fd
I/hwcomposer(  122): hotplug: connected = 0
D/hwcomposer(  122): hotplug_thread: processing control fd
I/hwcomposer(  122): hotplug: connected = 0
D/hwcomposer(  122): hotplug_thread: processing control fd
I/hwcomposer(  122): hotplug: connected = 0
D/hwcomposer(  122): hotplug_thread: processing control fd
I/hwcomposer(  122): hotplug: connected = 0
D/hwcomposer(  122): hotplug_thread: processing control fd
I/hwcomposer(  122): hotplug: connected = 0
D/hwcomposer(  122): hotplug_thread: processing control fd
I/hwcomposer(  122): hotplug: connected = 0
D/hwcomposer(  122): hotplug_thread: processing control fd
I/hwcomposer(  122): hotplug: connected = 0
D/hwcomposer(  122): hotplug_thread: processing control fd
I/hwcomposer(  122): hotplug: connected = 0
D/hwcomposer(  122): hotplug_thread: processing control fd
I/hwcomposer(  122): hotplug: connected = 0
D/hwcomposer(  122): hotplug_thread: processing control fd
I/hwcomposer(  122): hotplug: connected = 0
D/hwcomposer(  122): hotplug_thread: processing control fd
I/hwcomposer(  122): hotplug: connected = 0
D/hwcomposer(  122): hotplug_thread: processing control fd
I/hwcomposer(  122): hotplug: connected = 0
D/hwcomposer(  122): hotplug_thread: processing control fd
I/hwcomposer(  122): hotplug: connected = 0
D/dalvikvm(  502): GC_EXPLICIT freed 2545K, 25% free 18448K/24372K, paused 7ms+11ms, total 187ms
D/dalvikvm(14731): GC_CONCURRENT freed 531K, 7% free 8828K/9416K, paused 5ms+4ms, total 82ms
D/dalvikvm(14731): WAIT_FOR_CONCURRENT_GC blocked 35ms
W/AppOps  (  502): Bad call: specified package com.google.android.googlequicksearchbox under uid 10017 but it is really 10052
D/libgps  (  502): proxy_gps_inject_location()
D/hwcomposer(  122): hotplug_thread: processing control fd
I/hwcomposer(  122): hotplug: connected = 0
D/hwcomposer(  122): hotplug_thread: processing control fd
I/hwcomposer(  122): hotplug: connected = 0
D/hwcomposer(  122): hotplug_thread: processing control fd
I/hwcomposer(  122): hotplug: connected = 0
D/hwcomposer(  122): hotplug_thread: processing control fd
I/hwcomposer(  122): hotplug: connected = 0
D/hwcomposer(  122): hotplug_thread: processing control fd
I/hwcomposer(  122): hotplug: connected = 0
D/hwcomposer(  122): hotplug_thread: processing control fd
I/hwcomposer(  122): hotplug: connected = 0
D/hwcomposer(  122): hotplug_thread: processing control fd
I/hwcomposer(  122): hotplug: connected = 0
D/hwcomposer(  122): hotplug_thread: processing control fd
I/hwcomposer(  122): hotplug: connected = 0
D/hwcomposer(  122): hotplug_thread: processing control fd
I/hwcomposer(  122): hotplug: connected = 0
D/hwcomposer(  122): hotplug_thread: processing control fd
I/hwcomposer(  122): hotplug: connected = 0
D/hwcomposer(  122): hotplug_thread: processing control fd
I/hwcomposer(  122): hotplug: connected = 0
D/hwcomposer(  122): hotplug_thread: processing control fd
I/hwcomposer(  122): hotplug: connected = 0
D/hwcomposer(  122): hotplug_thread: processing control fd
I/hwcomposer(  122): hotplug: connected = 0
D/hwcomposer(  122): hotplug_thread: processing control fd
I/hwcomposer(  122): hotplug: connected = 0
D/hwcomposer(  122): hotplug_thread: processing control fd
I/hwcomposer(  122): hotplug: connected = 0
D/hwcomposer(  122): hotplug_thread: processing control fd
I/hwcomposer(  122): hotplug: connected = 0
D/ConnectivityService(  502): Sampling interval elapsed, updating statistics ..
D/ConnectivityService(  502): Done.
D/ConnectivityService(  502): Setting timer for 720seconds
I/EventLogService(14638): Aggregate from 1393498801502 (log), 1393498801502 (data)
I/ServiceDumpSys(14638): dumping service [account]
D/GCM     (14638): Message class hwb
D/ConnectivityService(  502): handleInetConditionHoldEnd: net=1, condition=100, published condition=100
W/AppOps  (  502): Bad call: specified package com.google.android.googlequicksearchbox under uid 10017 but it is really 10052
V/BufferedAnalyticsState(14731): Not ready for upload, 203 seconds left.
D/dalvikvm(14731): GC_CONCURRENT freed 404K, 7% free 8812K/9416K, paused 2ms+8ms, total 64ms
D/libgps  (  502): proxy_gps_inject_location()
D/hwcomposer(  122): hotplug_thread: processing control fd
I/hwcomposer(  122): hotplug: connected = 0
D/hwcomposer(  122): hotplug_thread: processing control fd
I/hwcomposer(  122): hotplug: connected = 0
D/hwcomposer(  122): hotplug_thread: processing control fd
I/hwcomposer(  122): hotplug: connected = 0
D/hwcomposer(  122): hotplug_thread: processing control fd
I/hwcomposer(  122): hotplug: connected = 0
D/hwcomposer(  122): hotplug_thread: processing control fd
I/hwcomposer(  122): hotplug: connected = 0
D/hwcomposer(  122): hotplug_thread: processing control fd
I/hwcomposer(  122): hotplug: connected = 0
D/hwcomposer(  122): hotplug_thread: processing control fd
I/hwcomposer(  122): hotplug: connected = 0
D/hwcomposer(  122): hotplug_thread: processing control fd
I/hwcomposer(  122): hotplug: connected = 0
D/hwcomposer(  122): hotplug_thread: processing control fd
I/hwcomposer(  122): hotplug: connected = 0
D/hwcomposer(  122): hotplug_thread: processing control fd
I/hwcomposer(  122): hotplug: connected = 0
D/hwcomposer(  122): hotplug_thread: processing control fd
I/hwcomposer(  122): hotplug: connected = 0
D/hwcomposer(  122): hotplug_thread: processing control fd
I/hwcomposer(  122): hotplug: connected = 0
D/hwcomposer(  122): hotplug_thread: processing control fd
I/hwcomposer(  122): hotplug: connected = 0
D/hwcomposer(  122): hotplug_thread: processing control fd
I/hwcomposer(  122): hotplug: connected = 0
W/AppOps  (  502): Bad call: specified package com.google.android.googlequicksearchbox under uid 10017 but it is really 10052
D/libgps  (  502): proxy_gps_inject_location()
D/hwcomposer(  122): hotplug_thread: processing control fd
I/hwcomposer(  122): hotplug: connected = 0
D/hwcomposer(  122): hotplug_thread: processing control fd
I/hwcomposer(  122): hotplug: connected = 0
D/hwcomposer(  122): hotplug_thread: processing control fd
I/hwcomposer(  122): hotplug: connected = 0
D/hwcomposer(  122): hotplug_thread: processing control fd
I/hwcomposer(  122): hotplug: connected = 0
D/hwcomposer(  122): hotplug_thread: processing control fd
I/hwcomposer(  122): hotplug: connected = 0
D/hwcomposer(  122): hotplug_thread: processing control fd
I/hwcomposer(  122): hotplug: connected = 0
D/dalvikvm(21013): GC_CONCURRENT freed 384K, 6% free 7735K/8160K, paused 3ms+2ms, total 45ms
D/hwcomposer(  122): hotplug_thread: processing control fd
I/hwcomposer(  122): hotplug: connected = 0
D/hwcomposer(  122): hotplug_thread: processing control fd
I/hwcomposer(  122): hotplug: connected = 0
D/hwcomposer(  122): hotplug_thread: processing control fd
I/hwcomposer(  122): hotplug: connected = 0
D/hwcomposer(  122): hotplug_thread: processing control fd
I/hwcomposer(  122): hotplug: connected = 0
D/hwcomposer(  122): hotplug_thread: processing control fd
I/hwcomposer(  122): hotplug: connected = 0
D/hwcomposer(  122): hotplug_thread: processing control fd
I/hwcomposer(  122): hotplug: connected = 0
D/hwcomposer(  122): hotplug_thread: processing control fd
I/hwcomposer(  122): hotplug: connected = 0
D/ConnectivityService(  502): Sampling interval elapsed, updating statistics ..
D/ConnectivityService(  502): Done.
D/ConnectivityService(  502): Setting timer for 720seconds
W/AppOps  (  502): Bad call: specified package com.google.android.googlequicksearchbox under uid 10017 but it is really 10052
D/dalvikvm(14731): GC_CONCURRENT freed 502K, 7% free 8822K/9416K, paused 4ms+4ms, total 88ms
D/dalvikvm(14731): WAIT_FOR_CONCURRENT_GC blocked 39ms
D/dalvikvm(14731): WAIT_FOR_CONCURRENT_GC blocked 17ms
D/dalvikvm(14731): WAIT_FOR_CONCURRENT_GC blocked 37ms
V/BufferedAnalyticsState(14731): Not ready for upload, 165 seconds left.
D/libgps  (  502): proxy_gps_inject_location()
D/hwcomposer(  122): hotplug_thread: processing control fd
I/hwcomposer(  122): hotplug: connected = 0
D/hwcomposer(  122): hotplug_thread: processing control fd
I/hwcomposer(  122): hotplug: connected = 0
D/hwcomposer(  122): hotplug_thread: processing control fd
I/hwcomposer(  122): hotplug: connected = 0
D/hwcomposer(  122): hotplug_thread: processing control fd
I/hwcomposer(  122): hotplug: connected = 0
D/hwcomposer(  122): hotplug_thread: processing control fd
I/hwcomposer(  122): hotplug: connected = 0
D/hwcomposer(  122): hotplug_thread: processing control fd
I/hwcomposer(  122): hotplug: connected = 0
D/hwcomposer(  122): hotplug_thread: processing control fd
I/hwcomposer(  122): hotplug: connected = 0
D/hwcomposer(  122): hotplug_thread: processing control fd
I/hwcomposer(  122): hotplug: connected = 0
D/hwcomposer(  122): hotplug_thread: processing control fd
I/hwcomposer(  122): hotplug: connected = 0
D/GCM     (14638): Message class hwb
D/ConnectivityService(  502): handleInetConditionHoldEnd: net=1, condition=100, published condition=100
W/AppOps  (  502): Bad call: specified package com.google.android.googlequicksearchbox under uid 10017 but it is really 10052
D/libgps  (  502): proxy_gps_inject_location()
D/dalvikvm( 5363): GC_CONCURRENT freed 485K, 11% free 9270K/10384K, paused 7ms+4ms, total 49ms
D/hwcomposer(  122): hotplug_thread: processing control fd
I/hwcomposer(  122): hotplug: connected = 0
D/hwcomposer(  122): hotplug_thread: processing control fd
I/hwcomposer(  122): hotplug: connected = 0
D/dalvikvm(  597): GC_CONCURRENT freed 1170K, 49% free 11131K/21428K, paused 2ms+7ms, total 80ms
D/hwcomposer(  122): hotplug_thread: processing control fd
I/hwcomposer(  122): hotplug: connected = 0
D/hwcomposer(  122): hotplug_thread: processing control fd
I/hwcomposer(  122): hotplug: connected = 0
D/hwcomposer(  122): hotplug_thread: processing control fd
I/hwcomposer(  122): hotplug: connected = 0
D/hwcomposer(  122): hotplug_thread: processing control fd
I/hwcomposer(  122): hotplug: connected = 0
D/hwcomposer(  122): hotplug_thread: processing control fd
I/hwcomposer(  122): hotplug: connected = 0
D/hwcomposer(  122): hotplug_thread: processing control fd
I/hwcomposer(  122): hotplug: connected = 0
D/hwcomposer(  122): hotplug_thread: processing control fd
I/hwcomposer(  122): hotplug: connected = 0
D/hwcomposer(  122): hotplug_thread: processing control fd
I/hwcomposer(  122): hotplug: connected = 0
D/hwcomposer(  122): hotplug_thread: processing control fd
I/hwcomposer(  122): hotplug: connected = 0
D/hwcomposer(  122): hotplug_thread: processing control fd
I/hwcomposer(  122): hotplug: connected = 0
D/hwcomposer(  122): hotplug_thread: processing control fd
I/hwcomposer(  122): hotplug: connected = 0
D/hwcomposer(  122): hotplug_thread: processing control fd
I/hwcomposer(  122): hotplug: connected = 0
D/dalvikvm(14731): GC_CONCURRENT freed 508K, 7% free 8826K/9416K, paused 5ms+4ms, total 51ms
D/dalvikvm(14731): WAIT_FOR_CONCURRENT_GC blocked 31ms
W/AppOps  (  502): Bad call: specified package com.google.android.googlequicksearchbox under uid 10017 but it is really 10052
V/BufferedAnalyticsState(14731): Not ready for upload, 201 seconds left.
D/libgps  (  502): proxy_gps_inject_location()
D/hwcomposer(  122): hotplug_thread: processing control fd
I/hwcomposer(  122): hotplug: connected = 0
D/ConnectivityService(  502): Sampling interval elapsed, updating statistics ..
D/ConnectivityService(  502): Done.
D/ConnectivityService(  502): Setting timer for 720seconds
D/hwcomposer(  122): hotplug_thread: processing control fd
I/hwcomposer(  122): hotplug: connected = 0
D/hwcomposer(  122): hotplug_thread: processing control fd
I/hwcomposer(  122): hotplug: connected = 0
D/hwcomposer(  122): hotplug_thread: processing control fd
I/hwcomposer(  122): hotplug: connected = 0
D/hwcomposer(  122): hotplug_thread: processing control fd
I/hwcomposer(  122): hotplug: connected = 0
I/GCM     (14638): GCM message GSYNC_TICKLE 0:1393502508300281%0#e7a71353318775ed
I/SubscribedFeeds(14638): Received message
I/Gmail   ( 1977): MainSyncRequestProto: lowestBkwdConvoId: 0, highestHandledServerOp: 1667408, normalSync: true
E/Gmail.LabelManager( 1977): Unable to get label ^i for account marcel.bloemendaal@gmail.com
E/Gmail   ( 1977): Couldn't find label: ^i
W/GLSUser (14638): GoogleAccountDataService.getToken()
D/dalvikvm( 1977): GC_CONCURRENT freed 396K, 7% free 9010K/9664K, paused 4ms+9ms, total 52ms
D/ConnectivityService(  502): handleInetConditionHoldEnd: net=1, condition=100, published condition=100
D/dalvikvm( 1977): GC_CONCURRENT freed 494K, 8% free 8954K/9664K, paused 4ms+11ms, total 52ms
D/dalvikvm( 1977): GC_CONCURRENT freed 508K, 9% free 8878K/9664K, paused 4ms+5ms, total 53ms
D/dalvikvm( 1977): GC_EXPLICIT freed 41K, 8% free 8938K/9664K, paused 3ms+5ms, total 47ms
I/Gmail   ( 1977): MainSyncRequestProto: lowestBkwdConvoId: 0, highestHandledServerOp: 1667489, normalSync: true
I/Gmail   ( 1977): lowestBackward conversation id 0
I/Gmail   ( 1977): Sending provider changed intent: Intent { act=android.intent.action.PROVIDER_CHANGED dat=content://gmail-ls/unread/^iim (has extras) }
I/Gmail   ( 1977): Sending provider changed intent: Intent { act=android.intent.action.PROVIDER_CHANGED dat=content://gmail-ls/unread/^i (has extras) }
I/NotifUtils( 1977): Validating Notification, mapSize: 1 getAttention: false ignoreUnobtrusive: false
I/NotifUtils( 1977): validateNotifications - cancelling account -40536293 / folder 3019
D/dalvikvm( 1977): GC_CONCURRENT freed 342K, 7% free 8995K/9664K, paused 4ms+5ms, total 46ms
E/Gmail.LabelManager( 1977): Unable to get label ^i for account marcel.bloemendaal@gmail.com
E/Gmail   ( 1977): Couldn't find label: ^i
I/Icing   (14818): Indexing 1B513B402EAC20090318BA903EEFD9CD826F7846 from com.google.android.gm
I/Icing   (14818): Indexing done 1B513B402EAC20090318BA903EEFD9CD826F7846
D/dalvikvm(14818): GC_CONCURRENT freed 400K, 7% free 8767K/9328K, paused 4ms+2ms, total 37ms
D/hwcomposer(  122): hotplug_thread: processing control fd
I/hwcomposer(  122): hotplug: connected = 0
D/hwcomposer(  122): hotplug_thread: processing control fd
I/hwcomposer(  122): hotplug: connected = 0
D/hwcomposer(  122): hotplug_thread: processing control fd
I/hwcomposer(  122): hotplug: connected = 0
D/hwcomposer(  122): hotplug_thread: processing control fd
I/hwcomposer(  122): hotplug: connected = 0
D/hwcomposer(  122): hotplug_thread: processing control fd
I/hwcomposer(  122): hotplug: connected = 0
D/hwcomposer(  122): hotplug_thread: processing control fd
I/hwcomposer(  122): hotplug: connected = 0
D/hwcomposer(  122): hotplug_thread: processing control fd
I/hwcomposer(  122): hotplug: connected = 0
D/hwcomposer(  122): hotplug_thread: processing control fd
I/hwcomposer(  122): hotplug: connected = 0
D/hwcomposer(  122): hotplug_thread: processing control fd
I/hwcomposer(  122): hotplug: connected = 0
D/hwcomposer(  122): hotplug_thread: processing control fd
I/hwcomposer(  122): hotplug: connected = 0
D/hwcomposer(  122): hotplug_thread: processing control fd
I/hwcomposer(  122): hotplug: connected = 0
D/hwcomposer(  122): hotplug_thread: processing control fd
I/hwcomposer(  122): hotplug: connected = 0
D/hwcomposer(  122): hotplug_thread: processing control fd
I/hwcomposer(  122): hotplug: connected = 0
D/hwcomposer(  122): hotplug_thread: processing control fd
I/hwcomposer(  122): hotplug: connected = 0
D/hwcomposer(  122): hotplug_thread: processing control fd
I/hwcomposer(  122): hotplug: connected = 0
D/hwcomposer(  122): hotplug_thread: processing control fd
I/hwcomposer(  122): hotplug: connected = 0
D/hwcomposer(  122): hotplug_thread: processing control fd
I/hwcomposer(  122): hotplug: connected = 0
I/EventLogService(14638): Aggregate from 1393500997149 (log), 1393500997149 (data)
I/ServiceDumpSys(14638): dumping service [account]
W/AppOps  (  502): Bad call: specified package com.google.android.googlequicksearchbox under uid 10017 but it is really 10052
D/libgps  (  502): proxy_gps_inject_location()
D/hwcomposer(  122): hotplug_thread: processing control fd
I/hwcomposer(  122): hotplug: connected = 0
I/wpa_supplicant(  596): wlan0: WPA: Group rekeying completed with 10:9a:dd:82:f9:ff [GTK=CCMP]
I/wpa_supplicant(  596): wlan0: WPA: Group rekeying completed with 10:9a:dd:82:f9:ff [GTK=CCMP]
I/wpa_supplicant(  596): wlan0: WPA: Group rekeying completed with 10:9a:dd:82:f9:ff [GTK=CCMP]
D/hwcomposer(  122): hotplug_thread: processing control fd
I/hwcomposer(  122): hotplug: connected = 0
I/wpa_supplicant(  596): wlan0: WPA: Group rekeying completed with 10:9a:dd:82:f9:ff [GTK=CCMP]
D/hwcomposer(  122): hotplug_thread: processing control fd
I/hwcomposer(  122): hotplug: connected = 0
D/hwcomposer(  122): hotplug_thread: processing control fd
I/hwcomposer(  122): hotplug: connected = 0
D/hwcomposer(  122): hotplug_thread: processing control fd
I/hwcomposer(  122): hotplug: connected = 0
D/hwcomposer(  122): hotplug_thread: processing control fd
I/hwcomposer(  122): hotplug: connected = 0
D/hwcomposer(  122): hotplug_thread: processing control fd
I/hwcomposer(  122): hotplug: connected = 0
D/hwcomposer(  122): hotplug_thread: processing control fd
I/hwcomposer(  122): hotplug: connected = 0
D/hwcomposer(  122): hotplug_thread: processing control fd
I/hwcomposer(  122): hotplug: connected = 0
D/hwcomposer(  122): hotplug_thread: processing control fd
I/hwcomposer(  122): hotplug: connected = 0
D/hwcomposer(  122): hotplug_thread: processing control fd
I/hwcomposer(  122): hotplug: connected = 0
D/hwcomposer(  122): hotplug_thread: processing control fd
I/hwcomposer(  122): hotplug: connected = 0
D/hwcomposer(  122): hotplug_thread: processing control fd
I/hwcomposer(  122): hotplug: connected = 0
D/hwcomposer(  122): hotplug_thread: processing control fd
I/hwcomposer(  122): hotplug: connected = 0
D/hwcomposer(  122): hotplug_thread: processing control fd
I/hwcomposer(  122): hotplug: connected = 0
D/hwcomposer(  122): hotplug_thread: processing control fd
I/hwcomposer(  122): hotplug: connected = 0
D/hwcomposer(  122): hotplug_thread: processing control fd
I/hwcomposer(  122): hotplug: connected = 0
D/hwcomposer(  122): hotplug_thread: processing control fd
I/hwcomposer(  122): hotplug: connected = 0
V/BufferedAnalyticsState(14731): Not ready for upload, 316 seconds left.
D/dalvikvm(14731): GC_CONCURRENT freed 508K, 7% free 8830K/9416K, paused 4ms+5ms, total 64ms
D/dalvikvm(14731): WAIT_FOR_CONCURRENT_GC blocked 39ms
W/AppOps  (  502): Bad call: specified package com.google.android.googlequicksearchbox under uid 10017 but it is really 10052
V/BufferedAnalyticsState(14731): Not ready for upload, 314 seconds left.
D/libgps  (  502): proxy_gps_inject_location()
D/hwcomposer(  122): hotplug_thread: processing control fd
I/hwcomposer(  122): hotplug: connected = 0
D/hwcomposer(  122): hotplug_thread: processing control fd
I/hwcomposer(  122): hotplug: connected = 0
D/ConnectivityService(  502): Sampling interval elapsed, updating statistics ..
D/hwcomposer(  122): hotplug_thread: processing control fd
I/hwcomposer(  122): hotplug: connected = 0
D/ConnectivityService(  502): Done.
D/ConnectivityService(  502): Setting timer for 720seconds
D/hwcomposer(  122): hotplug_thread: processing control fd
I/hwcomposer(  122): hotplug: connected = 0
D/hwcomposer(  122): hotplug_thread: processing control fd
I/hwcomposer(  122): hotplug: connected = 0
D/hwcomposer(  122): hotplug_thread: processing control fd
I/hwcomposer(  122): hotplug: connected = 0
D/hwcomposer(  122): hotplug_thread: processing control fd
I/hwcomposer(  122): hotplug: connected = 0
D/hwcomposer(  122): hotplug_thread: processing control fd
I/hwcomposer(  122): hotplug: connected = 0
D/hwcomposer(  122): hotplug_thread: processing control fd
I/hwcomposer(  122): hotplug: connected = 0
D/hwcomposer(  122): hotplug_thread: processing control fd
I/hwcomposer(  122): hotplug: connected = 0
D/hwcomposer(  122): hotplug_thread: processing control fd
I/hwcomposer(  122): hotplug: connected = 0
D/hwcomposer(  122): hotplug_thread: processing control fd
I/hwcomposer(  122): hotplug: connected = 0
D/hwcomposer(  122): hotplug_thread: processing control fd
I/hwcomposer(  122): hotplug: connected = 0
D/hwcomposer(  122): hotplug_thread: processing control fd
I/hwcomposer(  122): hotplug: connected = 0
D/hwcomposer(  122): hotplug_thread: processing control fd
I/hwcomposer(  122): hotplug: connected = 0
D/GCM     (14638): Message class hwb
D/ConnectivityService(  502): handleInetConditionHoldEnd: net=1, condition=100, published condition=100
I/hlf     (14731): Not returning location for the following outliers: [255365645186093]
W/AppOps  (  502): Bad call: specified package com.google.android.googlequicksearchbox under uid 10017 but it is really 10052
D/dalvikvm(  502): GC_EXPLICIT freed 2060K, 25% free 18355K/24372K, paused 5ms+25ms, total 210ms
D/libgps  (  502): proxy_gps_inject_location()
D/hwcomposer(  122): hotplug_thread: processing control fd
I/hwcomposer(  122): hotplug: connected = 0
D/hwcomposer(  122): hotplug_thread: processing control fd
I/hwcomposer(  122): hotplug: connected = 0
D/hwcomposer(  122): hotplug_thread: processing control fd
I/hwcomposer(  122): hotplug: connected = 0
D/hwcomposer(  122): hotplug_thread: processing control fd
I/hwcomposer(  122): hotplug: connected = 0
D/hwcomposer(  122): hotplug_thread: processing control fd
I/hwcomposer(  122): hotplug: connected = 0
D/hwcomposer(  122): hotplug_thread: processing control fd
I/hwcomposer(  122): hotplug: connected = 0
D/hwcomposer(  122): hotplug_thread: processing control fd
I/hwcomposer(  122): hotplug: connected = 0
D/dalvikvm(14731): GC_CONCURRENT freed 506K, 7% free 8835K/9416K, paused 4ms+8ms, total 73ms
D/dalvikvm(14731): WAIT_FOR_CONCURRENT_GC blocked 32ms
W/AppOps  (  502): Bad call: specified package com.google.android.googlequicksearchbox under uid 10017 but it is really 10052
V/BufferedAnalyticsState(14731): Not ready for upload, 314 seconds left.
D/libgps  (  502): proxy_gps_inject_location()
D/hwcomposer(  122): hotplug_thread: processing control fd
I/hwcomposer(  122): hotplug: connected = 0
D/hwcomposer(  122): hotplug_thread: processing control fd
I/hwcomposer(  122): hotplug: connected = 0
D/hwcomposer(  122): hotplug_thread: processing control fd
I/hwcomposer(  122): hotplug: connected = 0
D/hwcomposer(  122): hotplug_thread: processing control fd
I/hwcomposer(  122): hotplug: connected = 0
D/hwcomposer(  122): hotplug_thread: processing control fd
I/hwcomposer(  122): hotplug: connected = 0
D/ConnectivityService(  502): Sampling interval elapsed, updating statistics ..
D/ConnectivityService(  502): Done.
D/ConnectivityService(  502): Setting timer for 720seconds
D/hwcomposer(  122): hotplug_thread: processing control fd
I/hwcomposer(  122): hotplug: connected = 0
D/hwcomposer(  122): hotplug_thread: processing control fd
I/hwcomposer(  122): hotplug: connected = 0
D/hwcomposer(  122): hotplug_thread: processing control fd
I/hwcomposer(  122): hotplug: connected = 0
D/hwcomposer(  122): hotplug_thread: processing control fd
I/hwcomposer(  122): hotplug: connected = 0
D/hwcomposer(  122): hotplug_thread: processing control fd
I/hwcomposer(  122): hotplug: connected = 0
D/hwcomposer(  122): hotplug_thread: processing control fd
I/hwcomposer(  122): hotplug: connected = 0
D/hwcomposer(  122): hotplug_thread: processing control fd
I/hwcomposer(  122): hotplug: connected = 0
D/hwcomposer(  122): hotplug_thread: processing control fd
I/hwcomposer(  122): hotplug: connected = 0
D/hwcomposer(  122): hotplug_thread: processing control fd
I/hwcomposer(  122): hotplug: connected = 0
I/PowerManagerService(  502): Waking up from sleep...
I/ActivityManager(  502): Start proc com.google.android.youtube for broadcast com.google.android.youtube/com.google.android.apps.youtube.app.prefetch.PrefetchService$DeviceStateReceiver: pid=4840 uid=10058 gids={50058, 3003, 1028, 1015}
D/PicasaSyncManager( 4193): battery info: true
V/KeyguardServiceDelegate(  502): onScreenTurnedOn(showListener = com.android.internal.policy.impl.PhoneWindowManager$17@4235f8b8)
D/UsbDebuggingManager(  502): Received public key: QAAAALnNg6531x1pTs9dX7cDcA4NuqqyOsxsrKnOumPyIFis2aTdRMfSLcq/0eurrfVtqHlgwEZ94y+lnQUMkGoS5ZUEYJLF/H203zYXMLvecwN0WWqZjTlNMtqtrP79cKUa6MnR2nU5RwL8QOleHGKfVGdnnjyuuhCsdXtZA1yJ1BopEB3ULkDujLjEwxCZ7c1sghzK/m2GQ7o6Yd51ZPVJMGBTkYxkNxL/5gJOlSS0LR3Qkdkiwh6OYgpraoy112uxthbDEWe9SfFfOTgpzp3vmp0NUoUYX+WeL8rC/gW7Gh+lixlDJZX8cd/LhgRMJKAJK3Nytacq8lxK0HV5yDqbMtyuZn3JK3EuUk511SkR3OtHPGT9mh0jmRaX5vJhgL7taeyNcwXY5jPnKgcVqgAk2/jG2jr+cyxs/M76nXYm4L/CP+57qxeiGAKIQoCVtDxDOtiO6P7iHnTDkg3QpIfxAoBpb6PErzhjg6ybd85SmZbmQ+VjXJLVLHx+AlrX6C6Fg8EUdXyhfq5sQUCOAiLn17YGdK3jCectQ/agIOSgX13tuO22xmodo9W0T5NkV3zhjmHyB29yMGkh39OFjlXg02UyB+x7Db+BqpJrRDS4OKOvL4g0XBTXSfir8wNxy8IoDPToMUNN9eVmKFsDAe4Gm2NAn4sgMAL0+BN4i4SQnnn9wuoMVAEAAQA= Tim@Tims-MacBook-Pro.local
I/EntropyMixer(  502): Writing entropy...
I/InputReader(  502): Reconfiguring input devices.  changes=0x00000004
I/InputReader(  502): Device reconfigured: id=2, name='elan-touchscreen', size 800x1280, orientation 3, mode 1, display id 0
W/ContextImpl(  502): Calling a method in the system process without a qualified user: android.app.ContextImpl.startActivity:1020 com.android.server.usb.UsbDebuggingManager.showConfirmationDialog:255 com.android.server.usb.UsbDebuggingManager.access$900:45 com.android.server.usb.UsbDebuggingManager$UsbDebuggingHandler.handleMessage:211 android.os.Handler.dispatchMessage:102 
W/ContextImpl(  502): Calling a method in the system process without a qualified user: android.app.ContextImpl.startActivity:1032 android.app.ContextImpl.startActivity:1021 com.android.server.usb.UsbDebuggingManager.showConfirmationDialog:255 com.android.server.usb.UsbDebuggingManager.access$900:45 com.android.server.usb.UsbDebuggingManager$UsbDebuggingHandler.handleMessage:211 
I/ActivityManager(  502): START u0 {flg=0x10000000 cmp=com.android.systemui/.usb.UsbDebuggingActivity (has extras)} from pid 502
D/PowerManagerService-JNI(  502): Excessive delay in autosuspend_disable() while turning screen on: 431ms
V/KeyguardServiceDelegate(  502): **** SHOWN CALLED ****
I/WindowManager(  502): Lock screen displayed!
I/UsageStats(  502): Deleting usage file : usage-20140219
D/SurfaceFlinger(  122): Screen acquired, type=0 flinger=0x41c60450
D/hwcomposer(  122): hwc_blank: display 0: unblank
D/hwcomposer(  122): hwc_blank_display: display 0: [1 -> 0]
D/hwcomposer(  122): Display 0 is 800 x 1280
D/hwcomposer(  122): dc_blank: display 0, [1 -> 0]
D/LightsService(  502): Excessive delay setting light: 55ms
D/YouTube ( 4840): apps.youtube.core.utils.bh.a:41 HttpClient.UserAgent: com.google.android.youtube/5.3.32(Linux; U; Android 4.4.2; en_US; Nexus 7 Build/KOT49H)
D/PicasaSyncManager( 4193): reject PrefetchAlbumCover (****************************) because auto sync is off
D/PicasaSyncManager( 4193): reject PrefetchScreenNail (****************************) because auto sync is off
D/dalvikvm( 4840): GC_CONCURRENT freed 238K, 4% free 7847K/8124K, paused 10ms+33ms, total 87ms
I/ActivityManager(  502): Displayed com.android.systemui/.usb.UsbDebuggingActivity: +425ms (total +478ms)
D/YouTube ( 4840): apps.youtube.core.utils.bh.a:41 HttpClient.UserAgent: com.google.android.youtube/5.3.32(Linux; U; Android 4.4.2; en_US; Nexus 7 Build/KOT49H)
D/dalvikvm( 4840): GC_CONCURRENT freed 323K, 5% free 7974K/8332K, paused 5ms+2ms, total 31ms
D/YouTube ( 4840): apps.youtube.core.client.y.a:114 event [version=5.3.32-s2000, action=Startup, label=NORMAL_STARTUP, value=-1]
D/YouTube ( 4840): apps.youtube.core.cache.f.run:163 Cache is below limit, no need to shrink: [size=0, limit=20971520]
D/dalvikvm(  597): GC_FOR_ALLOC freed 964K, 49% free 11074K/21428K, paused 33ms, total 33ms
I/dalvikvm-heap(  597): Grow heap (frag case) to 17.714MB for 7198736-byte allocation
D/dalvikvm( 4840): DexOpt: --- BEGIN 'ads-1827827321.jar' (bootstrap=0) ---
D/dalvikvm( 4840): GC_CONCURRENT freed 299K, 4% free 8156K/8492K, paused 2ms+3ms, total 37ms
D/dalvikvm(  597): GC_FOR_ALLOC freed 83K, 16% free 18021K/21428K, paused 41ms, total 41ms
